ARM GAS  C:\Users\ncer\AppData\Local\Temp\ccYn5KWy.s 			page 1


   1              		.cpu cortex-m4
   2              		.eabi_attribute 27, 1
   3              		.eabi_attribute 28, 1
   4              		.eabi_attribute 20, 1
   5              		.eabi_attribute 21, 1
   6              		.eabi_attribute 23, 3
   7              		.eabi_attribute 24, 1
   8              		.eabi_attribute 25, 1
   9              		.eabi_attribute 26, 1
  10              		.eabi_attribute 30, 1
  11              		.eabi_attribute 34, 1
  12              		.eabi_attribute 18, 4
  13              		.file	"debug_utils.c"
  14              		.text
  15              	.Ltext0:
  16              		.cfi_sections	.debug_frame
  17              		.section	.text.send_debug_wave,"ax",%progbits
  18              		.align	1
  19              		.global	send_debug_wave
  20              		.arch armv7e-m
  21              		.syntax unified
  22              		.thumb
  23              		.thumb_func
  24              		.fpu fpv4-sp-d16
  26              	send_debug_wave:
  27              	.LVL0:
  28              	.LFB133:
  29              		.file 1 "mylib/debug_utils.c"
   1:mylib/debug_utils.c **** #include "debug_utils.h"
   2:mylib/debug_utils.c **** #include "uart_ext.h"
   3:mylib/debug_utils.c **** 
   4:mylib/debug_utils.c **** uint8_t Wave_ID=99;
   5:mylib/debug_utils.c **** uint8_t Wave_Flag=0;
   6:mylib/debug_utils.c **** 
   7:mylib/debug_utils.c **** void send_debug_wave(Wave_Group * wg){
  30              		.loc 1 7 38 view -0
  31              		.cfi_startproc
  32              		@ args = 0, pretend = 0, frame = 0
  33              		@ frame_needed = 0, uses_anonymous_args = 0
  34              		.loc 1 7 38 is_stmt 0 view .LVU1
  35 0000 08B5     		push	{r3, lr}
  36              	.LCFI0:
  37              		.cfi_def_cfa_offset 8
  38              		.cfi_offset 3, -8
  39              		.cfi_offset 14, -4
   8:mylib/debug_utils.c ****     if(Wave_Flag&&Wave_ID==wg->wave_id)
  40              		.loc 1 8 5 is_stmt 1 view .LVU2
  41              		.loc 1 8 8 is_stmt 0 view .LVU3
  42 0002 0C4B     		ldr	r3, .L5
  43 0004 1B78     		ldrb	r3, [r3]	@ zero_extendqisi2
  44              		.loc 1 8 7 view .LVU4
  45 0006 23B1     		cbz	r3, .L1
  46              		.loc 1 8 30 discriminator 1 view .LVU5
  47 0008 0278     		ldrb	r2, [r0]	@ zero_extendqisi2
  48              		.loc 1 8 26 discriminator 1 view .LVU6
  49 000a 0B4B     		ldr	r3, .L5+4
  50 000c 1B78     		ldrb	r3, [r3]	@ zero_extendqisi2
ARM GAS  C:\Users\ncer\AppData\Local\Temp\ccYn5KWy.s 			page 2


  51              		.loc 1 8 17 discriminator 1 view .LVU7
  52 000e 9A42     		cmp	r2, r3
  53 0010 00D0     		beq	.L4
  54              	.LVL1:
  55              	.L1:
   9:mylib/debug_utils.c ****         send_wave(*wg->ch1,*wg->ch2,*wg->ch3,*wg->ch4);
  10:mylib/debug_utils.c **** }...
  56              		.loc 1 10 1 view .LVU8
  57 0012 08BD     		pop	{r3, pc}
  58              	.LVL2:
  59              	.L4:
   9:mylib/debug_utils.c ****         send_wave(*wg->ch1,*wg->ch2,*wg->ch3,*wg->ch4);
  60              		.loc 1 9 9 is_stmt 1 view .LVU9
   9:mylib/debug_utils.c ****         send_wave(*wg->ch1,*wg->ch2,*wg->ch3,*wg->ch4);
  61              		.loc 1 9 22 is_stmt 0 view .LVU10
  62 0014 4368     		ldr	r3, [r0, #4]
   9:mylib/debug_utils.c ****         send_wave(*wg->ch1,*wg->ch2,*wg->ch3,*wg->ch4);
  63              		.loc 1 9 31 view .LVU11
  64 0016 8268     		ldr	r2, [r0, #8]
   9:mylib/debug_utils.c ****         send_wave(*wg->ch1,*wg->ch2,*wg->ch3,*wg->ch4);
  65              		.loc 1 9 40 view .LVU12
  66 0018 C168     		ldr	r1, [r0, #12]
   9:mylib/debug_utils.c ****         send_wave(*wg->ch1,*wg->ch2,*wg->ch3,*wg->ch4);
  67              		.loc 1 9 49 view .LVU13
  68 001a 0069     		ldr	r0, [r0, #16]
  69              	.LVL3:
   9:mylib/debug_utils.c ****         send_wave(*wg->ch1,*wg->ch2,*wg->ch3,*wg->ch4);
  70              		.loc 1 9 9 view .LVU14
  71 001c D0ED001A 		vldr.32	s3, [r0]
  72 0020 91ED001A 		vldr.32	s2, [r1]
  73 0024 D2ED000A 		vldr.32	s1, [r2]
  74 0028 93ED000A 		vldr.32	s0, [r3]
  75 002c FFF7FEFF 		bl	send_wave
  76              	.LVL4:
  77              		.loc 1 10 1 view .LVU15
  78 0030 EFE7     		b	.L1
  79              	.L6:
  80 0032 00BF     		.align	2
  81              	.L5:
  82 0034 00000000 		.word	.LANCHOR0
  83 0038 00000000 		.word	.LANCHOR1
  84              		.cfi_endproc
  85              	.LFE133:
  87              		.global	Wave_Flag
  88              		.global	Wave_ID
  89              		.section	.bss.Wave_Flag,"aw",%nobits
  90              		.set	.LANCHOR0,. + 0
  93              	Wave_Flag:
  94 0000 00       		.space	1
  95              		.section	.data.Wave_ID,"aw"
  96              		.set	.LANCHOR1,. + 0
  99              	Wave_ID:
 100 0000 63       		.byte	99
 101              		.text
 102              	.Letext0:
 103              		.file 2 "c:\\arm_gcc\\arm-none-eabi\\include\\machine\\_default_types.h"
 104              		.file 3 "c:\\arm_gcc\\arm-none-eabi\\include\\sys\\_stdint.h"
ARM GAS  C:\Users\ncer\AppData\Local\Temp\ccYn5KWy.s 			page 3


 105              		.file 4 "mylib/debug_utils.h"
 106              		.file 5 "c:\\arm_gcc\\arm-none-eabi\\include\\sys\\lock.h"
 107              		.file 6 "c:\\arm_gcc\\arm-none-eabi\\include\\sys\\_types.h"
 108              		.file 7 "c:\\arm_gcc\\lib\\gcc\\arm-none-eabi\\9.2.1\\include\\stddef.h"
 109              		.file 8 "c:\\arm_gcc\\arm-none-eabi\\include\\sys\\reent.h"
 110              		.file 9 "c:\\arm_gcc\\arm-none-eabi\\include\\stdlib.h"
 111              		.file 10 "Drivers/CMSIS/Include/core_cm4.h"
 112              		.file 11 "Drivers/CMSIS/Device/ST/STM32F4xx/Include/system_stm32f4xx.h"
 113              		.file 12 "Drivers/STM32F4xx_HAL_Driver/Inc/stm32f4xx_hal.h"
 114              		.file 13 "mylib/uart_ext.h"
ARM GAS  C:\Users\ncer\AppData\Local\Temp\ccYn5KWy.s 			page 4


DEFINED SYMBOLS
                            *ABS*:00000000 debug_utils.c
C:\Users\ncer\AppData\Local\Temp\ccYn5KWy.s:18     .text.send_debug_wave:00000000 $t
C:\Users\ncer\AppData\Local\Temp\ccYn5KWy.s:26     .text.send_debug_wave:00000000 send_debug_wave
C:\Users\ncer\AppData\Local\Temp\ccYn5KWy.s:82     .text.send_debug_wave:00000034 $d
C:\Users\ncer\AppData\Local\Temp\ccYn5KWy.s:93     .bss.Wave_Flag:00000000 Wave_Flag
C:\Users\ncer\AppData\Local\Temp\ccYn5KWy.s:99     .data.Wave_ID:00000000 Wave_ID
C:\Users\ncer\AppData\Local\Temp\ccYn5KWy.s:94     .bss.Wave_Flag:00000000 $d

UNDEFINED SYMBOLS
send_wave
