Archive member included to satisfy reference by file (symbol)

c:/arm_gcc/bin/../lib/gcc/arm-none-eabi/9.2.1/../../../../arm-none-eabi/lib/thumb/v7e-m+fp/hard\libc_nano.a(lib_a-atof.o)
                              build_my/command.o (atof)
c:/arm_gcc/bin/../lib/gcc/arm-none-eabi/9.2.1/../../../../arm-none-eabi/lib/thumb/v7e-m+fp/hard\libc_nano.a(lib_a-ctype_.o)
                              build_my/command.o (_ctype_)
c:/arm_gcc/bin/../lib/gcc/arm-none-eabi/9.2.1/../../../../arm-none-eabi/lib/thumb/v7e-m+fp/hard\libc_nano.a(lib_a-exit.o)
                              c:/arm_gcc/bin/../lib/gcc/arm-none-eabi/9.2.1/../../../../arm-none-eabi/lib/thumb/v7e-m+fp/hard/crt0.o (exit)
c:/arm_gcc/bin/../lib/gcc/arm-none-eabi/9.2.1/../../../../arm-none-eabi/lib/thumb/v7e-m+fp/hard\libc_nano.a(lib_a-impure.o)
                              c:/arm_gcc/bin/../lib/gcc/arm-none-eabi/9.2.1/../../../../arm-none-eabi/lib/thumb/v7e-m+fp/hard\libc_nano.a(lib_a-exit.o) (_global_impure_ptr)
c:/arm_gcc/bin/../lib/gcc/arm-none-eabi/9.2.1/../../../../arm-none-eabi/lib/thumb/v7e-m+fp/hard\libc_nano.a(lib_a-init.o)
                              c:/arm_gcc/bin/../lib/gcc/arm-none-eabi/9.2.1/../../../../arm-none-eabi/lib/thumb/v7e-m+fp/hard/crt0.o (__libc_init_array)
c:/arm_gcc/bin/../lib/gcc/arm-none-eabi/9.2.1/../../../../arm-none-eabi/lib/thumb/v7e-m+fp/hard\libc_nano.a(lib_a-malloc.o)
                              build_my/command.o (malloc)
c:/arm_gcc/bin/../lib/gcc/arm-none-eabi/9.2.1/../../../../arm-none-eabi/lib/thumb/v7e-m+fp/hard\libc_nano.a(lib_a-memcpy-stub.o)
                              build_my/soft_i2c.o (memcpy)
c:/arm_gcc/bin/../lib/gcc/arm-none-eabi/9.2.1/../../../../arm-none-eabi/lib/thumb/v7e-m+fp/hard\libc_nano.a(lib_a-memset.o)
                              c:/arm_gcc/bin/../lib/gcc/arm-none-eabi/9.2.1/../../../../arm-none-eabi/lib/thumb/v7e-m+fp/hard/crt0.o (memset)
c:/arm_gcc/bin/../lib/gcc/arm-none-eabi/9.2.1/../../../../arm-none-eabi/lib/thumb/v7e-m+fp/hard\libc_nano.a(lib_a-nano-freer.o)
                              c:/arm_gcc/bin/../lib/gcc/arm-none-eabi/9.2.1/../../../../arm-none-eabi/lib/thumb/v7e-m+fp/hard\libc_nano.a(lib_a-malloc.o) (_free_r)
c:/arm_gcc/bin/../lib/gcc/arm-none-eabi/9.2.1/../../../../arm-none-eabi/lib/thumb/v7e-m+fp/hard\libc_nano.a(lib_a-nano-mallocr.o)
                              c:/arm_gcc/bin/../lib/gcc/arm-none-eabi/9.2.1/../../../../arm-none-eabi/lib/thumb/v7e-m+fp/hard\libc_nano.a(lib_a-malloc.o) (_malloc_r)
c:/arm_gcc/bin/../lib/gcc/arm-none-eabi/9.2.1/../../../../arm-none-eabi/lib/thumb/v7e-m+fp/hard\libc_nano.a(lib_a-nano-vfprintf_float.o)
                              (_printf_float)
c:/arm_gcc/bin/../lib/gcc/arm-none-eabi/9.2.1/../../../../arm-none-eabi/lib/thumb/v7e-m+fp/hard\libc_nano.a(lib_a-nano-vfprintf_i.o)
                              c:/arm_gcc/bin/../lib/gcc/arm-none-eabi/9.2.1/../../../../arm-none-eabi/lib/thumb/v7e-m+fp/hard\libc_nano.a(lib_a-nano-vfprintf_float.o) (_printf_common)
c:/arm_gcc/bin/../lib/gcc/arm-none-eabi/9.2.1/../../../../arm-none-eabi/lib/thumb/v7e-m+fp/hard\libc_nano.a(lib_a-sbrkr.o)
                              c:/arm_gcc/bin/../lib/gcc/arm-none-eabi/9.2.1/../../../../arm-none-eabi/lib/thumb/v7e-m+fp/hard\libc_nano.a(lib_a-nano-mallocr.o) (_sbrk_r)
c:/arm_gcc/bin/../lib/gcc/arm-none-eabi/9.2.1/../../../../arm-none-eabi/lib/thumb/v7e-m+fp/hard\libc_nano.a(lib_a-strlen.o)
                              c:/arm_gcc/bin/../lib/gcc/arm-none-eabi/9.2.1/../../../../arm-none-eabi/lib/thumb/v7e-m+fp/hard\libc_nano.a(lib_a-nano-vfprintf_float.o) (strlen)
c:/arm_gcc/bin/../lib/gcc/arm-none-eabi/9.2.1/../../../../arm-none-eabi/lib/thumb/v7e-m+fp/hard\libc_nano.a(lib_a-strtod.o)
                              c:/arm_gcc/bin/../lib/gcc/arm-none-eabi/9.2.1/../../../../arm-none-eabi/lib/thumb/v7e-m+fp/hard\libc_nano.a(lib_a-atof.o) (strtod)
c:/arm_gcc/bin/../lib/gcc/arm-none-eabi/9.2.1/../../../../arm-none-eabi/lib/thumb/v7e-m+fp/hard\libc_nano.a(lib_a-vsnprintf.o)
                              build_my/uart_ext.o (vsnprintf)
c:/arm_gcc/bin/../lib/gcc/arm-none-eabi/9.2.1/../../../../arm-none-eabi/lib/thumb/v7e-m+fp/hard\libc_nano.a(lib_a-dtoa.o)
                              c:/arm_gcc/bin/../lib/gcc/arm-none-eabi/9.2.1/../../../../arm-none-eabi/lib/thumb/v7e-m+fp/hard\libc_nano.a(lib_a-nano-vfprintf_float.o) (_dtoa_r)
c:/arm_gcc/bin/../lib/gcc/arm-none-eabi/9.2.1/../../../../arm-none-eabi/lib/thumb/v7e-m+fp/hard\libc_nano.a(lib_a-gdtoa-gethex.o)
                              c:/arm_gcc/bin/../lib/gcc/arm-none-eabi/9.2.1/../../../../arm-none-eabi/lib/thumb/v7e-m+fp/hard\libc_nano.a(lib_a-strtod.o) (__gethex)
c:/arm_gcc/bin/../lib/gcc/arm-none-eabi/9.2.1/../../../../arm-none-eabi/lib/thumb/v7e-m+fp/hard\libc_nano.a(lib_a-gdtoa-hexnan.o)
                              c:/arm_gcc/bin/../lib/gcc/arm-none-eabi/9.2.1/../../../../arm-none-eabi/lib/thumb/v7e-m+fp/hard\libc_nano.a(lib_a-strtod.o) (__match)
[...]
Memory Configuration

Name             Origin             Length             Attributes
RAM              0x20000000         0x00020000         xrw
CCMRAM           0x10000000         0x00010000         rw
FLASH            0x08000000         0x00100000         xr
*default*        0x00000000         0xffffffff

Linker script and memory map

LOAD c:/arm_gcc/bin/../lib/gcc/arm-none-eabi/9.2.1/thumb/v7e-m+fp/hard/crti.o
LOAD c:/arm_gcc/bin/../lib/gcc/arm-none-eabi/9.2.1/thumb/v7e-m+fp/hard/crtbegin.o
LOAD c:/arm_gcc/bin/../lib/gcc/arm-none-eabi/9.2.1/../../../../arm-none-eabi/lib/thumb/v7e-m+fp/hard/crt0.o
LOAD build_my/main.o
LOAD build_my/uart_ext.o
LOAD build_my/command.o
LOAD build_my/as5047.o
LOAD build_my/pid.o
LOAD build_my/soft_i2c.o
LOAD build_my/icm20600.o
LOAD build_my/easy_angle.o
LOAD build_my/debug_utils.o
LOAD build_my/spi_slave_fast.o
LOAD build_my/utils.o
LOAD build_my/gpio.o
LOAD build_my/SVPWM.o
LOAD build_my/parameter.o
LOAD build_my/arm_sin_cos_f32.o
LOAD build_my/arm_sin_f32.o
LOAD build_my/arm_cos_f32.o
LOAD build_my/arm_common_tables.o
LOAD build_my/foc.o
LOAD build_my/cmd_fun.o
LOAD build_my/dac.o
LOAD build_my/adc.o
LOAD build_my/can.o
LOAD build_my/sys.o
LOAD build_my/tim.o
LOAD build_my/usart.o
LOAD build_my/usb_otg.o
LOAD build_my/stm32f4xx_it.o
LOAD build_my/stm32f4xx_hal_msp.o
LOAD build_my/stm32f4xx_hal_adc.o
LOAD build_my/stm32f4xx_hal_dac.o
LOAD build_my/stm32f4xx_hal_adc_ex.o
LOAD build_my/stm32f4xx_hal_rcc.o
LOAD build_my/stm32f4xx_hal_rcc_ex.o
LOAD build_my/stm32f4xx_hal_flash.o
LOAD build_my/stm32f4xx_hal_flash_ex.o
LOAD build_my/stm32f4xx_hal_flash_ramfunc.o
LOAD build_my/stm32f4xx_hal_gpio.o
LOAD build_my/stm32f4xx_hal_dma_ex.o
LOAD build_my/stm32f4xx_hal_dma.o
LOAD build_my/stm32f4xx_hal_pwr.o
LOAD build_my/stm32f4xx_hal_pwr_ex.o
LOAD build_my/stm32f4xx_hal_cortex.o
LOAD build_my/stm32f4xx_hal.o
LOAD build_my/stm32f4xx_hal_exti.o
LOAD build_my/stm32f4xx_hal_can.o
LOAD build_my/stm32f4xx_hal_tim.o
LOAD build_my/stm32f4xx_hal_tim_ex.o
LOAD build_my/stm32f4xx_hal_uart.o
LOAD build_my/stm32f4xx_hal_pcd.o
LOAD build_my/stm32f4xx_hal_pcd_ex.o
LOAD build_my/stm32f4xx_ll_usb.o
LOAD build_my/system_stm32f4xx.o
LOAD build_my/dma.o
LOAD build_my/spi.o
LOAD build_my/stm32f4xx_hal_spi.o
LOAD build_my/startup_stm32f405xx.o
LOAD c:/arm_gcc/bin/../lib/gcc/arm-none-eabi/9.2.1/../../../../arm-none-eabi/lib/thumb/v7e-m+fp/hard\libc_nano.a
LOAD c:/arm_gcc/bin/../lib/gcc/arm-none-eabi/9.2.1/../../../../arm-none-eabi/lib/thumb/v7e-m+fp/hard\libm.a
LOAD c:/arm_gcc/bin/../lib/gcc/arm-none-eabi/9.2.1/../../../../arm-none-eabi/lib/thumb/v7e-m+fp/hard\libnosys.a
LOAD c:/arm_gcc/bin/../lib/gcc/arm-none-eabi/9.2.1/../../../../arm-none-eabi/lib/thumb/v7e-m+fp/hard\librdimon_nano.a
START GROUP
LOAD c:/arm_gcc/bin/../lib/gcc/arm-none-eabi/9.2.1/thumb/v7e-m+fp/hard\libgcc.a
LOAD c:/arm_gcc/bin/../lib/gcc/arm-none-eabi/9.2.1/../../../../arm-none-eabi/lib/thumb/v7e-m+fp/hard\libc_nano.a
END GROUP
START GROUP
LOAD c:/arm_gcc/bin/../lib/gcc/arm-none-eabi/9.2.1/thumb/v7e-m+fp/hard\libgcc.a
LOAD c:/arm_gcc/bin/../lib/gcc/arm-none-eabi/9.2.1/../../../../arm-none-eabi/lib/thumb/v7e-m+fp/hard\libc_nano.a
END GROUP
LOAD c:/arm_gcc/bin/../lib/gcc/arm-none-eabi/9.2.1/thumb/v7e-m+fp/hard/crtend.o
LOAD c:/arm_gcc/bin/../lib/gcc/arm-none-eabi/9.2.1/thumb/v7e-m+fp/hard/crtn.o
                0x20020000                _estack = 0x20020000
                0x00000200                _Min_Heap_Size = 0x200
                0x00000400                _Min_Stack_Size = 0x400

.isr_vector     0x08000000      0x188
                0x08000000                . = ALIGN (0x4)
 *(.isr_vector)
 .isr_vector    0x08000000      0x188 build_my/startup_stm32f405xx.o
                0x08000000                g_pfnVectors
                0x08000188                . = ALIGN (0x4)

.text           0x08000190     0xbf34
                0x08000190                . = ALIGN (0x4)
 *(.text)
 .text          0x08000190       0x40 c:/arm_gcc/bin/../lib/gcc/arm-none-eabi/9.2.1/thumb/v7e-m+fp/hard/crtbegin.o
 .text          0x080001d0       0x10 c:/arm_gcc/bin/../lib/gcc/arm-none-eabi/9.2.1/../../../../arm-none-eabi/lib/thumb/v7e-m+fp/hard\libc_nano.a(lib_a-strlen.o)
                0x080001d0                strlen
 .text          0x080001e0       0xa0 c:/arm_gcc/bin/../lib/gcc/arm-none-eabi/9.2.1/../../../../arm-none-eabi/lib/thumb/v7e-m+fp/hard\libc_nano.a(lib_a-memchr.o)
                0x080001e0                memchr
 .text          0x08000280      0x378 c:/arm_gcc/bin/../lib/gcc/arm-none-eabi/9.2.1/thumb/v7e-m+fp/hard\libgcc.a(_arm_addsubdf3.o)
                0x08000280                __aeabi_drsub
                0x08000288                __aeabi_dsub
                0x08000288                __subdf3
                0x0800028c                __aeabi_dadd
                0x0800028c                __adddf3
                0x08000504                __floatunsidf
                0x08000504                __aeabi_ui2d
                0x08000524                __floatsidf
                0x08000524                __aeabi_i2d
                0x08000548                __aeabi_f2d
                0x08000548                __extendsfdf2
                0x0800058c                __floatundidf
                0x0800058c                __aeabi_ul2d
                0x0800059c                __floatdidf
                0x0800059c                __aeabi_l2d
 .text          0x080005f8      0x424 c:/arm_gcc/bin/../lib/gcc/arm-none-eabi/9.2.1/thumb/v7e-m+fp/hard\libgcc.a(_arm_muldivdf3.o)
                0x080005f8                __aeabi_dmul
                0x080005f8                __muldf3
                0x0800084c                __divdf3
                0x0800084c                __aeabi_ddiv
 .text          0x08000a1c      0x110 c:/arm_gcc/bin/../lib/gcc/arm-none-eabi/9.2.1/thumb/v7e-m+fp/hard\libgcc.a(_arm_cmpdf2.o)
                0x08000a1c                __gtdf2
                0x08000a1c                __gedf2
                0x08000a24                __ltdf2
                0x08000a24                __ledf2
                0x08000a2c                __nedf2
                0x08000a2c                __eqdf2
                0x08000a2c                __cmpdf2
                0x08000aa8                __aeabi_cdrcmple
                0x08000ab8                __aeabi_cdcmpeq
                0x08000ab8                __aeabi_cdcmple
                0x08000ac8                __aeabi_dcmpeq
                0x08000adc                __aeabi_dcmplt
                0x08000af0                __aeabi_dcmple
                0x08000b04                __aeabi_dcmpge
                0x08000b18                __aeabi_dcmpgt
 .text          0x08000b2c       0x2c c:/arm_gcc/bin/../lib/gcc/arm-none-eabi/9.2.1/thumb/v7e-m+fp/hard\libgcc.a(_arm_unorddf2.o)
                0x08000b2c                __unorddf2
                0x08000b2c                __aeabi_dcmpun
 .text          0x08000b58       0x50 c:/arm_gcc/bin/../lib/gcc/arm-none-eabi/9.2.1/thumb/v7e-m+fp/hard\libgcc.a(_arm_fixdfsi.o)
                0x08000b58                __aeabi_d2iz
                0x08000b58                __fixdfsi
 .text          0x08000ba8       0x40 c:/arm_gcc/bin/../lib/gcc/arm-none-eabi/9.2.1/thumb/v7e-m+fp/hard\libgcc.a(_arm_fixunsdfsi.o)
                0x08000ba8                __aeabi_d2uiz
                0x08000ba8                __fixunsdfsi
 .text          0x08000be8       0xa0 c:/arm_gcc/bin/../lib/gcc/arm-none-eabi/9.2.1/thumb/v7e-m+fp/hard\libgcc.a(_arm_truncdfsf2.o)
                0x08000be8                __truncdfsf2
                0x08000be8                __aeabi_d2f
 .text          0x08000c88       0x30 c:/arm_gcc/bin/../lib/gcc/arm-none-eabi/9.2.1/thumb/v7e-m+fp/hard\libgcc.a(_aeabi_uldivmod.o)
                0x08000c88                __aeabi_uldivmod
 .text          0x08000cb8       0x30 c:/arm_gcc/bin/../lib/gcc/arm-none-eabi/9.2.1/thumb/v7e-m+fp/hard\libgcc.a(_fixdfdi.o)
                0x08000cb8                __fixdfdi
                0x08000cb8                __aeabi_d2lz
 .text          0x08000ce8       0x3c c:/arm_gcc/bin/../lib/gcc/arm-none-eabi/9.2.1/thumb/v7e-m+fp/hard\libgcc.a(_fixunsdfdi.o)
                0x08000ce8                __fixunsdfdi
                0x08000ce8                __aeabi_d2ulz
 .text          0x08000d24      0x2c4 c:/arm_gcc/bin/../lib/gcc/arm-none-eabi/9.2.1/thumb/v7e-m+fp/hard\libgcc.a(_udivmoddi4.o)
                0x08000d24                __udivmoddi4
 .text          0x08000fe8        0x4 c:/arm_gcc/bin/../lib/gcc/arm-none-eabi/9.2.1/thumb/v7e-m+fp/hard\libgcc.a(_dvmd_tls.o)
                0x08000fe8                __aeabi_idiv0
                0x08000fe8                __aeabi_ldiv0
 *(.text*)
 .text.SystemClock_Config
                0x08000fec       0x98 build_my/main.o
                0x08000fec                SystemClock_Config
 .text.main     0x08001084       0x9c build_my/main.o
                0x08001084                main
 .text.Error_Handler
                0x08001120        0x2 build_my/main.o
                0x08001120                Error_Handler
 *fill*         0x08001122        0x2 
 .text.UART_Send
                0x08001124       0x44 build_my/uart_ext.o
 .text.UART_Start_Receive
                0x08001168       0x48 build_my/uart_ext.o
                0x08001168                UART_Start_Receive
 .text.debug_uart_init
                0x080011b0       0x24 build_my/uart_ext.o
                0x080011b0                debug_uart_init
 .text.send_wave
                0x080011d4       0x48 build_my/uart_ext.o
                0x080011d4                send_wave
 .text.uprintf_polling
                0x0800121c       0x3c build_my/uart_ext.o
                0x0800121c                uprintf_polling
 .text.uprintf  0x08001258       0x30 build_my/uart_ext.o
                0x08001258                uprintf
 .text.HAL_UART_RxCpltCallback
                0x08001288       0x5c build_my/uart_ext.o
                0x08001288                HAL_UART_RxCpltCallback
 .text.HAL_UART_IDLECallback
                0x080012e4       0x3c build_my/uart_ext.o
                0x080012e4                HAL_UART_IDLECallback
 .text.UART_Command_Analize_And_Call
                0x08001320       0x1c build_my/uart_ext.o
                0x08001320                UART_Command_Analize_And_Call
 .text.get_prams
                0x0800133c      0x160 build_my/command.o
 .text.add_cmd  0x0800149c       0x28 build_my/command.o
                0x0800149c                add_cmd
 .text.compare_cmd
                0x080014c4       0x30 build_my/command.o
                0x080014c4                compare_cmd
 .text.compare_string
                0x080014f4       0x2a build_my/command.o
                0x080014f4                compare_string
 *fill*         0x0800151e        0x2 
 .text.analize  0x08001520       0x74 build_my/command.o
                0x08001520                analize
 .text.spi_delay
                0x08001594        0x6 build_my/as5047.o
 .text.Count_PARC
                0x0800159a       0x32 build_my/as5047.o
 .text.Command  0x080015cc       0x14 build_my/as5047.o
 .text.Soft_SPI_Read_Write
                0x080015e0       0xc8 build_my/as5047.o
                0x080015e0                Soft_SPI_Read_Write
 .text.SPI_Write
                0x080016a8       0x3c build_my/as5047.o
                0x080016a8                SPI_Write
 .text.As5047_Init
                0x080016e4       0x38 build_my/as5047.o
                0x080016e4                As5047_Init
 .text.Read_Reg
                0x0800171c       0xf4 build_my/as5047.o
                0x0800171c                Read_Reg
 .text.Get_Position
                0x08001810       0x1c build_my/as5047.o
                0x08001810                Get_Position
 .text.Position_to_Rad_Dgree
                0x0800182c       0x40 build_my/as5047.o
                0x0800182c                Position_to_Rad_Dgree
 .text.AS5047_Set_Direction
                0x0800186c      0x104 build_my/as5047.o
                0x0800186c                AS5047_Set_Direction
 .text.PID_Control
                0x08001970       0xb0 build_my/pid.o
                0x08001970                PID_Control
 .text.send_debug_wave
                0x08001a20       0x3c build_my/debug_utils.o
                0x08001a20                send_debug_wave
 .text.Q0152float
                0x08001a5c       0x18 build_my/debug_utils.o
                0x08001a5c                Q0152float
 .text.Q782float
                0x08001a74       0x24 build_my/debug_utils.o
                0x08001a74                Q782float
 .text.MX_GPIO_Init
                0x08001a98       0xb8 build_my/gpio.o
                0x08001a98                MX_GPIO_Init
 .text.get_area_u
                0x08001b50       0x9c build_my/SVPWM.o
 .text.SVPWM_Normal_CalT1T2
                0x08001bec       0xd0 build_my/SVPWM.o
 .text.SVPWM_Step
                0x08001cbc       0x5c build_my/SVPWM.o
                0x08001cbc                SVPWM_Step
 .text.Set_Vector
                0x08001d18       0x5c build_my/SVPWM.o
                0x08001d18                Set_Vector
 .text.Set_to_Un
                0x08001d74       0x40 build_my/SVPWM.o
                0x08001d74                Set_to_Un
 .text.Get_CCR_Duty
                0x08001db4       0xf4 build_my/SVPWM.o
                0x08001db4                Get_CCR_Duty
 .text.SVPWM    0x08001ea8       0xf0 build_my/SVPWM.o
                0x08001ea8                SVPWM
 .text.SVPWM_Alpha_Beta
                0x08001f98       0x88 build_my/SVPWM.o
                0x08001f98                SVPWM_Alpha_Beta
 .text.Print_Parameters
                0x08002020       0x54 build_my/parameter.o
                0x08002020                Print_Parameters
 .text.Write_Parameter
                0x08002074       0x7c build_my/parameter.o
                0x08002074                Write_Parameter
 .text.Read_Parameters
                0x080020f0       0x74 build_my/parameter.o
                0x080020f0                Read_Parameters
 .text.arm_sin_cos_f32
                0x08002164      0x12c build_my/arm_sin_cos_f32.o
                0x08002164                arm_sin_cos_f32
 .text.arm_cos_f32
                0x08002290       0x88 build_my/arm_cos_f32.o
                0x08002290                arm_cos_f32
 .text.Speed_Control
                0x08002318       0x84 build_my/foc.o
 .text.PID_I_Clear
                0x0800239c       0x2c build_my/foc.o
                0x0800239c                PID_I_Clear
 .text.Current_ADC_Init
                0x080023c8       0x64 build_my/foc.o
                0x080023c8                Current_ADC_Init
 .text.Foc_Init
                0x0800242c       0x98 build_my/foc.o
                0x0800242c                Foc_Init
 .text.Clark_Conv
                0x080024c4       0x2c build_my/foc.o
                0x080024c4                Clark_Conv
 .text.Park_Conv
                0x080024f0       0x56 build_my/foc.o
                0x080024f0                Park_Conv
 .text.Reverse_Park_Conv
                0x08002546       0x56 build_my/foc.o
                0x08002546                Reverse_Park_Conv
 .text.Current_Control
                0x0800259c       0xf4 build_my/foc.o
                0x0800259c                Current_Control
 .text.Special_Current_Control
                0x08002690      0x174 build_my/foc.o
                0x08002690                Special_Current_Control
 .text.Lead_Filter
                0x08002804       0x22 build_my/foc.o
                0x08002804                Lead_Filter
 *fill*         0x08002826        0x2 
 .text.Get_Speed
                0x08002828      0x114 build_my/foc.o
 .text.Test_Direction
                0x0800293c       0xa8 build_my/foc.o
                0x0800293c                Test_Direction
 .text.Measure_Ind_Handler
                0x080029e4      0x2a4 build_my/foc.o
                0x080029e4                Measure_Ind_Handler
 .text.HAL_ADC_ConvCpltCallback
                0x08002c88      0x534 build_my/foc.o
                0x08002c88                HAL_ADC_ConvCpltCallback
 .text.Measure_Res
                0x080031bc      0x180 build_my/foc.o
                0x080031bc                Measure_Res
 .text.Measure_Ind
                0x0800333c      0x234 build_my/foc.o
                0x0800333c                Measure_Ind
 .text.Detect_Encoder
                0x08003570      0x220 build_my/foc.o
                0x08003570                Detect_Encoder
 .text.wave     0x08003790       0x40 build_my/cmd_fun.o
                0x08003790                wave
 .text.position
                0x080037d0       0x20 build_my/cmd_fun.o
                0x080037d0                position
 .text.set_mode
                0x080037f0       0x48 build_my/cmd_fun.o
                0x080037f0                set_mode
 .text.set_pos_off_here
                0x08003838       0x34 build_my/cmd_fun.o
                0x08003838                set_pos_off_here
 .text.test     0x0800386c       0x80 build_my/cmd_fun.o
 .text.set_val  0x080038ec       0xe8 build_my/cmd_fun.o
                0x080038ec                set_val
 .text.set_PID  0x080039d4       0xfc build_my/cmd_fun.o
                0x080039d4                set_PID
 .text.set_to_u4
                0x08003ad0       0x60 build_my/cmd_fun.o
                0x08003ad0                set_to_u4
 .text.test_direction
                0x08003b30       0x14 build_my/cmd_fun.o
                0x08003b30                test_direction
 .text.detect   0x08003b44       0x14 build_my/cmd_fun.o
                0x08003b44                detect
 .text.start    0x08003b58       0x90 build_my/cmd_fun.o
                0x08003b58                start
 .text.measure_res
                0x08003be8       0x14 build_my/cmd_fun.o
                0x08003be8                measure_res
 .text.measure_ind
                0x08003bfc       0x14 build_my/cmd_fun.o
                0x08003bfc                measure_ind
 .text.wrtie_param
                0x08003c10       0x14 build_my/cmd_fun.o
                0x08003c10                wrtie_param
 .text.command_init
                0x08003c24       0xe4 build_my/cmd_fun.o
                0x08003c24                command_init
 .text.MX_DAC_Init
                0x08003d08       0x58 build_my/dac.o
                0x08003d08                MX_DAC_Init
 .text.HAL_DAC_MspInit
                0x08003d60       0x78 build_my/dac.o
                0x08003d60                HAL_DAC_MspInit
 .text.MX_ADC1_Init
                0x08003dd8       0x94 build_my/adc.o
                0x08003dd8                MX_ADC1_Init
 .text.MX_ADC2_Init
                0x08003e6c       0x64 build_my/adc.o
                0x08003e6c                MX_ADC2_Init
 .text.MX_ADC3_Init
                0x08003ed0       0x64 build_my/adc.o
                0x08003ed0                MX_ADC3_Init
 .text.HAL_ADC_MspInit
                0x08003f34      0x100 build_my/adc.o
                0x08003f34                HAL_ADC_MspInit
 .text.MX_CAN1_Init
                0x08004034       0xb0 build_my/can.o
                0x08004034                MX_CAN1_Init
 .text.HAL_CAN_MspInit
                0x080040e4       0x80 build_my/can.o
                0x080040e4                HAL_CAN_MspInit
 .text.HAL_CAN_RxFifo0MsgPendingCallback
                0x08004164      0x120 build_my/can.o
                0x08004164                HAL_CAN_RxFifo0MsgPendingCallback
 .text.CAN_Send_Message
                0x08004284       0x38 build_my/can.o
                0x08004284                CAN_Send_Message
 .text.MX_TIM6_Init
                0x080042bc       0x48 build_my/tim.o
                0x080042bc                MX_TIM6_Init
 .text.MX_TIM7_Init
                0x08004304       0x50 build_my/tim.o
                0x08004304                MX_TIM7_Init
 .text.MX_TIM8_Init
                0x08004354       0xe8 build_my/tim.o
                0x08004354                MX_TIM8_Init
 .text.HAL_TIM_PWM_MspInit
                0x0800443c       0x40 build_my/tim.o
                0x0800443c                HAL_TIM_PWM_MspInit
 .text.HAL_TIM_Base_MspInit
                0x0800447c       0x98 build_my/tim.o
                0x0800447c                HAL_TIM_Base_MspInit
 .text.HAL_TIM_MspPostInit
                0x08004514       0x88 build_my/tim.o
                0x08004514                HAL_TIM_MspPostInit
 *fill*         0x0800459c        0x4 
 .text.conf_general_calculate_deadtime
                0x080045a0      0x190 build_my/tim.o
                0x080045a0                conf_general_calculate_deadtime
 .text.MX_TIM1_Init
                0x08004730       0xf8 build_my/tim.o
                0x08004730                MX_TIM1_Init
 .text.MX_UART5_Init
                0x08004828       0x38 build_my/usart.o
                0x08004828                MX_UART5_Init
 .text.HAL_UART_MspInit
                0x08004860      0x138 build_my/usart.o
                0x08004860                HAL_UART_MspInit
 .text.NMI_Handler
                0x08004998        0x2 build_my/stm32f4xx_it.o
                0x08004998                NMI_Handler
 .text.HardFault_Handler
                0x0800499a        0x2 build_my/stm32f4xx_it.o
                0x0800499a                HardFault_Handler
 .text.MemManage_Handler
                0x0800499c        0x2 build_my/stm32f4xx_it.o
                0x0800499c                MemManage_Handler
 .text.BusFault_Handler
                0x0800499e        0x2 build_my/stm32f4xx_it.o
                0x0800499e                BusFault_Handler
 .text.UsageFault_Handler
                0x080049a0        0x2 build_my/stm32f4xx_it.o
                0x080049a0                UsageFault_Handler
 .text.SVC_Handler
                0x080049a2        0x2 build_my/stm32f4xx_it.o
                0x080049a2                SVC_Handler
 .text.DebugMon_Handler
                0x080049a4        0x2 build_my/stm32f4xx_it.o
                0x080049a4                DebugMon_Handler
 .text.PendSV_Handler
                0x080049a6        0x2 build_my/stm32f4xx_it.o
                0x080049a6                PendSV_Handler
 .text.SysTick_Handler
                0x080049a8        0x8 build_my/stm32f4xx_it.o
                0x080049a8                SysTick_Handler
 .text.DMA1_Stream0_IRQHandler
                0x080049b0       0x10 build_my/stm32f4xx_it.o
                0x080049b0                DMA1_Stream0_IRQHandler
 .text.TIM1_UP_TIM10_IRQHandler
                0x080049c0       0x10 build_my/stm32f4xx_it.o
                0x080049c0                TIM1_UP_TIM10_IRQHandler
 .text.DMA1_Stream7_IRQHandler
                0x080049d0       0x10 build_my/stm32f4xx_it.o
                0x080049d0                DMA1_Stream7_IRQHandler
 .text.UART5_IRQHandler
                0x080049e0       0x24 build_my/stm32f4xx_it.o
                0x080049e0                UART5_IRQHandler
 .text.TIM6_DAC_IRQHandler
                0x08004a04       0x10 build_my/stm32f4xx_it.o
                0x08004a04                TIM6_DAC_IRQHandler
 .text.TIM7_IRQHandler
                0x08004a14       0x10 build_my/stm32f4xx_it.o
                0x08004a14                TIM7_IRQHandler
 .text.DMA2_Stream0_IRQHandler
                0x08004a24       0x10 build_my/stm32f4xx_it.o
                0x08004a24                DMA2_Stream0_IRQHandler
 .text.CAN1_RX0_IRQHandler
                0x08004a34       0x10 build_my/stm32f4xx_it.o
                0x08004a34                CAN1_RX0_IRQHandler
 .text.HAL_MspInit
                0x08004a44       0x38 build_my/stm32f4xx_hal_msp.o
                0x08004a44                HAL_MspInit
 .text.ADC_Init
                0x08004a7c      0x134 build_my/stm32f4xx_hal_adc.o
 .text.HAL_ADC_Init
                0x08004bb0       0x56 build_my/stm32f4xx_hal_adc.o
                0x08004bb0                HAL_ADC_Init
 *fill*         0x08004c06        0x2 
 .text.HAL_ADC_Start
                0x08004c08      0x130 build_my/stm32f4xx_hal_adc.o
                0x08004c08                HAL_ADC_Start
 .text.HAL_ADC_ConvHalfCpltCallback
                0x08004d38        0x2 build_my/stm32f4xx_hal_adc.o
                0x08004d38                HAL_ADC_ConvHalfCpltCallback
 .text.HAL_ADC_ErrorCallback
                0x08004d3a        0x2 build_my/stm32f4xx_hal_adc.o
                0x08004d3a                HAL_ADC_ErrorCallback
 .text.HAL_ADC_ConfigChannel
                0x08004d3c      0x190 build_my/stm32f4xx_hal_adc.o
                0x08004d3c                HAL_ADC_ConfigChannel
 .text.HAL_DAC_Init
                0x08004ecc       0x24 build_my/stm32f4xx_hal_dac.o
                0x08004ecc                HAL_DAC_Init
 .text.HAL_DAC_Start
                0x08004ef0       0x6e build_my/stm32f4xx_hal_dac.o
                0x08004ef0                HAL_DAC_Start
 .text.HAL_DAC_ConfigChannel
                0x08004f5e       0x4a build_my/stm32f4xx_hal_dac.o
                0x08004f5e                HAL_DAC_ConfigChannel
 .text.HAL_DAC_SetValue
                0x08004fa8       0x2e build_my/stm32f4xx_hal_dac.o
                0x08004fa8                HAL_DAC_SetValue
 .text.ADC_MultiModeDMAError
                0x08004fd6       0x16 build_my/stm32f4xx_hal_adc_ex.o
 .text.ADC_MultiModeDMAHalfConvCplt
                0x08004fec        0xa build_my/stm32f4xx_hal_adc_ex.o
 .text.ADC_MultiModeDMAConvCplt
                0x08004ff6       0x62 build_my/stm32f4xx_hal_adc_ex.o
 .text.HAL_ADCEx_MultiModeStart_DMA
                0x08005058      0x120 build_my/stm32f4xx_hal_adc_ex.o
                0x08005058                HAL_ADCEx_MultiModeStart_DMA
 .text.HAL_ADCEx_MultiModeConfigChannel
                0x08005178       0x58 build_my/stm32f4xx_hal_adc_ex.o
                0x08005178                HAL_ADCEx_MultiModeConfigChannel
 .text.HAL_RCC_OscConfig
                0x080051d0      0x3ec build_my/stm32f4xx_hal_rcc.o
                0x080051d0                HAL_RCC_OscConfig
 .text.HAL_RCC_GetSysClockFreq
                0x080055bc       0xcc build_my/stm32f4xx_hal_rcc.o
                0x080055bc                HAL_RCC_GetSysClockFreq
 .text.HAL_RCC_ClockConfig
                0x08005688      0x160 build_my/stm32f4xx_hal_rcc.o
                0x08005688                HAL_RCC_ClockConfig
 .text.HAL_RCC_GetHCLKFreq
                0x080057e8        0xc build_my/stm32f4xx_hal_rcc.o
                0x080057e8                HAL_RCC_GetHCLKFreq
 .text.HAL_RCC_GetPCLK1Freq
                0x080057f4       0x20 build_my/stm32f4xx_hal_rcc.o
                0x080057f4                HAL_RCC_GetPCLK1Freq
 .text.HAL_RCC_GetPCLK2Freq
                0x08005814       0x20 build_my/stm32f4xx_hal_rcc.o
                0x08005814                HAL_RCC_GetPCLK2Freq
 .text.FLASH_Program_DoubleWord
                0x08005834       0x30 build_my/stm32f4xx_hal_flash.o
 .text.FLASH_Program_Word
                0x08005864       0x24 build_my/stm32f4xx_hal_flash.o
 .text.FLASH_Program_HalfWord
                0x08005888       0x24 build_my/stm32f4xx_hal_flash.o
 .text.FLASH_Program_Byte
                0x080058ac       0x20 build_my/stm32f4xx_hal_flash.o
 .text.FLASH_SetErrorCode
                0x080058cc       0x8c build_my/stm32f4xx_hal_flash.o
 .text.HAL_FLASH_Unlock
                0x08005958       0x30 build_my/stm32f4xx_hal_flash.o
                0x08005958                HAL_FLASH_Unlock
 .text.HAL_FLASH_Lock
                0x08005988       0x14 build_my/stm32f4xx_hal_flash.o
                0x08005988                HAL_FLASH_Lock
 .text.FLASH_WaitForLastOperation
                0x0800599c       0x60 build_my/stm32f4xx_hal_flash.o
                0x0800599c                FLASH_WaitForLastOperation
 .text.HAL_FLASH_Program
                0x080059fc       0x7c build_my/stm32f4xx_hal_flash.o
                0x080059fc                HAL_FLASH_Program
 .text.FLASH_MassErase
                0x08005a78       0x24 build_my/stm32f4xx_hal_flash_ex.o
 .text.FLASH_Erase_Sector
                0x08005a9c       0x58 build_my/stm32f4xx_hal_flash_ex.o
                0x08005a9c                FLASH_Erase_Sector
 .text.FLASH_FlushCaches
                0x08005af4       0x60 build_my/stm32f4xx_hal_flash_ex.o
                0x08005af4                FLASH_FlushCaches
 .text.HAL_FLASHEx_Erase
                0x08005b54       0x94 build_my/stm32f4xx_hal_flash_ex.o
                0x08005b54                HAL_FLASHEx_Erase
 .text.HAL_GPIO_Init
                0x08005be8      0x1cc build_my/stm32f4xx_hal_gpio.o
                0x08005be8                HAL_GPIO_Init
 .text.HAL_GPIO_ReadPin
                0x08005db4        0xe build_my/stm32f4xx_hal_gpio.o
                0x08005db4                HAL_GPIO_ReadPin
 .text.HAL_GPIO_WritePin
                0x08005dc2        0xc build_my/stm32f4xx_hal_gpio.o
                0x08005dc2                HAL_GPIO_WritePin
 .text.DMA_SetConfig
                0x08005dce       0x2c build_my/stm32f4xx_hal_dma.o
 *fill*         0x08005dfa        0x2 
 .text.DMA_CalcBaseAndBitshift
                0x08005dfc       0x44 build_my/stm32f4xx_hal_dma.o
 .text.DMA_CheckFifoParam
                0x08005e40       0x8e build_my/stm32f4xx_hal_dma.o
 *fill*         0x08005ece        0x2 
 .text.HAL_DMA_Init
                0x08005ed0       0xcc build_my/stm32f4xx_hal_dma.o
                0x08005ed0                HAL_DMA_Init
 .text.HAL_DMA_Start_IT
                0x08005f9c       0x6a build_my/stm32f4xx_hal_dma.o
                0x08005f9c                HAL_DMA_Start_IT
 .text.HAL_DMA_Abort
                0x08006006       0x94 build_my/stm32f4xx_hal_dma.o
                0x08006006                HAL_DMA_Abort
 .text.HAL_DMA_Abort_IT
                0x0800609a       0x26 build_my/stm32f4xx_hal_dma.o
                0x0800609a                HAL_DMA_Abort_IT
 .text.HAL_DMA_IRQHandler
                0x080060c0      0x1dc build_my/stm32f4xx_hal_dma.o
                0x080060c0                HAL_DMA_IRQHandler
 .text.HAL_NVIC_SetPriorityGrouping
                0x0800629c       0x24 build_my/stm32f4xx_hal_cortex.o
                0x0800629c                HAL_NVIC_SetPriorityGrouping
 .text.HAL_NVIC_SetPriority
                0x080062c0       0x68 build_my/stm32f4xx_hal_cortex.o
                0x080062c0                HAL_NVIC_SetPriority
 .text.HAL_NVIC_EnableIRQ
                0x08006328       0x1c build_my/stm32f4xx_hal_cortex.o
                0x08006328                HAL_NVIC_EnableIRQ
 .text.HAL_NVIC_DisableIRQ
                0x08006344       0x24 build_my/stm32f4xx_hal_cortex.o
                0x08006344                HAL_NVIC_DisableIRQ
 .text.HAL_SYSTICK_Config
                0x08006368       0x2c build_my/stm32f4xx_hal_cortex.o
                0x08006368                HAL_SYSTICK_Config
 .text.HAL_InitTick
                0x08006394       0x4c build_my/stm32f4xx_hal.o
                0x08006394                HAL_InitTick
 .text.HAL_Init
                0x080063e0       0x34 build_my/stm32f4xx_hal.o
                0x080063e0                HAL_Init
 .text.HAL_IncTick
                0x08006414       0x18 build_my/stm32f4xx_hal.o
                0x08006414                HAL_IncTick
 .text.HAL_GetTick
                0x0800642c        0xc build_my/stm32f4xx_hal.o
                0x0800642c                HAL_GetTick
 .text.HAL_Delay
                0x08006438       0x28 build_my/stm32f4xx_hal.o
                0x08006438                HAL_Delay
 .text.HAL_CAN_Init
                0x08006460      0x14c build_my/stm32f4xx_hal_can.o
                0x08006460                HAL_CAN_Init
 .text.HAL_CAN_ConfigFilter
                0x080065ac      0x130 build_my/stm32f4xx_hal_can.o
                0x080065ac                HAL_CAN_ConfigFilter
 .text.HAL_CAN_Start
                0x080066dc       0x5c build_my/stm32f4xx_hal_can.o
                0x080066dc                HAL_CAN_Start
 .text.HAL_CAN_AddTxMessage
                0x08006738       0xec build_my/stm32f4xx_hal_can.o
                0x08006738                HAL_CAN_AddTxMessage
 .text.HAL_CAN_GetRxMessage
                0x08006824      0x140 build_my/stm32f4xx_hal_can.o
                0x08006824                HAL_CAN_GetRxMessage
 .text.HAL_CAN_ActivateNotification
                0x08006964       0x24 build_my/stm32f4xx_hal_can.o
                0x08006964                HAL_CAN_ActivateNotification
 .text.HAL_CAN_TxMailbox0CompleteCallback
                0x08006988        0x2 build_my/stm32f4xx_hal_can.o
                0x08006988                HAL_CAN_TxMailbox0CompleteCallback
 .text.HAL_CAN_TxMailbox1CompleteCallback
                0x0800698a        0x2 build_my/stm32f4xx_hal_can.o
                0x0800698a                HAL_CAN_TxMailbox1CompleteCallback
 .text.HAL_CAN_TxMailbox2CompleteCallback
                0x0800698c        0x2 build_my/stm32f4xx_hal_can.o
                0x0800698c                HAL_CAN_TxMailbox2CompleteCallback
 .text.HAL_CAN_TxMailbox0AbortCallback
                0x0800698e        0x2 build_my/stm32f4xx_hal_can.o
                0x0800698e                HAL_CAN_TxMailbox0AbortCallback
 .text.HAL_CAN_TxMailbox1AbortCallback
                0x08006990        0x2 build_my/stm32f4xx_hal_can.o
                0x08006990                HAL_CAN_TxMailbox1AbortCallback
 .text.HAL_CAN_TxMailbox2AbortCallback
                0x08006992        0x2 build_my/stm32f4xx_hal_can.o
                0x08006992                HAL_CAN_TxMailbox2AbortCallback
 .text.HAL_CAN_RxFifo0FullCallback
                0x08006994        0x2 build_my/stm32f4xx_hal_can.o
                0x08006994                HAL_CAN_RxFifo0FullCallback
 .text.HAL_CAN_RxFifo1MsgPendingCallback
                0x08006996        0x2 build_my/stm32f4xx_hal_can.o
                0x08006996                HAL_CAN_RxFifo1MsgPendingCallback
 .text.HAL_CAN_RxFifo1FullCallback
                0x08006998        0x2 build_my/stm32f4xx_hal_can.o
                0x08006998                HAL_CAN_RxFifo1FullCallback
 .text.HAL_CAN_SleepCallback
                0x0800699a        0x2 build_my/stm32f4xx_hal_can.o
                0x0800699a                HAL_CAN_SleepCallback
 .text.HAL_CAN_WakeUpFromRxMsgCallback
                0x0800699c        0x2 build_my/stm32f4xx_hal_can.o
                0x0800699c                HAL_CAN_WakeUpFromRxMsgCallback
 .text.HAL_CAN_ErrorCallback
                0x0800699e        0x2 build_my/stm32f4xx_hal_can.o
                0x0800699e                HAL_CAN_ErrorCallback
 .text.HAL_CAN_IRQHandler
                0x080069a0      0x24a build_my/stm32f4xx_hal_can.o
                0x080069a0                HAL_CAN_IRQHandler
 *fill*         0x08006bea        0x2 
 .text.TIM_OC1_SetConfig
                0x08006bec       0x68 build_my/stm32f4xx_hal_tim.o
 .text.TIM_OC3_SetConfig
                0x08006c54       0x70 build_my/stm32f4xx_hal_tim.o
 .text.TIM_OC4_SetConfig
                0x08006cc4       0x50 build_my/stm32f4xx_hal_tim.o
 .text.TIM_TI1_ConfigInputStage
                0x08006d14       0x24 build_my/stm32f4xx_hal_tim.o
 .text.TIM_TI2_ConfigInputStage
                0x08006d38       0x26 build_my/stm32f4xx_hal_tim.o
 .text.HAL_TIM_Base_Start
                0x08006d5e       0x24 build_my/stm32f4xx_hal_tim.o
                0x08006d5e                HAL_TIM_Base_Start
 .text.HAL_TIM_Base_Start_IT
                0x08006d82       0x22 build_my/stm32f4xx_hal_tim.o
                0x08006d82                HAL_TIM_Base_Start_IT
 .text.HAL_TIM_OC_MspInit
                0x08006da4        0x2 build_my/stm32f4xx_hal_tim.o
                0x08006da4                HAL_TIM_OC_MspInit
 .text.HAL_TIM_PeriodElapsedCallback
                0x08006da6        0x2 build_my/stm32f4xx_hal_tim.o
                0x08006da6                HAL_TIM_PeriodElapsedCallback
 .text.HAL_TIM_OC_DelayElapsedCallback
                0x08006da8        0x2 build_my/stm32f4xx_hal_tim.o
                0x08006da8                HAL_TIM_OC_DelayElapsedCallback
 .text.HAL_TIM_IC_CaptureCallback
                0x08006daa        0x2 build_my/stm32f4xx_hal_tim.o
                0x08006daa                HAL_TIM_IC_CaptureCallback
 .text.HAL_TIM_PWM_PulseFinishedCallback
                0x08006dac        0x2 build_my/stm32f4xx_hal_tim.o
                0x08006dac                HAL_TIM_PWM_PulseFinishedCallback
 .text.HAL_TIM_TriggerCallback
                0x08006dae        0x2 build_my/stm32f4xx_hal_tim.o
                0x08006dae                HAL_TIM_TriggerCallback
 .text.HAL_TIM_IRQHandler
                0x08006db0      0x17a build_my/stm32f4xx_hal_tim.o
                0x08006db0                HAL_TIM_IRQHandler
 *fill*         0x08006f2a        0x2 
 .text.TIM_Base_SetConfig
                0x08006f2c       0xc8 build_my/stm32f4xx_hal_tim.o
                0x08006f2c                TIM_Base_SetConfig
 .text.HAL_TIM_Base_Init
                0x08006ff4       0x34 build_my/stm32f4xx_hal_tim.o
                0x08006ff4                HAL_TIM_Base_Init
 .text.HAL_TIM_OC_Init
                0x08007028       0x34 build_my/stm32f4xx_hal_tim.o
                0x08007028                HAL_TIM_OC_Init
 .text.HAL_TIM_PWM_Init
                0x0800705c       0x34 build_my/stm32f4xx_hal_tim.o
                0x0800705c                HAL_TIM_PWM_Init
 .text.TIM_OC2_SetConfig
                0x08007090       0x70 build_my/stm32f4xx_hal_tim.o
                0x08007090                TIM_OC2_SetConfig
 .text.HAL_TIM_OC_ConfigChannel
                0x08007100       0x5e build_my/stm32f4xx_hal_tim.o
                0x08007100                HAL_TIM_OC_ConfigChannel
 .text.HAL_TIM_PWM_ConfigChannel
                0x0800715e       0xdc build_my/stm32f4xx_hal_tim.o
                0x0800715e                HAL_TIM_PWM_ConfigChannel
 .text.TIM_ETR_SetConfig
                0x0800723a       0x18 build_my/stm32f4xx_hal_tim.o
                0x0800723a                TIM_ETR_SetConfig
 .text.TIM_SlaveTimer_SetConfig
                0x08007252       0x8e build_my/stm32f4xx_hal_tim.o
 .text.HAL_TIM_SlaveConfigSynchro
                0x080072e0       0x52 build_my/stm32f4xx_hal_tim.o
                0x080072e0                HAL_TIM_SlaveConfigSynchro
 .text.TIM_CCxChannelCmd
                0x08007332       0x24 build_my/stm32f4xx_hal_tim.o
                0x08007332                TIM_CCxChannelCmd
 *fill*         0x08007356        0x2 
 .text.HAL_TIM_PWM_Start
                0x08007358       0x40 build_my/stm32f4xx_hal_tim.o
                0x08007358                HAL_TIM_PWM_Start
 .text.TIM_CCxNChannelCmd
                0x08007398       0x24 build_my/stm32f4xx_hal_tim_ex.o
 .text.HAL_TIMEx_PWMN_Start
                0x080073bc       0x2e build_my/stm32f4xx_hal_tim_ex.o
                0x080073bc                HAL_TIMEx_PWMN_Start
 *fill*         0x080073ea        0x2 
 .text.HAL_TIMEx_MasterConfigSynchronization
                0x080073ec       0x88 build_my/stm32f4xx_hal_tim_ex.o
                0x080073ec                HAL_TIMEx_MasterConfigSynchronization
 .text.HAL_TIMEx_ConfigBreakDeadTime
                0x08007474       0x52 build_my/stm32f4xx_hal_tim_ex.o
                0x08007474                HAL_TIMEx_ConfigBreakDeadTime
 .text.HAL_TIMEx_CommutCallback
                0x080074c6        0x2 build_my/stm32f4xx_hal_tim_ex.o
                0x080074c6                HAL_TIMEx_CommutCallback
 .text.HAL_TIMEx_BreakCallback
                0x080074c8        0x2 build_my/stm32f4xx_hal_tim_ex.o
                0x080074c8                HAL_TIMEx_BreakCallback
 .text.UART_EndTxTransfer
                0x080074ca       0x12 build_my/stm32f4xx_hal_uart.o
 .text.UART_EndRxTransfer
                0x080074dc       0x1c build_my/stm32f4xx_hal_uart.o
 .text.UART_Transmit_IT
                0x080074f8       0x66 build_my/stm32f4xx_hal_uart.o
 *fill*         0x0800755e        0x2 
 .text.UART_SetConfig
                0x08007560      0x1e8 build_my/stm32f4xx_hal_uart.o
 .text.UART_WaitOnFlagUntilTimeout
                0x08007748       0x68 build_my/stm32f4xx_hal_uart.o
 .text.HAL_UART_Init
                0x080077b0       0x5e build_my/stm32f4xx_hal_uart.o
                0x080077b0                HAL_UART_Init
 .text.HAL_UART_Transmit
                0x0800780e       0xe2 build_my/stm32f4xx_hal_uart.o
                0x0800780e                HAL_UART_Transmit
 .text.HAL_UART_Transmit_IT
                0x080078f0       0x48 build_my/stm32f4xx_hal_uart.o
                0x080078f0                HAL_UART_Transmit_IT
 .text.HAL_UART_Receive_IT
                0x08007938       0x5c build_my/stm32f4xx_hal_uart.o
                0x08007938                HAL_UART_Receive_IT
 .text.HAL_UART_Transmit_DMA
                0x08007994       0x8c build_my/stm32f4xx_hal_uart.o
                0x08007994                HAL_UART_Transmit_DMA
 .text.HAL_UART_Receive_DMA
                0x08007a20       0xa8 build_my/stm32f4xx_hal_uart.o
                0x08007a20                HAL_UART_Receive_DMA
 .text.HAL_UART_DMAStop
                0x08007ac8       0x64 build_my/stm32f4xx_hal_uart.o
                0x08007ac8                HAL_UART_DMAStop
 .text.HAL_UART_TxCpltCallback
                0x08007b2c        0x2 build_my/stm32f4xx_hal_uart.o
                0x08007b2c                HAL_UART_TxCpltCallback
 .text.UART_DMATransmitCplt
                0x08007b2e       0x30 build_my/stm32f4xx_hal_uart.o
 .text.UART_EndTransmit_IT
                0x08007b5e       0x1a build_my/stm32f4xx_hal_uart.o
 .text.HAL_UART_TxHalfCpltCallback
                0x08007b78        0x2 build_my/stm32f4xx_hal_uart.o
                0x08007b78                HAL_UART_TxHalfCpltCallback
 .text.UART_DMATxHalfCplt
                0x08007b7a        0xa build_my/stm32f4xx_hal_uart.o
 .text.UART_DMAReceiveCplt
                0x08007b84       0x3e build_my/stm32f4xx_hal_uart.o
 .text.UART_Receive_IT
                0x08007bc2       0x9e build_my/stm32f4xx_hal_uart.o
 .text.HAL_UART_RxHalfCpltCallback
                0x08007c60        0x2 build_my/stm32f4xx_hal_uart.o
                0x08007c60                HAL_UART_RxHalfCpltCallback
 .text.UART_DMARxHalfCplt
                0x08007c62        0xa build_my/stm32f4xx_hal_uart.o
 .text.HAL_UART_ErrorCallback
                0x08007c6c        0x2 build_my/stm32f4xx_hal_uart.o
                0x08007c6c                HAL_UART_ErrorCallback
 .text.UART_DMAError
                0x08007c6e       0x58 build_my/stm32f4xx_hal_uart.o
 *fill*         0x08007cc6        0x2 
 .text.HAL_UART_IRQHandler
                0x08007cc8      0x128 build_my/stm32f4xx_hal_uart.o
                0x08007cc8                HAL_UART_IRQHandler
 .text.UART_DMAAbortOnError
                0x08007df0       0x10 build_my/stm32f4xx_hal_uart.o
 .text.SystemInit
                0x08007e00       0x1c build_my/system_stm32f4xx.o
                0x08007e00                SystemInit
 .text.MX_DMA_Init
                0x08007e1c       0x78 build_my/dma.o
                0x08007e1c                MX_DMA_Init
 .text.MX_SPI3_Init
                0x08007e94       0x48 build_my/spi.o
                0x08007e94                MX_SPI3_Init
 .text.HAL_SPI_MspInit
                0x08007edc      0x158 build_my/spi.o
                0x08007edc                HAL_SPI_MspInit
 .text.SPI_WaitFlagStateUntilTimeout
                0x08008034       0x94 build_my/stm32f4xx_hal_spi.o
 .text.SPI_EndRxTxTransaction
                0x080080c8       0x68 build_my/stm32f4xx_hal_spi.o
 .text.HAL_SPI_Init
                0x08008130       0x8c build_my/stm32f4xx_hal_spi.o
                0x08008130                HAL_SPI_Init
 .text.HAL_SPI_TransmitReceive
                0x080081bc      0x2e0 build_my/stm32f4xx_hal_spi.o
                0x080081bc                HAL_SPI_TransmitReceive
 .text.Reset_Handler
                0x0800849c       0x50 build_my/startup_stm32f405xx.o
                0x0800849c                Reset_Handler
 .text.Default_Handler
                0x080084ec        0x2 build_my/startup_stm32f405xx.o
                0x080084ec                RTC_Alarm_IRQHandler
                0x080084ec                HASH_RNG_IRQHandler
                0x080084ec                EXTI2_IRQHandler
                0x080084ec                TIM8_CC_IRQHandler
                0x080084ec                TIM1_CC_IRQHandler
                0x080084ec                DMA2_Stream5_IRQHandler
                0x080084ec                DMA1_Stream5_IRQHandler
                0x080084ec                PVD_IRQHandler
                0x080084ec                SDIO_IRQHandler
                0x080084ec                TAMP_STAMP_IRQHandler
                0x080084ec                CAN2_RX1_IRQHandler
                0x080084ec                EXTI3_IRQHandler
                0x080084ec                TIM8_TRG_COM_TIM14_IRQHandler
                0x080084ec                TIM8_UP_TIM13_IRQHandler
                0x080084ec                I2C3_ER_IRQHandler
                0x080084ec                EXTI0_IRQHandler
                0x080084ec                I2C2_EV_IRQHandler
                0x080084ec                DMA1_Stream2_IRQHandler
                0x080084ec                FPU_IRQHandler
                0x080084ec                OTG_HS_WKUP_IRQHandler
                0x080084ec                CAN2_SCE_IRQHandler
                0x080084ec                DMA2_Stream2_IRQHandler
                0x080084ec                SPI1_IRQHandler
                0x080084ec                TIM1_BRK_TIM9_IRQHandler
                0x080084ec                CAN2_RX0_IRQHandler
                0x080084ec                DMA2_Stream3_IRQHandler
                0x080084ec                USART6_IRQHandler
                0x080084ec                USART3_IRQHandler
                0x080084ec                CAN1_RX1_IRQHandler
                0x080084ec                TIM4_IRQHandler
                0x080084ec                I2C1_EV_IRQHandler
                0x080084ec                DMA1_Stream6_IRQHandler
                0x080084ec                DMA1_Stream1_IRQHandler
                0x080084ec                UART4_IRQHandler
                0x080084ec                TIM3_IRQHandler
                0x080084ec                RCC_IRQHandler
                0x080084ec                TIM8_BRK_TIM12_IRQHandler
                0x080084ec                Default_Handler
                0x080084ec                EXTI15_10_IRQHandler
                0x080084ec                ADC_IRQHandler
                0x080084ec                CAN2_TX_IRQHandler
                0x080084ec                TIM5_IRQHandler
                0x080084ec                DMA2_Stream7_IRQHandler
                0x080084ec                I2C3_EV_IRQHandler
                0x080084ec                EXTI9_5_IRQHandler
                0x080084ec                RTC_WKUP_IRQHandler
                0x080084ec                SPI2_IRQHandler
                0x080084ec                OTG_HS_EP1_IN_IRQHandler
                0x080084ec                CAN1_TX_IRQHandler
                0x080084ec                EXTI4_IRQHandler
                0x080084ec                FSMC_IRQHandler
                0x080084ec                OTG_HS_EP1_OUT_IRQHandler
                0x080084ec                WWDG_IRQHandler
                0x080084ec                TIM2_IRQHandler
                0x080084ec                OTG_FS_WKUP_IRQHandler
                0x080084ec                TIM1_TRG_COM_TIM11_IRQHandler
                0x080084ec                OTG_HS_IRQHandler
                0x080084ec                EXTI1_IRQHandler
                0x080084ec                USART2_IRQHandler
                0x080084ec                I2C2_ER_IRQHandler
                0x080084ec                DMA2_Stream1_IRQHandler
                0x080084ec                CAN1_SCE_IRQHandler
                0x080084ec                FLASH_IRQHandler
                0x080084ec                DMA2_Stream4_IRQHandler
                0x080084ec                USART1_IRQHandler
                0x080084ec                OTG_FS_IRQHandler
                0x080084ec                SPI3_IRQHandler
                0x080084ec                DMA1_Stream4_IRQHandler
                0x080084ec                I2C1_ER_IRQHandler
                0x080084ec                DMA2_Stream6_IRQHandler
                0x080084ec                DMA1_Stream3_IRQHandler
 .text.atof     0x080084ee        0x6 c:/arm_gcc/bin/../lib/gcc/arm-none-eabi/9.2.1/../../../../arm-none-eabi/lib/thumb/v7e-m+fp/hard\libc_nano.a(lib_a-atof.o)
                0x080084ee                atof
 .text.__libc_init_array
                0x080084f4       0x48 c:/arm_gcc/bin/../lib/gcc/arm-none-eabi/9.2.1/../../../../arm-none-eabi/lib/thumb/v7e-m+fp/hard\libc_nano.a(lib_a-init.o)
                0x080084f4                __libc_init_array
 .text.malloc   0x0800853c       0x10 c:/arm_gcc/bin/../lib/gcc/arm-none-eabi/9.2.1/../../../../arm-none-eabi/lib/thumb/v7e-m+fp/hard\libc_nano.a(lib_a-malloc.o)
                0x0800853c                malloc
 .text.free     0x0800854c       0x10 c:/arm_gcc/bin/../lib/gcc/arm-none-eabi/9.2.1/../../../../arm-none-eabi/lib/thumb/v7e-m+fp/hard\libc_nano.a(lib_a-malloc.o)
                0x0800854c                free
 .text.memcpy   0x0800855c       0x1c c:/arm_gcc/bin/../lib/gcc/arm-none-eabi/9.2.1/../../../../arm-none-eabi/lib/thumb/v7e-m+fp/hard\libc_nano.a(lib_a-memcpy-stub.o)
                0x0800855c                memcpy
 .text.memset   0x08008578       0x10 c:/arm_gcc/bin/../lib/gcc/arm-none-eabi/9.2.1/../../../../arm-none-eabi/lib/thumb/v7e-m+fp/hard\libc_nano.a(lib_a-memset.o)
                0x08008578                memset
 .text._free_r  0x08008588       0xa0 c:/arm_gcc/bin/../lib/gcc/arm-none-eabi/9.2.1/../../../../arm-none-eabi/lib/thumb/v7e-m+fp/hard\libc_nano.a(lib_a-nano-freer.o)
                0x08008588                _free_r
 .text._malloc_r
                0x08008628       0xb4 c:/arm_gcc/bin/../lib/gcc/arm-none-eabi/9.2.1/../../../../arm-none-eabi/lib/thumb/v7e-m+fp/hard\libc_nano.a(lib_a-nano-mallocr.o)
                0x08008628                _malloc_r
 .text.__cvt    0x080086dc       0xc4 c:/arm_gcc/bin/../lib/gcc/arm-none-eabi/9.2.1/../../../../arm-none-eabi/lib/thumb/v7e-m+fp/hard\libc_nano.a(lib_a-nano-vfprintf_float.o)
                0x080086dc                __cvt
 .text.__exponent
                0x080087a0       0x7c c:/arm_gcc/bin/../lib/gcc/arm-none-eabi/9.2.1/../../../../arm-none-eabi/lib/thumb/v7e-m+fp/hard\libc_nano.a(lib_a-nano-vfprintf_float.o)
                0x080087a0                __exponent
 .text._printf_float
                0x0800881c      0x46c c:/arm_gcc/bin/../lib/gcc/arm-none-eabi/9.2.1/../../../../arm-none-eabi/lib/thumb/v7e-m+fp/hard\libc_nano.a(lib_a-nano-vfprintf_float.o)
                0x0800881c                _printf_float
 .text._printf_common
                0x08008c88       0xda c:/arm_gcc/bin/../lib/gcc/arm-none-eabi/9.2.1/../../../../arm-none-eabi/lib/thumb/v7e-m+fp/hard\libc_nano.a(lib_a-nano-vfprintf_i.o)
                0x08008c88                _printf_common
 *fill*         0x08008d62        0x2 
 .text._printf_i
                0x08008d64      0x24c c:/arm_gcc/bin/../lib/gcc/arm-none-eabi/9.2.1/../../../../arm-none-eabi/lib/thumb/v7e-m+fp/hard\libc_nano.a(lib_a-nano-vfprintf_i.o)
                0x08008d64                _printf_i
 .text._sbrk_r  0x08008fb0       0x20 c:/arm_gcc/bin/../lib/gcc/arm-none-eabi/9.2.1/../../../../arm-none-eabi/lib/thumb/v7e-m+fp/hard\libc_nano.a(lib_a-sbrkr.o)
                0x08008fb0                _sbrk_r
 .text.sulp     0x08008fd0       0x38 c:/arm_gcc/bin/../lib/gcc/arm-none-eabi/9.2.1/../../../../arm-none-eabi/lib/thumb/v7e-m+fp/hard\libc_nano.a(lib_a-strtod.o)
 .text._strtod_l
                0x08009008      0xc14 c:/arm_gcc/bin/../lib/gcc/arm-none-eabi/9.2.1/../../../../arm-none-eabi/lib/thumb/v7e-m+fp/hard\libc_nano.a(lib_a-strtod.o)
                0x08009008                _strtod_l
 .text.strtod   0x08009c1c       0x18 c:/arm_gcc/bin/../lib/gcc/arm-none-eabi/9.2.1/../../../../arm-none-eabi/lib/thumb/v7e-m+fp/hard\libc_nano.a(lib_a-strtod.o)
                0x08009c1c                strtod
 .text._vsnprintf_r
                0x08009c34       0x58 c:/arm_gcc/bin/../lib/gcc/arm-none-eabi/9.2.1/../../../../arm-none-eabi/lib/thumb/v7e-m+fp/hard\libc_nano.a(lib_a-vsnprintf.o)
                0x08009c34                _vsniprintf_r
                0x08009c34                _vsnprintf_r
 .text.vsnprintf
                0x08009c8c       0x1c c:/arm_gcc/bin/../lib/gcc/arm-none-eabi/9.2.1/../../../../arm-none-eabi/lib/thumb/v7e-m+fp/hard\libc_nano.a(lib_a-vsnprintf.o)
                0x08009c8c                vsniprintf
                0x08009c8c                vsnprintf
 .text.quorem   0x08009ca8      0x116 c:/arm_gcc/bin/../lib/gcc/arm-none-eabi/9.2.1/../../../../arm-none-eabi/lib/thumb/v7e-m+fp/hard\libc_nano.a(lib_a-dtoa.o)
 *fill*         0x08009dbe        0x2 
 .text._dtoa_r  0x08009dc0      0xbbc c:/arm_gcc/bin/../lib/gcc/arm-none-eabi/9.2.1/../../../../arm-none-eabi/lib/thumb/v7e-m+fp/hard\libc_nano.a(lib_a-dtoa.o)
                0x08009dc0                _dtoa_r
 .text.rshift   0x0800a97c       0xa4 c:/arm_gcc/bin/../lib/gcc/arm-none-eabi/9.2.1/../../../../arm-none-eabi/lib/thumb/v7e-m+fp/hard\libc_nano.a(lib_a-gdtoa-gethex.o)
 .text.__hexdig_fun
                0x0800aa20       0x2a c:/arm_gcc/bin/../lib/gcc/arm-none-eabi/9.2.1/../../../../arm-none-eabi/lib/thumb/v7e-m+fp/hard\libc_nano.a(lib_a-gdtoa-gethex.o)
                0x0800aa20                __hexdig_fun
 *fill*         0x0800aa4a        0x2 
 .text.__gethex
                0x0800aa4c      0x468 c:/arm_gcc/bin/../lib/gcc/arm-none-eabi/9.2.1/../../../../arm-none-eabi/lib/thumb/v7e-m+fp/hard\libc_nano.a(lib_a-gdtoa-gethex.o)
                0x0800aa4c                __gethex
 .text.L_shift  0x0800aeb4       0x24 c:/arm_gcc/bin/../lib/gcc/arm-none-eabi/9.2.1/../../../../arm-none-eabi/lib/thumb/v7e-m+fp/hard\libc_nano.a(lib_a-gdtoa-hexnan.o)
 .text.__match  0x0800aed8       0x28 c:/arm_gcc/bin/../lib/gcc/arm-none-eabi/9.2.1/../../../../arm-none-eabi/lib/thumb/v7e-m+fp/hard\libc_nano.a(lib_a-gdtoa-hexnan.o)
                0x0800aed8                __match
 .text.__hexnan
                0x0800af00      0x138 c:/arm_gcc/bin/../lib/gcc/arm-none-eabi/9.2.1/../../../../arm-none-eabi/lib/thumb/v7e-m+fp/hard\libc_nano.a(lib_a-gdtoa-hexnan.o)
                0x0800af00                __hexnan
 .text._localeconv_r
                0x0800b038        0x8 c:/arm_gcc/bin/../lib/gcc/arm-none-eabi/9.2.1/../../../../arm-none-eabi/lib/thumb/v7e-m+fp/hard\libc_nano.a(lib_a-localeconv.o)
                0x0800b038                _localeconv_r
 .text.__ascii_mbtowc
                0x0800b040       0x24 c:/arm_gcc/bin/../lib/gcc/arm-none-eabi/9.2.1/../../../../arm-none-eabi/lib/thumb/v7e-m+fp/hard\libc_nano.a(lib_a-mbtowc_r.o)
                0x0800b040                __ascii_mbtowc
 .text.__malloc_lock
                0x0800b064        0xc c:/arm_gcc/bin/../lib/gcc/arm-none-eabi/9.2.1/../../../../arm-none-eabi/lib/thumb/v7e-m+fp/hard\libc_nano.a(lib_a-mlock.o)
                0x0800b064                __malloc_lock
 .text.__malloc_unlock
                0x0800b070        0xc c:/arm_gcc/bin/../lib/gcc/arm-none-eabi/9.2.1/../../../../arm-none-eabi/lib/thumb/v7e-m+fp/hard\libc_nano.a(lib_a-mlock.o)
                0x0800b070                __malloc_unlock
 .text._Balloc  0x0800b07c       0x68 c:/arm_gcc/bin/../lib/gcc/arm-none-eabi/9.2.1/../../../../arm-none-eabi/lib/thumb/v7e-m+fp/hard\libc_nano.a(lib_a-mprec.o)
                0x0800b07c                _Balloc
 .text._Bfree   0x0800b0e4       0x2e c:/arm_gcc/bin/../lib/gcc/arm-none-eabi/9.2.1/../../../../arm-none-eabi/lib/thumb/v7e-m+fp/hard\libc_nano.a(lib_a-mprec.o)
                0x0800b0e4                _Bfree
 .text.__multadd
                0x0800b112       0x7c c:/arm_gcc/bin/../lib/gcc/arm-none-eabi/9.2.1/../../../../arm-none-eabi/lib/thumb/v7e-m+fp/hard\libc_nano.a(lib_a-mprec.o)
                0x0800b112                __multadd
 .text.__s2b    0x0800b18e       0x7c c:/arm_gcc/bin/../lib/gcc/arm-none-eabi/9.2.1/../../../../arm-none-eabi/lib/thumb/v7e-m+fp/hard\libc_nano.a(lib_a-mprec.o)
                0x0800b18e                __s2b
 .text.__hi0bits
                0x0800b20a       0x40 c:/arm_gcc/bin/../lib/gcc/arm-none-eabi/9.2.1/../../../../arm-none-eabi/lib/thumb/v7e-m+fp/hard\libc_nano.a(lib_a-mprec.o)
                0x0800b20a                __hi0bits
 .text.__lo0bits
                0x0800b24a       0x60 c:/arm_gcc/bin/../lib/gcc/arm-none-eabi/9.2.1/../../../../arm-none-eabi/lib/thumb/v7e-m+fp/hard\libc_nano.a(lib_a-mprec.o)
                0x0800b24a                __lo0bits
 .text.__i2b    0x0800b2aa       0x12 c:/arm_gcc/bin/../lib/gcc/arm-none-eabi/9.2.1/../../../../arm-none-eabi/lib/thumb/v7e-m+fp/hard\libc_nano.a(lib_a-mprec.o)
                0x0800b2aa                __i2b
 .text.__multiply
                0x0800b2bc      0x138 c:/arm_gcc/bin/../lib/gcc/arm-none-eabi/9.2.1/../../../../arm-none-eabi/lib/thumb/v7e-m+fp/hard\libc_nano.a(lib_a-mprec.o)
                0x0800b2bc                __multiply
 .text.__pow5mult
                0x0800b3f4       0x9c c:/arm_gcc/bin/../lib/gcc/arm-none-eabi/9.2.1/../../../../arm-none-eabi/lib/thumb/v7e-m+fp/hard\libc_nano.a(lib_a-mprec.o)
                0x0800b3f4                __pow5mult
 .text.__lshift
                0x0800b490       0xbe c:/arm_gcc/bin/../lib/gcc/arm-none-eabi/9.2.1/../../../../arm-none-eabi/lib/thumb/v7e-m+fp/hard\libc_nano.a(lib_a-mprec.o)
                0x0800b490                __lshift
 .text.__mcmp   0x0800b54e       0x38 c:/arm_gcc/bin/../lib/gcc/arm-none-eabi/9.2.1/../../../../arm-none-eabi/lib/thumb/v7e-m+fp/hard\libc_nano.a(lib_a-mprec.o)
                0x0800b54e                __mcmp
 .text.__mdiff  0x0800b586       0xec c:/arm_gcc/bin/../lib/gcc/arm-none-eabi/9.2.1/../../../../arm-none-eabi/lib/thumb/v7e-m+fp/hard\libc_nano.a(lib_a-mprec.o)
                0x0800b586                __mdiff
 *fill*         0x0800b672        0x2 
 .text.__ulp    0x0800b674       0x58 c:/arm_gcc/bin/../lib/gcc/arm-none-eabi/9.2.1/../../../../arm-none-eabi/lib/thumb/v7e-m+fp/hard\libc_nano.a(lib_a-mprec.o)
                0x0800b674                __ulp
 .text.__b2d    0x0800b6cc       0xa0 c:/arm_gcc/bin/../lib/gcc/arm-none-eabi/9.2.1/../../../../arm-none-eabi/lib/thumb/v7e-m+fp/hard\libc_nano.a(lib_a-mprec.o)
                0x0800b6cc                __b2d
 .text.__d2b    0x0800b76c       0xa0 c:/arm_gcc/bin/../lib/gcc/arm-none-eabi/9.2.1/../../../../arm-none-eabi/lib/thumb/v7e-m+fp/hard\libc_nano.a(lib_a-mprec.o)
                0x0800b76c                __d2b
 .text.__ratio  0x0800b80c       0x66 c:/arm_gcc/bin/../lib/gcc/arm-none-eabi/9.2.1/../../../../arm-none-eabi/lib/thumb/v7e-m+fp/hard\libc_nano.a(lib_a-mprec.o)
                0x0800b80c                __ratio
 .text.__copybits
                0x0800b872       0x46 c:/arm_gcc/bin/../lib/gcc/arm-none-eabi/9.2.1/../../../../arm-none-eabi/lib/thumb/v7e-m+fp/hard\libc_nano.a(lib_a-mprec.o)
                0x0800b872                __copybits
 .text.__any_on
                0x0800b8b8       0x42 c:/arm_gcc/bin/../lib/gcc/arm-none-eabi/9.2.1/../../../../arm-none-eabi/lib/thumb/v7e-m+fp/hard\libc_nano.a(lib_a-mprec.o)
                0x0800b8b8                __any_on
 .text._calloc_r
                0x0800b8fa       0x1e c:/arm_gcc/bin/../lib/gcc/arm-none-eabi/9.2.1/../../../../arm-none-eabi/lib/thumb/v7e-m+fp/hard\libc_nano.a(lib_a-nano-callocr.o)
                0x0800b8fa                _calloc_r
 .text.__ssputs_r
                0x0800b918       0xb6 c:/arm_gcc/bin/../lib/gcc/arm-none-eabi/9.2.1/../../../../arm-none-eabi/lib/thumb/v7e-m+fp/hard\libc_nano.a(lib_a-nano-svfprintf.o)
                0x0800b918                __ssputs_r
 *fill*         0x0800b9ce        0x2 
 .text._svfprintf_r
                0x0800b9d0      0x200 c:/arm_gcc/bin/../lib/gcc/arm-none-eabi/9.2.1/../../../../arm-none-eabi/lib/thumb/v7e-m+fp/hard\libc_nano.a(lib_a-nano-svfprintf.o)
                0x0800b9d0                _svfiprintf_r
                0x0800b9d0                _svfprintf_r
 .text.nan      0x0800bbd0       0x10 c:/arm_gcc/bin/../lib/gcc/arm-none-eabi/9.2.1/../../../../arm-none-eabi/lib/thumb/v7e-m+fp/hard\libc_nano.a(lib_a-s_nan.o)
                0x0800bbd0                nan
 .text.strncmp  0x0800bbe0       0x24 c:/arm_gcc/bin/../lib/gcc/arm-none-eabi/9.2.1/../../../../arm-none-eabi/lib/thumb/v7e-m+fp/hard\libc_nano.a(lib_a-strncmp.o)
                0x0800bbe0                strncmp
 .text.__ascii_wctomb
                0x0800bc04       0x1a c:/arm_gcc/bin/../lib/gcc/arm-none-eabi/9.2.1/../../../../arm-none-eabi/lib/thumb/v7e-m+fp/hard\libc_nano.a(lib_a-wctomb_r.o)
                0x0800bc04                __ascii_wctomb
 .text.__retarget_lock_acquire_recursive
                0x0800bc1e        0x2 c:/arm_gcc/bin/../lib/gcc/arm-none-eabi/9.2.1/../../../../arm-none-eabi/lib/thumb/v7e-m+fp/hard\libc_nano.a(lib_a-lock.o)
                0x0800bc1e                __retarget_lock_acquire_recursive
 .text.__retarget_lock_release_recursive
                0x0800bc20        0x2 c:/arm_gcc/bin/../lib/gcc/arm-none-eabi/9.2.1/../../../../arm-none-eabi/lib/thumb/v7e-m+fp/hard\libc_nano.a(lib_a-lock.o)
                0x0800bc20                __retarget_lock_release_recursive
 .text.memmove  0x0800bc22       0x34 c:/arm_gcc/bin/../lib/gcc/arm-none-eabi/9.2.1/../../../../arm-none-eabi/lib/thumb/v7e-m+fp/hard\libc_nano.a(lib_a-memmove.o)
                0x0800bc22                memmove
 .text._realloc_r
                0x0800bc56       0x4c c:/arm_gcc/bin/../lib/gcc/arm-none-eabi/9.2.1/../../../../arm-none-eabi/lib/thumb/v7e-m+fp/hard\libc_nano.a(lib_a-nano-reallocr.o)
                0x0800bc56                _realloc_r
 .text._malloc_usable_size_r
                0x0800bca2       0x10 c:/arm_gcc/bin/../lib/gcc/arm-none-eabi/9.2.1/../../../../arm-none-eabi/lib/thumb/v7e-m+fp/hard\libc_nano.a(lib_a-nano-msizer.o)
                0x0800bca2                _malloc_usable_size_r
 *fill*         0x0800bcb2        0x2 
 .text.atan2f   0x0800bcb4        0x4 c:/arm_gcc/bin/../lib/gcc/arm-none-eabi/9.2.1/../../../../arm-none-eabi/lib/thumb/v7e-m+fp/hard\libm.a(lib_a-wf_atan2.o)
                0x0800bcb4                atan2f
 .text.sqrtf    0x0800bcb8       0xb0 c:/arm_gcc/bin/../lib/gcc/arm-none-eabi/9.2.1/../../../../arm-none-eabi/lib/thumb/v7e-m+fp/hard\libm.a(lib_a-wf_sqrt.o)
                0x0800bcb8                sqrtf
 .text.__ieee754_atan2f
                0x0800bd68      0x150 c:/arm_gcc/bin/../lib/gcc/arm-none-eabi/9.2.1/../../../../arm-none-eabi/lib/thumb/v7e-m+fp/hard\libm.a(lib_a-ef_atan2.o)
                0x0800bd68                __ieee754_atan2f
 .text.__ieee754_sqrtf
                0x0800beb8        0x8 c:/arm_gcc/bin/../lib/gcc/arm-none-eabi/9.2.1/../../../../arm-none-eabi/lib/thumb/v7e-m+fp/hard\libm.a(lib_a-ef_sqrt.o)
                0x0800beb8                __ieee754_sqrtf
 .text.matherr  0x0800bec0        0x4 c:/arm_gcc/bin/../lib/gcc/arm-none-eabi/9.2.1/../../../../arm-none-eabi/lib/thumb/v7e-m+fp/hard\libm.a(lib_a-s_matherr.o)
                0x0800bec0                matherr
 .text.atanf    0x0800bec4      0x1b0 c:/arm_gcc/bin/../lib/gcc/arm-none-eabi/9.2.1/../../../../arm-none-eabi/lib/thumb/v7e-m+fp/hard\libm.a(lib_a-sf_atan.o)
                0x0800bec4                atanf
 .text.fabsf    0x0800c074       0x10 c:/arm_gcc/bin/../lib/gcc/arm-none-eabi/9.2.1/../../../../arm-none-eabi/lib/thumb/v7e-m+fp/hard\libm.a(lib_a-sf_fabs.o)
                0x0800c074                fabsf
 .text._sbrk    0x0800c084       0x1c c:/arm_gcc/bin/../lib/gcc/arm-none-eabi/9.2.1/../../../../arm-none-eabi/lib/thumb/v7e-m+fp/hard\libnosys.a(sbrk.o)
                0x0800c084                _sbrk
 .text.__errno  0x0800c0a0        0xc c:/arm_gcc/bin/../lib/gcc/arm-none-eabi/9.2.1/../../../../arm-none-eabi/lib/thumb/v7e-m+fp/hard\libc_nano.a(lib_a-errno.o)
                0x0800c0a0                __errno
 *(.glue_7)
 .glue_7        0x0800c0ac        0x0 linker stubs
 *(.glue_7t)
 .glue_7t       0x0800c0ac        0x0 linker stubs
 *(.eh_frame)
 .eh_frame      0x0800c0ac        0x0 c:/arm_gcc/bin/../lib/gcc/arm-none-eabi/9.2.1/thumb/v7e-m+fp/hard/crtbegin.o
 *(.init)
 .init          0x0800c0ac        0x4 c:/arm_gcc/bin/../lib/gcc/arm-none-eabi/9.2.1/thumb/v7e-m+fp/hard/crti.o
                0x0800c0ac                _init
 .init          0x0800c0b0        0x8 c:/arm_gcc/bin/../lib/gcc/arm-none-eabi/9.2.1/thumb/v7e-m+fp/hard/crtn.o
 *(.fini)
 .fini          0x0800c0b8        0x4 c:/arm_gcc/bin/../lib/gcc/arm-none-eabi/9.2.1/thumb/v7e-m+fp/hard/crti.o
                0x0800c0b8                _fini
 .fini          0x0800c0bc        0x8 c:/arm_gcc/bin/../lib/gcc/arm-none-eabi/9.2.1/thumb/v7e-m+fp/hard/crtn.o
                0x0800c0c4                . = ALIGN (0x4)
                0x0800c0c4                _etext = .

.vfp11_veneer   0x0800c0c4        0x0
 .vfp11_veneer  0x0800c0c4        0x0 linker stubs

.v4_bx          0x0800c0c4        0x0
 .v4_bx         0x0800c0c4        0x0 linker stubs

.iplt           0x0800c0c4        0x0
 .iplt          0x0800c0c4        0x0 c:/arm_gcc/bin/../lib/gcc/arm-none-eabi/9.2.1/thumb/v7e-m+fp/hard/crtbegin.o

.rodata         0x0800c0c8     0x1110
                0x0800c0c8                . = ALIGN (0x4)
 *(.rodata)
 *(.rodata*)
 .rodata.main.str1.4
                0x0800c0c8       0x20 build_my/main.o
 .rodata.analize.str1.4
                0x0800c0e8       0x11 build_my/command.o
 *fill*         0x0800c0f9        0x3 
 .rodata.Print_Parameters.str1.4
                0x0800c0fc       0x6c build_my/parameter.o
 .rodata.Read_Parameters.str1.4
                0x0800c168       0x2e build_my/parameter.o
 *fill*         0x0800c196        0x2 
 .rodata.sinTable_f32
                0x0800c198      0x804 build_my/arm_common_tables.o
                0x0800c198                sinTable_f32
 .rodata.Current_ADC_Init.str1.4
                0x0800c99c       0x22 build_my/foc.o
 *fill*         0x0800c9be        0x2 
 .rodata.Test_Direction.str1.4
                0x0800c9c0       0x1a build_my/foc.o
 *fill*         0x0800c9da        0x2 
 .rodata.HAL_ADC_ConvCpltCallback.str1.4
                0x0800c9dc       0x25 build_my/foc.o
 *fill*         0x0800ca01        0x3 
 .rodata.Measure_Res.str1.4
                0x0800ca04        0xb build_my/foc.o
 *fill*         0x0800ca0f        0x1 
 .rodata.Measure_Ind.str1.4
                0x0800ca10      0x11f build_my/foc.o
 *fill*         0x0800cb2f        0x1 
 .rodata.Detect_Encoder.str1.4
                0x0800cb30       0x87 build_my/foc.o
 *fill*         0x0800cbb7        0x1 
 .rodata.wave.str1.4
                0x0800cbb8       0x10 build_my/cmd_fun.o
 .rodata.position.str1.4
                0x0800cbc8       0x10 build_my/cmd_fun.o
 .rodata.set_mode.str1.4
                0x0800cbd8       0x2d build_my/cmd_fun.o
 *fill*         0x0800cc05        0x3 
 .rodata.set_pos_off_here.str1.4
                0x0800cc08       0x12 build_my/cmd_fun.o
 *fill*         0x0800cc1a        0x2 
 .rodata.test.str1.4
                0x0800cc1c       0x4b build_my/cmd_fun.o
 *fill*         0x0800cc67        0x1 
 .rodata.set_val.str1.4
                0x0800cc68       0x2d build_my/cmd_fun.o
                                 0x31 (size before relaxing)
 *fill*         0x0800cc95        0x3 
 .rodata.set_PID.str1.4
                0x0800cc98       0x37 build_my/cmd_fun.o
 *fill*         0x0800cccf        0x1 
 .rodata.set_to_u4.str1.4
                0x0800ccd0       0x35 build_my/cmd_fun.o
 *fill*         0x0800cd05        0x3 
 .rodata.test_direction.str1.4
                0x0800cd08       0x1b build_my/cmd_fun.o
 *fill*         0x0800cd23        0x1 
 .rodata.detect.str1.4
                0x0800cd24       0x1b build_my/cmd_fun.o
 *fill*         0x0800cd3f        0x1 
 .rodata.start.str1.4
                0x0800cd40        0xe build_my/cmd_fun.o
 *fill*         0x0800cd4e        0x2 
 .rodata.measure_res.str1.4
                0x0800cd50       0x1b build_my/cmd_fun.o
 *fill*         0x0800cd6b        0x1 
 .rodata.measure_ind.str1.4
                0x0800cd6c       0x1b build_my/cmd_fun.o
 *fill*         0x0800cd87        0x1 
 .rodata.wrtie_param.str1.4
                0x0800cd88       0x11 build_my/cmd_fun.o
 *fill*         0x0800cd99        0x3 
 .rodata.command_init.str1.4
                0x0800cd9c       0x80 build_my/cmd_fun.o
 .rodata.str1.4
                0x0800ce1c       0x87 build_my/cmd_fun.o
                                 0x8b (size before relaxing)
 *fill*         0x0800cea3        0x1 
 .rodata.HAL_CAN_RxFifo0MsgPendingCallback.str1.4
                0x0800cea4       0x10 build_my/can.o
 .rodata.flagBitshiftOffset.9010
                0x0800ceb4        0x8 build_my/stm32f4xx_hal_dma.o
 .rodata.AHBPrescTable
                0x0800cebc       0x10 build_my/system_stm32f4xx.o
                0x0800cebc                AHBPrescTable
 .rodata.APBPrescTable
                0x0800cecc        0x8 build_my/system_stm32f4xx.o
                0x0800cecc                APBPrescTable
 .rodata._ctype_
                0x0800ced4      0x101 c:/arm_gcc/bin/../lib/gcc/arm-none-eabi/9.2.1/../../../../arm-none-eabi/lib/thumb/v7e-m+fp/hard\libc_nano.a(lib_a-ctype_.o)
                0x0800ced4                _ctype_
 .rodata._printf_float.str1.1
                0x0800cfd5       0x12 c:/arm_gcc/bin/../lib/gcc/arm-none-eabi/9.2.1/../../../../arm-none-eabi/lib/thumb/v7e-m+fp/hard\libc_nano.a(lib_a-nano-vfprintf_float.o)
 .rodata._printf_i.str1.1
                0x0800cfe7       0x22 c:/arm_gcc/bin/../lib/gcc/arm-none-eabi/9.2.1/../../../../arm-none-eabi/lib/thumb/v7e-m+fp/hard\libc_nano.a(lib_a-nano-vfprintf_i.o)
 .rodata._strtod_l.str1.1
                0x0800d009       0x22 c:/arm_gcc/bin/../lib/gcc/arm-none-eabi/9.2.1/../../../../arm-none-eabi/lib/thumb/v7e-m+fp/hard\libc_nano.a(lib_a-strtod.o)
                                  0xd (size before relaxing)
 *fill*         0x0800d009        0x3 
 .rodata.fpi.7566
                0x0800d00c       0x14 c:/arm_gcc/bin/../lib/gcc/arm-none-eabi/9.2.1/../../../../arm-none-eabi/lib/thumb/v7e-m+fp/hard\libc_nano.a(lib_a-strtod.o)
 .rodata.fpinan.7602
                0x0800d020       0x14 c:/arm_gcc/bin/../lib/gcc/arm-none-eabi/9.2.1/../../../../arm-none-eabi/lib/thumb/v7e-m+fp/hard\libc_nano.a(lib_a-strtod.o)
 *fill*         0x0800d034        0x4 
 .rodata.tinytens
                0x0800d038       0x28 c:/arm_gcc/bin/../lib/gcc/arm-none-eabi/9.2.1/../../../../arm-none-eabi/lib/thumb/v7e-m+fp/hard\libc_nano.a(lib_a-strtod.o)
 .rodata._dtoa_r.str1.1
                0x0800d060        0xd c:/arm_gcc/bin/../lib/gcc/arm-none-eabi/9.2.1/../../../../arm-none-eabi/lib/thumb/v7e-m+fp/hard\libc_nano.a(lib_a-dtoa.o)
                                  0xf (size before relaxing)
 .rodata.str1.1
                0x0800d06d        0x2 c:/arm_gcc/bin/../lib/gcc/arm-none-eabi/9.2.1/../../../../arm-none-eabi/lib/thumb/v7e-m+fp/hard\libc_nano.a(lib_a-lnumeric.o)
                                  0x3 (size before relaxing)
 *fill*         0x0800d06f        0x1 
 .rodata._C_numeric_locale
                0x0800d070        0xc c:/arm_gcc/bin/../lib/gcc/arm-none-eabi/9.2.1/../../../../arm-none-eabi/lib/thumb/v7e-m+fp/hard\libc_nano.a(lib_a-lnumeric.o)
                0x0800d070                _C_numeric_locale
 .rodata._setlocale_r.str1.1
                0x0800d07c        0x8 c:/arm_gcc/bin/../lib/gcc/arm-none-eabi/9.2.1/../../../../arm-none-eabi/lib/thumb/v7e-m+fp/hard\libc_nano.a(lib_a-locale.o)
                                  0x9 (size before relaxing)
 .rodata.str1.1
                0x0800d084        0x2 c:/arm_gcc/bin/../lib/gcc/arm-none-eabi/9.2.1/../../../../arm-none-eabi/lib/thumb/v7e-m+fp/hard\libc_nano.a(lib_a-locale.o)
 *fill*         0x0800d084        0x4 
 .rodata.__mprec_bigtens
                0x0800d088       0x28 c:/arm_gcc/bin/../lib/gcc/arm-none-eabi/9.2.1/../../../../arm-none-eabi/lib/thumb/v7e-m+fp/hard\libc_nano.a(lib_a-mprec.o)
                0x0800d088                __mprec_bigtens
 .rodata.__mprec_tens
                0x0800d0b0       0xc8 c:/arm_gcc/bin/../lib/gcc/arm-none-eabi/9.2.1/../../../../arm-none-eabi/lib/thumb/v7e-m+fp/hard\libc_nano.a(lib_a-mprec.o)
                0x0800d0b0                __mprec_tens
 .rodata.p05.7490
                0x0800d178        0xc c:/arm_gcc/bin/../lib/gcc/arm-none-eabi/9.2.1/../../../../arm-none-eabi/lib/thumb/v7e-m+fp/hard\libc_nano.a(lib_a-mprec.o)
 .rodata._svfprintf_r.str1.1
                0x0800d184       0x11 c:/arm_gcc/bin/../lib/gcc/arm-none-eabi/9.2.1/../../../../arm-none-eabi/lib/thumb/v7e-m+fp/hard\libc_nano.a(lib_a-nano-svfprintf.o)
 *fill*         0x0800d195        0x3 
 .rodata.sqrtf.str1.4
                0x0800d198        0x6 c:/arm_gcc/bin/../lib/gcc/arm-none-eabi/9.2.1/../../../../arm-none-eabi/lib/thumb/v7e-m+fp/hard\libm.a(lib_a-wf_sqrt.o)
 *fill*         0x0800d19e        0x2 
 .rodata.CSWTCH.8
                0x0800d1a0        0xc c:/arm_gcc/bin/../lib/gcc/arm-none-eabi/9.2.1/../../../../arm-none-eabi/lib/thumb/v7e-m+fp/hard\libm.a(lib_a-ef_atan2.o)
 .rodata.CSWTCH.9
                0x0800d1ac        0xc c:/arm_gcc/bin/../lib/gcc/arm-none-eabi/9.2.1/../../../../arm-none-eabi/lib/thumb/v7e-m+fp/hard\libm.a(lib_a-ef_atan2.o)
 .rodata.atanhi
                0x0800d1b8       0x10 c:/arm_gcc/bin/../lib/gcc/arm-none-eabi/9.2.1/../../../../arm-none-eabi/lib/thumb/v7e-m+fp/hard\libm.a(lib_a-sf_atan.o)
 .rodata.atanlo
                0x0800d1c8       0x10 c:/arm_gcc/bin/../lib/gcc/arm-none-eabi/9.2.1/../../../../arm-none-eabi/lib/thumb/v7e-m+fp/hard\libm.a(lib_a-sf_atan.o)
                0x0800d1d8                . = ALIGN (0x4)

.ARM.extab
 *(.ARM.extab* .gnu.linkonce.armextab.*)

.ARM            0x0800d1d8        0x8
                0x0800d1d8                __exidx_start = .
 *(.ARM.exidx*)
 .ARM.exidx     0x0800d1d8        0x8 c:/arm_gcc/bin/../lib/gcc/arm-none-eabi/9.2.1/thumb/v7e-m+fp/hard\libgcc.a(_udivmoddi4.o)
                0x0800d1e0                __exidx_end = .

.rel.dyn        0x0800d1e0        0x0
 .rel.iplt      0x0800d1e0        0x0 c:/arm_gcc/bin/../lib/gcc/arm-none-eabi/9.2.1/thumb/v7e-m+fp/hard/crtbegin.o

.preinit_array  0x0800d1e0        0x0
                0x0800d1e0                PROVIDE (__preinit_array_start = .)
 *(.preinit_array*)
                0x0800d1e0                PROVIDE (__preinit_array_end = .)

.init_array     0x0800d1e0        0x4
                0x0800d1e0                PROVIDE (__init_array_start = .)
 *(SORT_BY_NAME(.init_array.*))
 *(.init_array*)
 .init_array    0x0800d1e0        0x4 c:/arm_gcc/bin/../lib/gcc/arm-none-eabi/9.2.1/thumb/v7e-m+fp/hard/crtbegin.o
                0x0800d1e4                PROVIDE (__init_array_end = .)

.fini_array     0x0800d1e4        0x4
                [!provide]                PROVIDE (__fini_array_start = .)
 *(SORT_BY_NAME(.fini_array.*))
 *(.fini_array*)
 .fini_array    0x0800d1e4        0x4 c:/arm_gcc/bin/../lib/gcc/arm-none-eabi/9.2.1/thumb/v7e-m+fp/hard/crtbegin.o
                [!provide]                PROVIDE (__fini_array_end = .)
                0x0800d1e8                _sidata = LOADADDR (.data)

.data           0x20000000      0x46c load address 0x0800d1e8
                0x20000000                . = ALIGN (0x4)
                0x20000000                _sdata = .
 *(.data)
 *(.data*)
 .data.Rx_Mode  0x20000000        0x1 build_my/uart_ext.o
 *fill*         0x20000001        0x3 
 .data.s        0x20000004       0x16 build_my/uart_ext.o
                0x20000004                s
 .data.Wave_ID  0x2000001a        0x1 build_my/debug_utils.o
                0x2000001a                Wave_ID
 *fill*         0x2000001b        0x1 
 .data.wg1      0x2000001c       0x14 build_my/utils.o
                0x2000001c                wg1
 .data.wg2      0x20000030       0x14 build_my/utils.o
                0x20000030                wg2
 .data.wg3      0x20000044       0x14 build_my/utils.o
                0x20000044                wg3
 .data.wg4      0x20000058       0x14 build_my/utils.o
                0x20000058                wg4
 .data.U1       0x2000006c       0x10 build_my/SVPWM.o
                0x2000006c                U1
 .data.U2       0x2000007c       0x10 build_my/SVPWM.o
                0x2000007c                U2
 .data.U3       0x2000008c       0x10 build_my/SVPWM.o
                0x2000008c                U3
 .data.U4       0x2000009c       0x10 build_my/SVPWM.o
                0x2000009c                U4
 .data.U5       0x200000ac       0x10 build_my/SVPWM.o
                0x200000ac                U5
 .data.U6       0x200000bc       0x10 build_my/SVPWM.o
                0x200000bc                U6
 .data.U7       0x200000cc       0x10 build_my/SVPWM.o
                0x200000cc                U7
 .data.Base_Duty
                0x200000dc        0x4 build_my/foc.o
                0x200000dc                Base_Duty
 .data.Base_Speed
                0x200000e0        0x4 build_my/foc.o
                0x200000e0                Base_Speed
 .data.Board_Mode
                0x200000e4        0x1 build_my/foc.o
                0x200000e4                Board_Mode
 *fill*         0x200000e5        0x3 
 .data.Id_PID   0x200000e8       0x24 build_my/foc.o
                0x200000e8                Id_PID
 .data.Iq_PID   0x2000010c       0x24 build_my/foc.o
                0x2000010c                Iq_PID
 .data.Iq_Set   0x20000130        0x4 build_my/foc.o
                0x20000130                Iq_Set
 .data.Ka       0x20000134        0x4 build_my/foc.o
                0x20000134                Ka
 .data.Kb       0x20000138        0x4 build_my/foc.o
                0x20000138                Kb
 .data.Last_Mode
                0x2000013c        0x1 build_my/foc.o
                0x2000013c                Last_Mode
 *fill*         0x2000013d        0x3 
 .data.Motor    0x20000140       0x14 build_my/foc.o
                0x20000140                Motor
 .data.Position_Offset
                0x20000154        0x4 build_my/foc.o
                0x20000154                Position_Offset
 .data.Position_PID
                0x20000158       0x24 build_my/foc.o
                0x20000158                Position_PID
 .data.Special_Id_PID
                0x2000017c       0x24 build_my/foc.o
                0x2000017c                Special_Id_PID
 .data.Special_Speed_PID
                0x200001a0       0x24 build_my/foc.o
                0x200001a0                Special_Speed_PID
 .data.Speed_PID
                0x200001c4       0x24 build_my/foc.o
                0x200001c4                Speed_PID
 .data.Var_List
                0x200001e8       0x98 build_my/cmd_fun.o
                0x200001e8                Var_List
 .data.test_s   0x20000280        0x4 build_my/cmd_fun.o
                0x20000280                test_s
 .data.test_s2  0x20000284        0x4 build_my/cmd_fun.o
                0x20000284                test_s2
 .data.Board_CAN_ID
                0x20000288        0x1 build_my/can.o
                0x20000288                Board_CAN_ID
 .data.uwTickFreq
                0x20000289        0x1 build_my/stm32f4xx_hal.o
                0x20000289                uwTickFreq
 *fill*         0x2000028a        0x2 
 .data.uwTickPrio
                0x2000028c        0x4 build_my/stm32f4xx_hal.o
                0x2000028c                uwTickPrio
 .data.SystemCoreClock
                0x20000290        0x4 build_my/system_stm32f4xx.o
                0x20000290                SystemCoreClock
 .data._impure_ptr
                0x20000294        0x4 c:/arm_gcc/bin/../lib/gcc/arm-none-eabi/9.2.1/../../../../arm-none-eabi/lib/thumb/v7e-m+fp/hard\libc_nano.a(lib_a-impure.o)
                0x20000294                _impure_ptr
 .data.impure_data
                0x20000298       0x60 c:/arm_gcc/bin/../lib/gcc/arm-none-eabi/9.2.1/../../../../arm-none-eabi/lib/thumb/v7e-m+fp/hard\libc_nano.a(lib_a-impure.o)
 .data.numempty
                0x200002f8        0x2 c:/arm_gcc/bin/../lib/gcc/arm-none-eabi/9.2.1/../../../../arm-none-eabi/lib/thumb/v7e-m+fp/hard\libc_nano.a(lib_a-lnumeric.o)
 *fill*         0x200002fa        0x2 
 .data.__global_locale
                0x200002fc      0x16c c:/arm_gcc/bin/../lib/gcc/arm-none-eabi/9.2.1/../../../../arm-none-eabi/lib/thumb/v7e-m+fp/hard\libc_nano.a(lib_a-locale.o)
                0x200002fc                __global_locale
 .data.__fdlib_version
                0x20000468        0x1 c:/arm_gcc/bin/../lib/gcc/arm-none-eabi/9.2.1/../../../../arm-none-eabi/lib/thumb/v7e-m+fp/hard\libm.a(lib_a-s_lib_ver.o)
                0x20000468                __fdlib_version
                0x2000046c                . = ALIGN (0x4)
 *fill*         0x20000469        0x3 
                0x2000046c                _edata = .
                0x0800d654                _siccmram = LOADADDR (.ccmram)

.igot.plt       0x2000046c        0x0 load address 0x0800d654
 .igot.plt      0x2000046c        0x0 c:/arm_gcc/bin/../lib/gcc/arm-none-eabi/9.2.1/thumb/v7e-m+fp/hard/crtbegin.o

.ccmram         0x10000000        0x0 load address 0x0800d654
                0x10000000                . = ALIGN (0x4)
                0x10000000                _sccmram = .
 *(.ccmram)
 *(.ccmram*)
                0x10000000                . = ALIGN (0x4)
                0x10000000                _eccmram = .
                0x10000000                . = ALIGN (0x4)

.bss            0x2000046c      0x898
                0x2000046c                _sbss = .
                0x2000046c                __bss_start__ = _sbss
 *(.bss)
 .bss           0x2000046c       0x1c c:/arm_gcc/bin/../lib/gcc/arm-none-eabi/9.2.1/thumb/v7e-m+fp/hard/crtbegin.o
 *(.bss*)
 .bss.Init_OK   0x20000488        0x1 build_my/main.o
                0x20000488                Init_OK
 .bss.Tx_Mode   0x20000489        0x1 build_my/uart_ext.o
 *fill*         0x2000048a        0x2 
 .bss.buffer_rx_count
                0x2000048c        0x4 build_my/uart_ext.o
                0x2000048c                buffer_rx_count
 .bss.debug_uart
                0x20000490        0x4 build_my/uart_ext.o
 .bss.CSN_PIN   0x20000494        0x2 build_my/as5047.o
 *fill*         0x20000496        0x2 
 .bss.CSN_PORT  0x20000498        0x4 build_my/as5047.o
 .bss.OK.9591   0x2000049c        0x1 build_my/as5047.o
 *fill*         0x2000049d        0x3 
 .bss.SPI_Read_Write
                0x200004a0        0x4 build_my/as5047.o
 .bss.result.9624
                0x200004a4        0x2 build_my/as5047.o
 .bss.Wave_Flag
                0x200004a6        0x1 build_my/debug_utils.o
                0x200004a6                Wave_Flag
 *fill*         0x200004a7        0x1 
 .bss.CCR_Dutys.12031
                0x200004a8        0xc build_my/SVPWM.o
 .bss.U0        0x200004b4       0x10 build_my/SVPWM.o
                0x200004b4                U0
 .bss.Base_Iq   0x200004c4        0x4 build_my/foc.o
                0x200004c4                Base_Iq
 .bss.Current_Protect_Cnt
                0x200004c8        0x1 build_my/foc.o
 *fill*         0x200004c9        0x3 
 .bss.Duty_Amp  0x200004cc        0x4 build_my/foc.o
                0x200004cc                Duty_Amp
 .bss.FOC_Flag  0x200004d0        0x1 build_my/foc.o
                0x200004d0                FOC_Flag
 *fill*         0x200004d1        0x3 
 .bss.Id_Set    0x200004d4        0x4 build_my/foc.o
                0x200004d4                Id_Set
 .bss.Input_Voltage
                0x200004d8        0x4 build_my/foc.o
                0x200004d8                Input_Voltage
 .bss.Iq_Amp    0x200004dc        0x4 build_my/foc.o
                0x200004dc                Iq_Amp
 .bss.Lead_Test_In
                0x200004e0        0x4 build_my/foc.o
                0x200004e0                Lead_Test_In
 .bss.Lead_Test_Out
                0x200004e4        0x4 build_my/foc.o
                0x200004e4                Lead_Test_Out
 .bss.Measure_Ind_Flag
                0x200004e8        0x1 build_my/foc.o
                0x200004e8                Measure_Ind_Flag
 .bss.Measure_Res_Flag
                0x200004e9        0x1 build_my/foc.o
                0x200004e9                Measure_Res_Flag
 *fill*         0x200004ea        0x2 
 .bss.Phi       0x200004ec        0x4 build_my/foc.o
                0x200004ec                Phi
 .bss.Speed_Amp
                0x200004f0        0x4 build_my/foc.o
                0x200004f0                Speed_Amp
 .bss.Speed_Set
                0x200004f4        0x4 build_my/foc.o
                0x200004f4                Speed_Set
 .bss.close_amp_flag.13502
                0x200004f8        0x1 build_my/foc.o
 *fill*         0x200004f9        0x3 
 .bss.current   0x200004fc        0x8 build_my/foc.o
                0x200004fc                current
 .bss.current_adc_offset
                0x20000504        0x4 build_my/foc.o
                0x20000504                current_adc_offset
 .bss.current_adc_value
                0x20000508        0x6 build_my/foc.o
                0x20000508                current_adc_value
 *fill*         0x2000050e        0x2 
 .bss.last_amp_value.13501
                0x20000510        0x4 build_my/foc.o
 .bss.last_base_speed.13500
                0x20000514        0x4 build_my/foc.o
 .bss.last_position_phase.13591
                0x20000518        0x4 build_my/foc.o
 .bss.speed_control_cnt.13498
                0x2000051c        0x4 build_my/foc.o
 .bss.TxData.10725
                0x20000520        0x8 build_my/can.o
 .bss.__malloc_free_list
                0x20000528        0x4 c:/arm_gcc/bin/../lib/gcc/arm-none-eabi/9.2.1/../../../../arm-none-eabi/lib/thumb/v7e-m+fp/hard\libc_nano.a(lib_a-nano-mallocr.o)
                0x20000528                __malloc_free_list
 .bss.__malloc_sbrk_start
                0x2000052c        0x4 c:/arm_gcc/bin/../lib/gcc/arm-none-eabi/9.2.1/../../../../arm-none-eabi/lib/thumb/v7e-m+fp/hard\libc_nano.a(lib_a-nano-mallocr.o)
                0x2000052c                __malloc_sbrk_start
 .bss.heap_end.5507
                0x20000530        0x4 c:/arm_gcc/bin/../lib/gcc/arm-none-eabi/9.2.1/../../../../arm-none-eabi/lib/thumb/v7e-m+fp/hard\libnosys.a(sbrk.o)
 *(COMMON)
 COMMON         0x20000534       0x86 build_my/uart_ext.o
                0x20000534                buffer_rx
                0x20000552                buffer_rx_OK
                0x20000554                uart_buffer
                0x200005b9                buffer_rx_temp
 *fill*         0x200005ba        0x2 
 COMMON         0x200005bc      0x194 build_my/command.o
                0x200005bc                CMD
 COMMON         0x20000750        0x6 build_my/as5047.o
                0x20000750                SPI_USE
                0x20000754                AS_5047_Err
 *fill*         0x20000756        0x2 
 COMMON         0x20000758       0x7c build_my/foc.o
                0x20000758                b
                0x2000075c                Speed
                0x20000760                Position
                0x20000764                Duty_Amp_Value
                0x20000768                Position_Degree_Set
                0x2000076c                I_Beta
                0x20000770                I_Alpha
                0x20000774                speed_observed
                0x20000778                Uq
                0x2000077c                Uq_Amp
                0x20000780                Id
                0x20000784                Base_Speed_Filter
                0x20000788                last_phi
                0x2000078c                Speed_Observe_Filter
                0x20000790                cos_val
                0x20000794                cos_val_last_phi
                0x20000798                Lead_Compensator_In
                0x2000079c                Iq
                0x200007a0                Measure_Sample
                0x200007b8                position_observed
                0x200007bc                Position_Phase_Degree
                0x200007c0                Base_Uq
                0x200007c4                Ud
                0x200007c8                Position_Degree
                0x200007cc                speed_observed2
                0x200007d0                Speed_Amp_Filter
 COMMON         0x200007d4       0x14 build_my/dac.o
                0x200007d4                hdac
 COMMON         0x200007e8      0x138 build_my/adc.o
                0x200007e8                hadc2
                0x20000830                hadc1
                0x20000878                hadc3
                0x200008c0                hdma_adc1
 COMMON         0x20000920       0x40 build_my/can.o
                0x20000920                hcan1
                0x20000948                TxHeader
 COMMON         0x20000960      0x100 build_my/tim.o
                0x20000960                htim8
                0x200009a0                htim6
                0x200009e0                htim1
                0x20000a20                htim7
 COMMON         0x20000a60      0x100 build_my/usart.o
                0x20000a60                huart5
                0x20000aa0                hdma_uart5_rx
                0x20000b00                hdma_uart5_tx
 COMMON         0x20000b60       0x20 build_my/stm32f4xx_hal_flash.o
                0x20000b60                pFlash
 COMMON         0x20000b80        0x4 build_my/stm32f4xx_hal.o
                0x20000b80                uwTick
 COMMON         0x20000b84      0x170 build_my/spi.o
                0x20000b84                hspi3
                0x20000bdc                hspi1
                0x20000c34                hdma_spi1_rx
                0x20000c94                hdma_spi1_tx
 COMMON         0x20000cf4        0x4 c:/arm_gcc/bin/../lib/gcc/arm-none-eabi/9.2.1/../../../../arm-none-eabi/lib/thumb/v7e-m+fp/hard\libc_nano.a(lib_a-reent.o)
                0x20000cf4                errno
 COMMON         0x20000cf8        0x9 c:/arm_gcc/bin/../lib/gcc/arm-none-eabi/9.2.1/../../../../arm-none-eabi/lib/thumb/v7e-m+fp/hard\libc_nano.a(lib_a-lock.o)
                0x20000cf8                __lock___atexit_recursive_mutex
                0x20000cf9                __lock___arc4random_mutex
                0x20000cfa                __lock___env_recursive_mutex
                0x20000cfb                __lock___sinit_recursive_mutex
                0x20000cfc                __lock___malloc_recursive_mutex
                0x20000cfd                __lock___at_quick_exit_mutex
                0x20000cfe                __lock___dd_hash_mutex
                0x20000cff                __lock___tz_mutex
                0x20000d00                __lock___sfp_recursive_mutex
                0x20000d04                . = ALIGN (0x4)
 *fill*         0x20000d01        0x3 
                0x20000d04                _ebss = .
                0x20000d04                __bss_end__ = _ebss

._user_heap_stack
                0x20000d04      0x604
                0x20000d08                . = ALIGN (0x8)
 *fill*         0x20000d04        0x4 
                0x20000d08                PROVIDE (end = .)
                [!provide]                PROVIDE (_end = .)
                0x20000f08                . = (. + _Min_Heap_Size)
 *fill*         0x20000d08      0x200 
                0x20001308                . = (. + _Min_Stack_Size)
 *fill*         0x20000f08      0x400 
                0x20001308                . = ALIGN (0x8)

/DISCARD/
 libc.a(*)
 libm.a(*)
 libgcc.a(*)

.ARM.attributes
                0x00000000       0x30
 *(.ARM.attributes)
 .ARM.attributes
                0x00000000       0x1e c:/arm_gcc/bin/../lib/gcc/arm-none-eabi/9.2.1/thumb/v7e-m+fp/hard/crti.o
 .ARM.attributes
                0x0000001e       0x34 c:/arm_gcc/bin/../lib/gcc/arm-none-eabi/9.2.1/thumb/v7e-m+fp/hard/crtbegin.o
 .ARM.attributes
                0x00000052       0x34 build_my/main.o
 .ARM.attributes
                0x00000086       0x34 build_my/uart_ext.o
 .ARM.attributes
                0x000000ba       0x34 build_my/command.o
 .ARM.attributes
                0x000000ee       0x34 build_my/as5047.o
 .ARM.attributes
                0x00000122       0x34 build_my/pid.o
 .ARM.attributes
                0x00000156       0x34 build_my/debug_utils.o
 .ARM.attributes
                0x0000018a       0x39 build_my/utils.o
 .ARM.attributes
                0x000001c3       0x34 build_my/gpio.o
 .ARM.attributes
                0x000001f7       0x34 build_my/SVPWM.o
 .ARM.attributes
                0x0000022b       0x34 build_my/parameter.o
 .ARM.attributes
                0x0000025f       0x34 build_my/arm_sin_cos_f32.o
 .ARM.attributes
                0x00000293       0x34 build_my/arm_cos_f32.o
 .ARM.attributes
                0x000002c7       0x39 build_my/arm_common_tables.o
 .ARM.attributes
                0x00000300       0x34 build_my/foc.o
 .ARM.attributes
                0x00000334       0x34 build_my/cmd_fun.o
 .ARM.attributes
                0x00000368       0x34 build_my/dac.o
 .ARM.attributes
                0x0000039c       0x34 build_my/adc.o
 .ARM.attributes
                0x000003d0       0x34 build_my/can.o
 .ARM.attributes
                0x00000404       0x34 build_my/tim.o
 .ARM.attributes
                0x00000438       0x34 build_my/usart.o
 .ARM.attributes
                0x0000046c       0x34 build_my/stm32f4xx_it.o
 .ARM.attributes
                0x000004a0       0x34 build_my/stm32f4xx_hal_msp.o
 .ARM.attributes
                0x000004d4       0x34 build_my/stm32f4xx_hal_adc.o
 .ARM.attributes
                0x00000508       0x34 build_my/stm32f4xx_hal_dac.o
 .ARM.attributes
                0x0000053c       0x34 build_my/stm32f4xx_hal_adc_ex.o
 .ARM.attributes
                0x00000570       0x34 build_my/stm32f4xx_hal_rcc.o
 .ARM.attributes
                0x000005a4       0x34 build_my/stm32f4xx_hal_flash.o
 .ARM.attributes
                0x000005d8       0x34 build_my/stm32f4xx_hal_flash_ex.o
 .ARM.attributes
                0x0000060c       0x34 build_my/stm32f4xx_hal_gpio.o
 .ARM.attributes
                0x00000640       0x34 build_my/stm32f4xx_hal_dma.o
 .ARM.attributes
                0x00000674       0x34 build_my/stm32f4xx_hal_cortex.o
 .ARM.attributes
                0x000006a8       0x34 build_my/stm32f4xx_hal.o
 .ARM.attributes
                0x000006dc       0x34 build_my/stm32f4xx_hal_can.o
 .ARM.attributes
                0x00000710       0x34 build_my/stm32f4xx_hal_tim.o
 .ARM.attributes