Archive member included to satisfy reference by file (symbol)

c:/arm_gcc/bin/../lib/gcc/arm-none-eabi/9.2.1/../../../../arm-none-eabi/lib/thumb/v7e-m+fp/hard\libc_nano.a(lib_a-atof.o)
                              build_my/command.o (atof)
c:/arm_gcc/bin/../lib/gcc/arm-none-eabi/9.2.1/../../../../arm-none-eabi/lib/thumb/v7e-m+fp/hard\libc_nano.a(lib_a-ctype_.o)
                              build_my/command.o (_ctype_)
c:/arm_gcc/bin/../lib/gcc/arm-none-eabi/9.2.1/../../../../arm-none-eabi/lib/thumb/v7e-m+fp/hard\libc_nano.a(lib_a-exit.o)
                              c:/arm_gcc/bin/../lib/gcc/arm-none-eabi/9.2.1/../../../../arm-none-eabi/lib/thumb/v7e-m+fp/hard/crt0.o (exit)
c:/arm_gcc/bin/../lib/gcc/arm-none-eabi/9.2.1/../../../../arm-none-eabi/lib/thumb/v7e-m+fp/hard\libc_nano.a(lib_a-impure.o)
                              c:/arm_gcc/bin/../lib/gcc/arm-none-eabi/9.2.1/../../../../arm-none-eabi/lib/thumb/v7e-m+fp/hard\libc_nano.a(lib_a-exit.o) (_global_impure_ptr)
c:/arm_gcc/bin/../lib/gcc/arm-none-eabi/9.2.1/../../../../arm-none-eabi/lib/thumb/v7e-m+fp/hard\libc_nano.a(lib_a-init.o)
                              c:/arm_gcc/bin/../lib/gcc/arm-none-eabi/9.2.1/../../../../arm-none-eabi/lib/thumb/v7e-m+fp/hard/crt0.o (__libc_init_array)
c:/arm_gcc/bin/../lib/gcc/arm-none-eabi/9.2.1/../../../../arm-none-eabi/lib/thumb/v7e-m+fp/hard\libc_nano.a(lib_a-malloc.o)
                              build_my/command.o (malloc)
c:/arm_gcc/bin/../lib/gcc/arm-none-eabi/9.2.1/../../../../arm-none-eabi/lib/thumb/v7e-m+fp/hard\libc_nano.a(lib_a-memcpy-stub.o)
                              build_my/soft_i2c.o (memcpy)
c:/arm_gcc/bin/../lib/gcc/arm-none-eabi/9.2.1/../../../../arm-none-eabi/lib/thumb/v7e-m+fp/hard\libc_nano.a(lib_a-memset.o)
                              c:/arm_gcc/bin/../lib/gcc/arm-none-eabi/9.2.1/../../../../arm-none-eabi/lib/thumb/v7e-m+fp/hard/crt0.o (memset)
c:/arm_gcc/bin/../lib/gcc/arm-none-eabi/9.2.1/../../../../arm-none-eabi/lib/thumb/v7e-m+fp/hard\libc_nano.a(lib_a-nano-freer.o)
                              c:/arm_gcc/bin/../lib/gcc/arm-none-eabi/9.2.1/../../../../arm-none-eabi/lib/thumb/v7e-m+fp/hard\libc_nano.a(lib_a-malloc.o) (_free_r)
c:/arm_gcc/bin/../lib/gcc/arm-none-eabi/9.2.1/../../../../arm-none-eabi/lib/thumb/v7e-m+fp/hard\libc_nano.a(lib_a-nano-mallocr.o)
                              c:/arm_gcc/bin/../lib/gcc/arm-none-eabi/9.2.1/../../../../arm-none-eabi/lib/thumb/v7e-m+fp/hard\libc_nano.a(lib_a-malloc.o) (_malloc_r)
c:/arm_gcc/bin/../lib/gcc/arm-none-eabi/9.2.1/../../../../arm-none-eabi/lib/thumb/v7e-m+fp/hard\libc_nano.a(lib_a-nano-vfprintf_float.o)
                              (_printf_float)
c:/arm_gcc/bin/../lib/gcc/arm-none-eabi/9.2.1/../../../../arm-none-eabi/lib/thumb/v7e-m+fp/hard\libc_nano.a(lib_a-nano-vfprintf_i.o)
                              c:/arm_gcc/bin/../lib/gcc/arm-none-eabi/9.2.1/../../../../arm-none-eabi/lib/thumb/v7e-m+fp/hard\libc_nano.a(lib_a-nano-vfprintf_float.o) (_printf_common)
c:/arm_gcc/bin/../lib/gcc/arm-none-eabi/9.2.1/../../../../arm-none-eabi/lib/thumb/v7e-m+fp/hard\libc_nano.a(lib_a-sbrkr.o)
                              c:/arm_gcc/bin/../lib/gcc/arm-none-eabi/9.2.1/../../../../arm-none-eabi/lib/thumb/v7e-m+fp/hard\libc_nano.a(lib_a-nano-mallocr.o) (_sbrk_r)
c:/arm_gcc/bin/../lib/gcc/arm-none-eabi/9.2.1/../../../../arm-none-eabi/lib/thumb/v7e-m+fp/hard\libc_nano.a(lib_a-strlen.o)
                              c:/arm_gcc/bin/../lib/gcc/arm-none-eabi/9.2.1/../../../../arm-none-eabi/lib/thumb/v7e-m+fp/hard\libc_nano.a(lib_a-nano-vfprintf_float.o) (strlen)
c:/arm_gcc/bin/../lib/gcc/arm-none-eabi/9.2.1/../../../../arm-none-eabi/lib/thumb/v7e-m+fp/hard\libc_nano.a(lib_a-strtod.o)
                              c:/arm_gcc/bin/../lib/gcc/arm-none-eabi/9.2.1/../../../../arm-none-eabi/lib/thumb/v7e-m+fp/hard\libc_nano.a(lib_a-atof.o) (strtod)
c:/arm_gcc/bin/../lib/gcc/arm-none-eabi/9.2.1/../../../../arm-none-eabi/lib/thumb/v7e-m+fp/hard\libc_nano.a(lib_a-vsnprintf.o)
                              build_my/uart_ext.o (vsnprintf)
c:/arm_gcc/bin/../lib/gcc/arm-none-eabi/9.2.1/../../../../arm-none-eabi/lib/thumb/v7e-m+fp/hard\libc_nano.a(lib_a-dtoa.o)
                              c:/arm_gcc/bin/../lib/gcc/arm-none-eabi/9.2.1/../../../../arm-none-eabi/lib/thumb/v7e-m+fp/hard\libc_nano.a(lib_a-nano-vfprintf_float.o) (_dtoa_r)
c:/arm_gcc/bin/../lib/gcc/arm-none-eabi/9.2.1/../../../../arm-none-eabi/lib/thumb/v7e-m+fp/hard\libc_nano.a(lib_a-gdtoa-gethex.o)
                              c:/arm_gcc/bin/../lib/gcc/arm-none-eabi/9.2.1/../../../../arm-none-eabi/lib/thumb/v7e-m+fp/hard\libc_nano.a(lib_a-strtod.o) (__gethex)
c:/arm_gcc/bin/../lib/gcc/arm-none-eabi/9.2.1/../../../../arm-none-eabi/lib/thumb/v7e-m+fp/hard\libc_nano.a(lib_a-gdtoa-hexnan.o)
                              c:/arm_gcc/bin/../lib/gcc/arm-none-eabi/9.2.1/../../../../arm-none-eabi/lib/thumb/v7e-m+fp/hard\libc_nano.a(lib_a-strtod.o) (__match)
[...]
Memory Configuration

Name             Origin             Length             Attributes
RAM              0x20000000         0x00020000         xrw
CCMRAM           0x10000000         0x00010000         rw
FLASH            0x08000000         0x00100000         xr
*default*        0x00000000         0xffffffff

Linker script and memory map

LOAD c:/arm_gcc/bin/../lib/gcc/arm-none-eabi/9.2.1/thumb/v7e-m+fp/hard/crti.o
LOAD c:/arm_gcc/bin/../lib/gcc/arm-none-eabi/9.2.1/thumb/v7e-m+fp/hard/crtbegin.o
LOAD c:/arm_gcc/bin/../lib/gcc/arm-none-eabi/9.2.1/../../../../arm-none-eabi/lib/thumb/v7e-m+fp/hard/crt0.o
LOAD build_my/main.o
LOAD build_my/uart_ext.o
LOAD build_my/command.o
LOAD build_my/as5047.o
LOAD build_my/pid.o
LOAD build_my/soft_i2c.o
LOAD build_my/icm20600.o
LOAD build_my/easy_angle.o
LOAD build_my/debug_utils.o
LOAD build_my/spi_slave.o
LOAD build_my/utils.o
LOAD build_my/gpio.o
LOAD build_my/SVPWM.o
LOAD build_my/parameter.o
LOAD build_my/arm_sin_cos_f32.o
LOAD build_my/arm_sin_f32.o
LOAD build_my/arm_cos_f32.o
LOAD build_my/arm_common_tables.o
LOAD build_my/foc.o
LOAD build_my/foc_spi_com.o
LOAD build_my/cmd_fun.o
LOAD build_my/dac.o
LOAD build_my/adc.o
LOAD build_my/can.o
LOAD build_my/sys.o
LOAD build_my/tim.o
LOAD build_my/usart.o
LOAD build_my/usb_otg.o
LOAD build_my/stm32f4xx_it.o
LOAD build_my/stm32f4xx_hal_msp.o
LOAD build_my/stm32f4xx_hal_adc.o
LOAD build_my/stm32f4xx_hal_dac.o
LOAD build_my/stm32f4xx_hal_adc_ex.o
LOAD build_my/stm32f4xx_hal_rcc.o
LOAD build_my/stm32f4xx_hal_rcc_ex.o
LOAD build_my/stm32f4xx_hal_flash.o
LOAD build_my/stm32f4xx_hal_flash_ex.o
LOAD build_my/stm32f4xx_hal_flash_ramfunc.o
LOAD build_my/stm32f4xx_hal_gpio.o
LOAD build_my/stm32f4xx_hal_dma_ex.o
LOAD build_my/stm32f4xx_hal_dma.o
LOAD build_my/stm32f4xx_hal_pwr.o
LOAD build_my/stm32f4xx_hal_pwr_ex.o
LOAD build_my/stm32f4xx_hal_cortex.o
LOAD build_my/stm32f4xx_hal.o
LOAD build_my/stm32f4xx_hal_exti.o
LOAD build_my/stm32f4xx_hal_can.o
LOAD build_my/stm32f4xx_hal_tim.o
LOAD build_my/stm32f4xx_hal_tim_ex.o
LOAD build_my/stm32f4xx_hal_uart.o
LOAD build_my/stm32f4xx_hal_pcd.o
LOAD build_my/stm32f4xx_hal_pcd_ex.o
LOAD build_my/stm32f4xx_ll_usb.o
LOAD build_my/system_stm32f4xx.o
LOAD build_my/dma.o
LOAD build_my/spi.o
LOAD build_my/stm32f4xx_hal_spi.o
LOAD build_my/startup_stm32f405xx.o
LOAD c:/arm_gcc/bin/../lib/gcc/arm-none-eabi/9.2.1/../../../../arm-none-eabi/lib/thumb/v7e-m+fp/hard\libc_nano.a
LOAD c:/arm_gcc/bin/../lib/gcc/arm-none-eabi/9.2.1/../../../../arm-none-eabi/lib/thumb/v7e-m+fp/hard\libm.a
LOAD c:/arm_gcc/bin/../lib/gcc/arm-none-eabi/9.2.1/../../../../arm-none-eabi/lib/thumb/v7e-m+fp/hard\libnosys.a
LOAD c:/arm_gcc/bin/../lib/gcc/arm-none-eabi/9.2.1/../../../../arm-none-eabi/lib/thumb/v7e-m+fp/hard\librdimon_nano.a
START GROUP
LOAD c:/arm_gcc/bin/../lib/gcc/arm-none-eabi/9.2.1/thumb/v7e-m+fp/hard\libgcc.a
LOAD c:/arm_gcc/bin/../lib/gcc/arm-none-eabi/9.2.1/../../../../arm-none-eabi/lib/thumb/v7e-m+fp/hard\libc_nano.a
END GROUP
START GROUP
LOAD c:/arm_gcc/bin/../lib/gcc/arm-none-eabi/9.2.1/thumb/v7e-m+fp/hard\libgcc.a
LOAD c:/arm_gcc/bin/../lib/gcc/arm-none-eabi/9.2.1/../../../../arm-none-eabi/lib/thumb/v7e-m+fp/hard\libc_nano.a
END GROUP
LOAD c:/arm_gcc/bin/../lib/gcc/arm-none-eabi/9.2.1/thumb/v7e-m+fp/hard/crtend.o
LOAD c:/arm_gcc/bin/../lib/gcc/arm-none-eabi/9.2.1/thumb/v7e-m+fp/hard/crtn.o
                0x20020000                _estack = 0x20020000
                0x00000200                _Min_Heap_Size = 0x200
                0x00000400                _Min_Stack_Size = 0x400

.isr_vector     0x08000000      0x188
                0x08000000                . = ALIGN (0x4)
 *(.isr_vector)
 .isr_vector    0x08000000      0x188 build_my/startup_stm32f405xx.o
                0x08000000                g_pfnVectors
                0x08000188                . = ALIGN (0x4)

.text           0x08000190     0xb8bc
                0x08000190                . = ALIGN (0x4)
 *(.text)
 .text          0x08000190       0x40 c:/arm_gcc/bin/../lib/gcc/arm-none-eabi/9.2.1/thumb/v7e-m+fp/hard/crtbegin.o
 .text          0x080001d0       0x10 c:/arm_gcc/bin/../lib/gcc/arm-none-eabi/9.2.1/../../../../arm-none-eabi/lib/thumb/v7e-m+fp/hard\libc_nano.a(lib_a-strlen.o)
                0x080001d0                strlen
 .text          0x080001e0       0xa0 c:/arm_gcc/bin/../lib/gcc/arm-none-eabi/9.2.1/../../../../arm-none-eabi/lib/thumb/v7e-m+fp/hard\libc_nano.a(lib_a-memchr.o)
                0x080001e0                memchr
 .text          0x08000280      0x378 c:/arm_gcc/bin/../lib/gcc/arm-none-eabi/9.2.1/thumb/v7e-m+fp/hard\libgcc.a(_arm_addsubdf3.o)
                0x08000280                __aeabi_drsub
                0x08000288                __aeabi_dsub
                0x08000288                __subdf3
                0x0800028c                __aeabi_dadd
                0x0800028c                __adddf3
                0x08000504                __floatunsidf
                0x08000504                __aeabi_ui2d
                0x08000524                __floatsidf
                0x08000524                __aeabi_i2d
                0x08000548                __aeabi_f2d
                0x08000548                __extendsfdf2
                0x0800058c                __floatundidf
                0x0800058c                __aeabi_ul2d
                0x0800059c                __floatdidf
                0x0800059c                __aeabi_l2d
 .text          0x080005f8      0x424 c:/arm_gcc/bin/../lib/gcc/arm-none-eabi/9.2.1/thumb/v7e-m+fp/hard\libgcc.a(_arm_muldivdf3.o)
                0x080005f8                __aeabi_dmul
                0x080005f8                __muldf3
                0x0800084c                __divdf3
                0x0800084c                __aeabi_ddiv
 .text          0x08000a1c      0x110 c:/arm_gcc/bin/../lib/gcc/arm-none-eabi/9.2.1/thumb/v7e-m+fp/hard\libgcc.a(_arm_cmpdf2.o)
                0x08000a1c                __gtdf2
                0x08000a1c                __gedf2
                0x08000a24                __ltdf2
                0x08000a24                __ledf2
                0x08000a2c                __nedf2
                0x08000a2c                __eqdf2
                0x08000a2c                __cmpdf2
                0x08000aa8                __aeabi_cdrcmple
                0x08000ab8                __aeabi_cdcmpeq
                0x08000ab8                __aeabi_cdcmple
                0x08000ac8                __aeabi_dcmpeq
                0x08000adc                __aeabi_dcmplt
                0x08000af0                __aeabi_dcmple
                0x08000b04                __aeabi_dcmpge
                0x08000b18                __aeabi_dcmpgt
 .text          0x08000b2c       0x2c c:/arm_gcc/bin/../lib/gcc/arm-none-eabi/9.2.1/thumb/v7e-m+fp/hard\libgcc.a(_arm_unorddf2.o)
                0x08000b2c                __unorddf2
                0x08000b2c                __aeabi_dcmpun
 .text          0x08000b58       0x50 c:/arm_gcc/bin/../lib/gcc/arm-none-eabi/9.2.1/thumb/v7e-m+fp/hard\libgcc.a(_arm_fixdfsi.o)
                0x08000b58                __aeabi_d2iz
                0x08000b58                __fixdfsi
 .text          0x08000ba8       0x40 c:/arm_gcc/bin/../lib/gcc/arm-none-eabi/9.2.1/thumb/v7e-m+fp/hard\libgcc.a(_arm_fixunsdfsi.o)
                0x08000ba8                __aeabi_d2uiz
                0x08000ba8                __fixunsdfsi
 .text          0x08000be8       0xa0 c:/arm_gcc/bin/../lib/gcc/arm-none-eabi/9.2.1/thumb/v7e-m+fp/hard\libgcc.a(_arm_truncdfsf2.o)
                0x08000be8                __truncdfsf2
                0x08000be8                __aeabi_d2f
 .text          0x08000c88       0x30 c:/arm_gcc/bin/../lib/gcc/arm-none-eabi/9.2.1/thumb/v7e-m+fp/hard\libgcc.a(_aeabi_uldivmod.o)
                0x08000c88                __aeabi_uldivmod
 .text          0x08000cb8       0x30 c:/arm_gcc/bin/../lib/gcc/arm-none-eabi/9.2.1/thumb/v7e-m+fp/hard\libgcc.a(_fixdfdi.o)
                0x08000cb8                __fixdfdi
                0x08000cb8                __aeabi_d2lz
 .text          0x08000ce8       0x3c c:/arm_gcc/bin/../lib/gcc/arm-none-eabi/9.2.1/thumb/v7e-m+fp/hard\libgcc.a(_fixunsdfdi.o)
                0x08000ce8                __fixunsdfdi
                0x08000ce8                __aeabi_d2ulz
 .text          0x08000d24      0x2c4 c:/arm_gcc/bin/../lib/gcc/arm-none-eabi/9.2.1/thumb/v7e-m+fp/hard\libgcc.a(_udivmoddi4.o)
                0x08000d24                __udivmoddi4
 .text          0x08000fe8        0x4 c:/arm_gcc/bin/../lib/gcc/arm-none-eabi/9.2.1/thumb/v7e-m+fp/hard\libgcc.a(_dvmd_tls.o)
                0x08000fe8                __aeabi_idiv0
                0x08000fe8                __aeabi_ldiv0
 *(.text*)
 .text.SystemClock_Config
                0x08000fec       0x98 build_my/main.o
                0x08000fec                SystemClock_Config
 .text.main     0x08001084       0xa0 build_my/main.o
                0x08001084                main
 .text.Error_Handler
                0x08001124        0x2 build_my/main.o
                0x08001124                Error_Handler
 *fill*         0x08001126        0x2 
 .text.UART_Send
                0x08001128       0x44 build_my/uart_ext.o
 .text.UART_Start_Receive
                0x0800116c       0x48 build_my/uart_ext.o
                0x0800116c                UART_Start_Receive
 .text.debug_uart_init
                0x080011b4       0x24 build_my/uart_ext.o
                0x080011b4                debug_uart_init
 .text.send_wave
                0x080011d8       0x40 build_my/uart_ext.o
                0x080011d8                send_wave
 .text.uprintf_polling
                0x08001218       0x3c build_my/uart_ext.o
                0x08001218                uprintf_polling
 .text.uprintf  0x08001254       0x30 build_my/uart_ext.o
                0x08001254                uprintf
 .text.HAL_UART_RxCpltCallback
                0x08001284       0x5c build_my/uart_ext.o
                0x08001284                HAL_UART_RxCpltCallback
 .text.HAL_UART_IDLECallback
                0x080012e0       0x3c build_my/uart_ext.o
                0x080012e0                HAL_UART_IDLECallback
 .text.UART_Command_Analize_And_Call
                0x0800131c       0x1c build_my/uart_ext.o
                0x0800131c                UART_Command_Analize_And_Call
 .text.get_prams
                0x08001338      0x160 build_my/command.o
 .text.add_cmd  0x08001498       0x28 build_my/command.o
                0x08001498                add_cmd
 .text.compare_cmd
                0x080014c0       0x30 build_my/command.o
                0x080014c0                compare_cmd
 .text.compare_string
                0x080014f0       0x2a build_my/command.o
                0x080014f0                compare_string
 *fill*         0x0800151a        0x2 
 .text.analize  0x0800151c       0x74 build_my/command.o
                0x0800151c                analize
 .text.spi_delay
                0x08001590        0x6 build_my/as5047.o
 .text.Count_PARC
                0x08001596       0x32 build_my/as5047.o
 .text.Command  0x080015c8       0x14 build_my/as5047.o
 .text.Soft_SPI_Read_Write
                0x080015dc       0xc8 build_my/as5047.o
                0x080015dc                Soft_SPI_Read_Write
 .text.SPI_Write
                0x080016a4       0x3c build_my/as5047.o
                0x080016a4                SPI_Write
 .text.As5047_Init
                0x080016e0       0x38 build_my/as5047.o
                0x080016e0                As5047_Init
 .text.Read_Reg
                0x08001718       0xf4 build_my/as5047.o
                0x08001718                Read_Reg
 .text.Get_Position
                0x0800180c       0x1c build_my/as5047.o
                0x0800180c                Get_Position
 .text.Position_to_Rad_Dgree
                0x08001828       0x40 build_my/as5047.o
                0x08001828                Position_to_Rad_Dgree
 .text.AS5047_Set_Direction
                0x08001868      0x104 build_my/as5047.o
                0x08001868                AS5047_Set_Direction
 .text.PID_Control
                0x0800196c       0xac build_my/pid.o
                0x0800196c                PID_Control
 .text.send_debug_wave
                0x08001a18       0x3c build_my/debug_utils.o
                0x08001a18                send_debug_wave
 .text.SPI_Slave_TransmitReceive
                0x08001a54       0x1c build_my/spi_slave.o
                0x08001a54                SPI_Slave_TransmitReceive
 .text.SPI_Slave_CSN_Handler
                0x08001a70       0x30 build_my/spi_slave.o
                0x08001a70                SPI_Slave_CSN_Handler
 .text.SPI_Slave_Init
                0x08001aa0       0x14 build_my/spi_slave.o
                0x08001aa0                SPI_Slave_Init
 .text.SPI_Slave_Normal_Hanlder
                0x08001ab4       0x9c build_my/spi_slave.o
                0x08001ab4                SPI_Slave_Normal_Hanlder
 .text.HAL_SPI_TxRxCpltCallback
                0x08001b50       0x18 build_my/spi_slave.o
                0x08001b50                HAL_SPI_TxRxCpltCallback
 .text.MX_GPIO_Init
                0x08001b68       0xe0 build_my/gpio.o
                0x08001b68                MX_GPIO_Init
 .text.get_area_u
                0x08001c48       0x9c build_my/SVPWM.o
 .text.SVPWM_Normal_CalT1T2
                0x08001ce4       0xd0 build_my/SVPWM.o
 .text.SVPWM_Step
                0x08001db4       0x5c build_my/SVPWM.o
                0x08001db4                SVPWM_Step
 .text.Set_Vector
                0x08001e10       0x5c build_my/SVPWM.o
                0x08001e10                Set_Vector
 .text.Set_to_Un
                0x08001e6c       0x40 build_my/SVPWM.o
                0x08001e6c                Set_to_Un
 .text.Get_CCR_Duty
                0x08001eac       0xf4 build_my/SVPWM.o
                0x08001eac                Get_CCR_Duty
 .text.SVPWM    0x08001fa0       0xf0 build_my/SVPWM.o
                0x08001fa0                SVPWM
 .text.SVPWM_Alpha_Beta
                0x08002090       0x88 build_my/SVPWM.o
                0x08002090                SVPWM_Alpha_Beta
 .text.Print_Parameters
                0x08002118       0xd4 build_my/parameter.o
                0x08002118                Print_Parameters
 .text.Write_Parameter
                0x080021ec       0xa4 build_my/parameter.o
                0x080021ec                Write_Parameter
 .text.Read_Parameters
                0x08002290       0x90 build_my/parameter.o
                0x08002290                Read_Parameters
 .text.arm_sin_cos_f32
                0x08002320      0x12c build_my/arm_sin_cos_f32.o
                0x08002320                arm_sin_cos_f32
 .text.arm_cos_f32
                0x0800244c       0x88 build_my/arm_cos_f32.o
                0x0800244c                arm_cos_f32
 *fill*         0x080024d4        0x4 
 .text.Get_Speed
                0x080024d8       0xb4 build_my/foc.o
 .text.Position_Control
                0x0800258c       0xb4 build_my/foc.o
 .text.Speed_Control
                0x08002640       0x2c build_my/foc.o
 .text.PID_I_Clear
                0x0800266c       0x24 build_my/foc.o
                0x0800266c                PID_I_Clear
 .text.Current_ADC_Init
                0x08002690       0x64 build_my/foc.o
                0x08002690                Current_ADC_Init
 .text.Foc_Init
                0x080026f4       0x98 build_my/foc.o
                0x080026f4                Foc_Init
 .text.Clark_Conv
                0x0800278c       0x2c build_my/foc.o
                0x0800278c                Clark_Conv
 .text.Park_Conv
                0x080027b8       0x56 build_my/foc.o
                0x080027b8                Park_Conv
 .text.Reverse_Park_Conv
                0x0800280e       0x56 build_my/foc.o
                0x0800280e                Reverse_Park_Conv
 .text.Current_Control
                0x08002864       0xe8 build_my/foc.o
                0x08002864                Current_Control
 .text.Test_Direction
                0x0800294c       0xa8 build_my/foc.o
                0x0800294c                Test_Direction
 .text.Measure_Ind_Handler
                0x080029f4      0x2a8 build_my/foc.o
                0x080029f4                Measure_Ind_Handler
 *fill*         0x08002c9c        0x4 
 .text.HAL_ADC_ConvCpltCallback
                0x08002ca0      0x42c build_my/foc.o
                0x08002ca0                HAL_ADC_ConvCpltCallback
 .text.Measure_Res
                0x080030cc      0x180 build_my/foc.o
                0x080030cc                Measure_Res
 .text.Measure_Ind
                0x0800324c      0x228 build_my/foc.o
                0x0800324c                Measure_Ind
 .text.Detect_Encoder
                0x08003474      0x220 build_my/foc.o
                0x08003474                Detect_Encoder
 .text.SPI_Com_Init
                0x08003694       0x10 build_my/foc_spi_com.o
                0x08003694                SPI_Com_Init
 .text.wave     0x080036a4       0x40 build_my/cmd_fun.o
                0x080036a4                wave
 .text.position
                0x080036e4       0x20 build_my/cmd_fun.o
                0x080036e4                position
 .text.set_mode
                0x08003704       0x48 build_my/cmd_fun.o
                0x08003704                set_mode
 .text.set_pos_off_here
                0x0800374c       0x34 build_my/cmd_fun.o
                0x0800374c                set_pos_off_here
 .text.test     0x08003780       0x80 build_my/cmd_fun.o
 .text.set_val  0x08003800       0xe8 build_my/cmd_fun.o
                0x08003800                set_val
 .text.set_PID  0x080038e8       0xe4 build_my/cmd_fun.o
                0x080038e8                set_PID
 .text.set_to_u4
                0x080039cc       0x60 build_my/cmd_fun.o
                0x080039cc                set_to_u4
 .text.test_spi_com
                0x08003a2c       0x38 build_my/cmd_fun.o
                0x08003a2c                test_spi_com
 .text.test_direction
                0x08003a64       0x14 build_my/cmd_fun.o
                0x08003a64                test_direction
 .text.detect   0x08003a78       0x14 build_my/cmd_fun.o
                0x08003a78                detect
 .text.start    0x08003a8c       0x88 build_my/cmd_fun.o
                0x08003a8c                start
 .text.measure_res
                0x08003b14       0x14 build_my/cmd_fun.o
                0x08003b14                measure_res
 .text.measure_ind
                0x08003b28       0x14 build_my/cmd_fun.o
                0x08003b28                measure_ind
 .text.wrtie_param
                0x08003b3c       0x14 build_my/cmd_fun.o
                0x08003b3c                wrtie_param
 .text.command_init
                0x08003b50       0xf4 build_my/cmd_fun.o
                0x08003b50                command_init
 .text.MX_DAC_Init
                0x08003c44       0x58 build_my/dac.o
                0x08003c44                MX_DAC_Init
 .text.HAL_DAC_MspInit
                0x08003c9c       0x78 build_my/dac.o
                0x08003c9c                HAL_DAC_MspInit
 .text.MX_ADC1_Init
                0x08003d14       0x94 build_my/adc.o
                0x08003d14                MX_ADC1_Init
 .text.MX_ADC2_Init
                0x08003da8       0x64 build_my/adc.o
                0x08003da8                MX_ADC2_Init
 .text.MX_ADC3_Init
                0x08003e0c       0x64 build_my/adc.o
                0x08003e0c                MX_ADC3_Init
 .text.HAL_ADC_MspInit
                0x08003e70      0x100 build_my/adc.o
                0x08003e70                HAL_ADC_MspInit
 .text.MX_TIM6_Init
                0x08003f70       0x48 build_my/tim.o
                0x08003f70                MX_TIM6_Init
 .text.MX_TIM7_Init
                0x08003fb8       0x50 build_my/tim.o
                0x08003fb8                MX_TIM7_Init
 .text.MX_TIM8_Init
                0x08004008       0xe8 build_my/tim.o
                0x08004008                MX_TIM8_Init
 .text.HAL_TIM_PWM_MspInit
                0x080040f0       0x40 build_my/tim.o
                0x080040f0                HAL_TIM_PWM_MspInit
 .text.HAL_TIM_Base_MspInit
                0x08004130       0x98 build_my/tim.o
                0x08004130                HAL_TIM_Base_MspInit
 .text.HAL_TIM_MspPostInit
                0x080041c8       0x88 build_my/tim.o
                0x080041c8                HAL_TIM_MspPostInit
 .text.conf_general_calculate_deadtime
                0x08004250      0x190 build_my/tim.o
                0x08004250                conf_general_calculate_deadtime
 .text.MX_TIM1_Init
                0x080043e0       0xf8 build_my/tim.o
                0x080043e0                MX_TIM1_Init
 .text.MX_UART5_Init
                0x080044d8       0x34 build_my/usart.o
                0x080044d8                MX_UART5_Init
 .text.HAL_UART_MspInit
                0x0800450c      0x138 build_my/usart.o
                0x0800450c                HAL_UART_MspInit
 .text.NMI_Handler
                0x08004644        0x2 build_my/stm32f4xx_it.o
                0x08004644                NMI_Handler
 .text.HardFault_Handler
                0x08004646        0x2 build_my/stm32f4xx_it.o
                0x08004646                HardFault_Handler
 .text.MemManage_Handler
                0x08004648        0x2 build_my/stm32f4xx_it.o
                0x08004648                MemManage_Handler
 .text.BusFault_Handler
                0x0800464a        0x2 build_my/stm32f4xx_it.o
                0x0800464a                BusFault_Handler
 .text.UsageFault_Handler
                0x0800464c        0x2 build_my/stm32f4xx_it.o
                0x0800464c                UsageFault_Handler
 .text.SVC_Handler
                0x0800464e        0x2 build_my/stm32f4xx_it.o
                0x0800464e                SVC_Handler
 .text.DebugMon_Handler
                0x08004650        0x2 build_my/stm32f4xx_it.o
                0x08004650                DebugMon_Handler
 .text.PendSV_Handler
                0x08004652        0x2 build_my/stm32f4xx_it.o
                0x08004652                PendSV_Handler
 .text.SysTick_Handler
                0x08004654        0x8 build_my/stm32f4xx_it.o
                0x08004654                SysTick_Handler
 .text.DMA1_Stream0_IRQHandler
                0x0800465c       0x10 build_my/stm32f4xx_it.o
                0x0800465c                DMA1_Stream0_IRQHandler
 .text.TIM1_UP_TIM10_IRQHandler
                0x0800466c       0x10 build_my/stm32f4xx_it.o
                0x0800466c                TIM1_UP_TIM10_IRQHandler
 .text.DMA1_Stream7_IRQHandler
                0x0800467c       0x10 build_my/stm32f4xx_it.o
                0x0800467c                DMA1_Stream7_IRQHandler
 .text.UART5_IRQHandler
                0x0800468c       0x24 build_my/stm32f4xx_it.o
                0x0800468c                UART5_IRQHandler
 .text.TIM6_DAC_IRQHandler
                0x080046b0       0x10 build_my/stm32f4xx_it.o
                0x080046b0                TIM6_DAC_IRQHandler
 .text.TIM7_IRQHandler
                0x080046c0       0x10 build_my/stm32f4xx_it.o
                0x080046c0                TIM7_IRQHandler
 .text.DMA2_Stream0_IRQHandler
                0x080046d0       0x10 build_my/stm32f4xx_it.o
                0x080046d0                DMA2_Stream0_IRQHandler
 .text.DMA2_Stream2_IRQHandler
                0x080046e0       0x10 build_my/stm32f4xx_it.o
                0x080046e0                DMA2_Stream2_IRQHandler
 .text.DMA2_Stream3_IRQHandler
                0x080046f0       0x10 build_my/stm32f4xx_it.o
                0x080046f0                DMA2_Stream3_IRQHandler
 .text.EXTI4_IRQHandler
                0x08004700       0x1c build_my/stm32f4xx_it.o
                0x08004700                EXTI4_IRQHandler
 .text.SPI1_IRQHandler
                0x0800471c        0x2 build_my/stm32f4xx_it.o
                0x0800471c                SPI1_IRQHandler
 *fill*         0x0800471e        0x2 
 .text.HAL_MspInit
                0x08004720       0x38 build_my/stm32f4xx_hal_msp.o
                0x08004720                HAL_MspInit
 .text.ADC_Init
                0x08004758      0x134 build_my/stm32f4xx_hal_adc.o
 .text.HAL_ADC_Init
                0x0800488c       0x56 build_my/stm32f4xx_hal_adc.o
                0x0800488c                HAL_ADC_Init
 *fill*         0x080048e2        0x2 
 .text.HAL_ADC_Start
                0x080048e4      0x130 build_my/stm32f4xx_hal_adc.o
                0x080048e4                HAL_ADC_Start
 .text.HAL_ADC_ConvHalfCpltCallback
                0x08004a14        0x2 build_my/stm32f4xx_hal_adc.o
                0x08004a14                HAL_ADC_ConvHalfCpltCallback
 .text.HAL_ADC_ErrorCallback
                0x08004a16        0x2 build_my/stm32f4xx_hal_adc.o
                0x08004a16                HAL_ADC_ErrorCallback
 .text.HAL_ADC_ConfigChannel
                0x08004a18      0x190 build_my/stm32f4xx_hal_adc.o
                0x08004a18                HAL_ADC_ConfigChannel
 .text.HAL_DAC_Init
                0x08004ba8       0x24 build_my/stm32f4xx_hal_dac.o
                0x08004ba8                HAL_DAC_Init
 .text.HAL_DAC_Start
                0x08004bcc       0x6e build_my/stm32f4xx_hal_dac.o
                0x08004bcc                HAL_DAC_Start
 .text.HAL_DAC_ConfigChannel
                0x08004c3a       0x4a build_my/stm32f4xx_hal_dac.o
                0x08004c3a                HAL_DAC_ConfigChannel
 .text.HAL_DAC_SetValue
                0x08004c84       0x2e build_my/stm32f4xx_hal_dac.o
                0x08004c84                HAL_DAC_SetValue
 .text.ADC_MultiModeDMAError
                0x08004cb2       0x16 build_my/stm32f4xx_hal_adc_ex.o
 .text.ADC_MultiModeDMAHalfConvCplt
                0x08004cc8        0xa build_my/stm32f4xx_hal_adc_ex.o
 .text.ADC_MultiModeDMAConvCplt
                0x08004cd2       0x62 build_my/stm32f4xx_hal_adc_ex.o
 .text.HAL_ADCEx_MultiModeStart_DMA
                0x08004d34      0x120 build_my/stm32f4xx_hal_adc_ex.o
                0x08004d34                HAL_ADCEx_MultiModeStart_DMA
 .text.HAL_ADCEx_MultiModeConfigChannel
                0x08004e54       0x58 build_my/stm32f4xx_hal_adc_ex.o
                0x08004e54                HAL_ADCEx_MultiModeConfigChannel
 .text.HAL_RCC_OscConfig
                0x08004eac      0x3ec build_my/stm32f4xx_hal_rcc.o
                0x08004eac                HAL_RCC_OscConfig
 .text.HAL_RCC_GetSysClockFreq
                0x08005298       0xcc build_my/stm32f4xx_hal_rcc.o
                0x08005298                HAL_RCC_GetSysClockFreq
 .text.HAL_RCC_ClockConfig
                0x08005364      0x160 build_my/stm32f4xx_hal_rcc.o
                0x08005364                HAL_RCC_ClockConfig
 .text.HAL_RCC_GetHCLKFreq
                0x080054c4        0xc build_my/stm32f4xx_hal_rcc.o
                0x080054c4                HAL_RCC_GetHCLKFreq
 .text.HAL_RCC_GetPCLK1Freq
                0x080054d0       0x20 build_my/stm32f4xx_hal_rcc.o
                0x080054d0                HAL_RCC_GetPCLK1Freq
 .text.HAL_RCC_GetPCLK2Freq
                0x080054f0       0x20 build_my/stm32f4xx_hal_rcc.o
                0x080054f0                HAL_RCC_GetPCLK2Freq
 .text.FLASH_Program_DoubleWord
                0x08005510       0x30 build_my/stm32f4xx_hal_flash.o
 .text.FLASH_Program_Word
                0x08005540       0x24 build_my/stm32f4xx_hal_flash.o
 .text.FLASH_Program_HalfWord
                0x08005564       0x24 build_my/stm32f4xx_hal_flash.o
 .text.FLASH_Program_Byte
                0x08005588       0x20 build_my/stm32f4xx_hal_flash.o
 .text.FLASH_SetErrorCode
                0x080055a8       0x8c build_my/stm32f4xx_hal_flash.o
 .text.HAL_FLASH_Unlock
                0x08005634       0x30 build_my/stm32f4xx_hal_flash.o
                0x08005634                HAL_FLASH_Unlock
 .text.HAL_FLASH_Lock
                0x08005664       0x14 build_my/stm32f4xx_hal_flash.o
                0x08005664                HAL_FLASH_Lock
 .text.FLASH_WaitForLastOperation
                0x08005678       0x60 build_my/stm32f4xx_hal_flash.o
                0x08005678                FLASH_WaitForLastOperation
 .text.HAL_FLASH_Program
                0x080056d8       0x7c build_my/stm32f4xx_hal_flash.o
                0x080056d8                HAL_FLASH_Program
 .text.FLASH_MassErase
                0x08005754       0x24 build_my/stm32f4xx_hal_flash_ex.o
 .text.FLASH_Erase_Sector
                0x08005778       0x58 build_my/stm32f4xx_hal_flash_ex.o
                0x08005778                FLASH_Erase_Sector
 .text.FLASH_FlushCaches
                0x080057d0       0x60 build_my/stm32f4xx_hal_flash_ex.o
                0x080057d0                FLASH_FlushCaches
 .text.HAL_FLASHEx_Erase
                0x08005830       0x94 build_my/stm32f4xx_hal_flash_ex.o
                0x08005830                HAL_FLASHEx_Erase
 .text.HAL_GPIO_Init
                0x080058c4      0x1cc build_my/stm32f4xx_hal_gpio.o
                0x080058c4                HAL_GPIO_Init
 .text.HAL_GPIO_ReadPin
                0x08005a90        0xe build_my/stm32f4xx_hal_gpio.o
                0x08005a90                HAL_GPIO_ReadPin
 .text.HAL_GPIO_WritePin
                0x08005a9e        0xc build_my/stm32f4xx_hal_gpio.o
                0x08005a9e                HAL_GPIO_WritePin
 .text.HAL_GPIO_EXTI_Callback
                0x08005aaa        0x2 build_my/stm32f4xx_hal_gpio.o
                0x08005aaa                HAL_GPIO_EXTI_Callback
 .text.HAL_GPIO_EXTI_IRQHandler
                0x08005aac       0x1c build_my/stm32f4xx_hal_gpio.o
                0x08005aac                HAL_GPIO_EXTI_IRQHandler
 .text.DMA_SetConfig
                0x08005ac8       0x2c build_my/stm32f4xx_hal_dma.o
 .text.DMA_CalcBaseAndBitshift
                0x08005af4       0x44 build_my/stm32f4xx_hal_dma.o
 .text.DMA_CheckFifoParam
                0x08005b38       0x8e build_my/stm32f4xx_hal_dma.o
 *fill*         0x08005bc6        0x2 
 .text.HAL_DMA_Init
                0x08005bc8       0xcc build_my/stm32f4xx_hal_dma.o
                0x08005bc8                HAL_DMA_Init
 .text.HAL_DMA_Start_IT
                0x08005c94       0x6a build_my/stm32f4xx_hal_dma.o
                0x08005c94                HAL_DMA_Start_IT
 .text.HAL_DMA_Abort
                0x08005cfe       0x94 build_my/stm32f4xx_hal_dma.o
                0x08005cfe                HAL_DMA_Abort
 .text.HAL_DMA_Abort_IT
                0x08005d92       0x26 build_my/stm32f4xx_hal_dma.o
                0x08005d92                HAL_DMA_Abort_IT
 .text.HAL_DMA_IRQHandler
                0x08005db8      0x1dc build_my/stm32f4xx_hal_dma.o
                0x08005db8                HAL_DMA_IRQHandler
 .text.HAL_NVIC_SetPriorityGrouping
                0x08005f94       0x24 build_my/stm32f4xx_hal_cortex.o
                0x08005f94                HAL_NVIC_SetPriorityGrouping
 .text.HAL_NVIC_SetPriority
                0x08005fb8       0x68 build_my/stm32f4xx_hal_cortex.o
                0x08005fb8                HAL_NVIC_SetPriority
 .text.HAL_NVIC_EnableIRQ
                0x08006020       0x1c build_my/stm32f4xx_hal_cortex.o
                0x08006020                HAL_NVIC_EnableIRQ
 .text.HAL_NVIC_DisableIRQ
                0x0800603c       0x24 build_my/stm32f4xx_hal_cortex.o
                0x0800603c                HAL_NVIC_DisableIRQ
 .text.HAL_SYSTICK_Config
                0x08006060       0x2c build_my/stm32f4xx_hal_cortex.o
                0x08006060                HAL_SYSTICK_Config
 .text.HAL_InitTick
                0x0800608c       0x4c build_my/stm32f4xx_hal.o
                0x0800608c                HAL_InitTick
 .text.HAL_Init
                0x080060d8       0x34 build_my/stm32f4xx_hal.o
                0x080060d8                HAL_Init
 .text.HAL_IncTick
                0x0800610c       0x18 build_my/stm32f4xx_hal.o
                0x0800610c                HAL_IncTick
 .text.HAL_GetTick
                0x08006124        0xc build_my/stm32f4xx_hal.o
                0x08006124                HAL_GetTick
 .text.HAL_Delay
                0x08006130       0x28 build_my/stm32f4xx_hal.o
                0x08006130                HAL_Delay
 .text.TIM_OC1_SetConfig
                0x08006158       0x68 build_my/stm32f4xx_hal_tim.o
 .text.TIM_OC3_SetConfig
                0x080061c0       0x70 build_my/stm32f4xx_hal_tim.o
 .text.TIM_OC4_SetConfig
                0x08006230       0x50 build_my/stm32f4xx_hal_tim.o
 .text.TIM_TI1_ConfigInputStage
                0x08006280       0x24 build_my/stm32f4xx_hal_tim.o
 .text.TIM_TI2_ConfigInputStage
                0x080062a4       0x26 build_my/stm32f4xx_hal_tim.o
 .text.HAL_TIM_Base_Start
                0x080062ca       0x24 build_my/stm32f4xx_hal_tim.o
                0x080062ca                HAL_TIM_Base_Start
 .text.HAL_TIM_Base_Start_IT
                0x080062ee       0x22 build_my/stm32f4xx_hal_tim.o
                0x080062ee                HAL_TIM_Base_Start_IT
 .text.HAL_TIM_OC_MspInit
                0x08006310        0x2 build_my/stm32f4xx_hal_tim.o
                0x08006310                HAL_TIM_OC_MspInit
 .text.HAL_TIM_PeriodElapsedCallback
                0x08006312        0x2 build_my/stm32f4xx_hal_tim.o
                0x08006312                HAL_TIM_PeriodElapsedCallback
 .text.HAL_TIM_OC_DelayElapsedCallback
                0x08006314        0x2 build_my/stm32f4xx_hal_tim.o
                0x08006314                HAL_TIM_OC_DelayElapsedCallback
 .text.HAL_TIM_IC_CaptureCallback
                0x08006316        0x2 build_my/stm32f4xx_hal_tim.o
                0x08006316                HAL_TIM_IC_CaptureCallback
 .text.HAL_TIM_PWM_PulseFinishedCallback
                0x08006318        0x2 build_my/stm32f4xx_hal_tim.o
                0x08006318                HAL_TIM_PWM_PulseFinishedCallback
 .text.HAL_TIM_TriggerCallback
                0x0800631a        0x2 build_my/stm32f4xx_hal_tim.o
                0x0800631a                HAL_TIM_TriggerCallback
 .text.HAL_TIM_IRQHandler
                0x0800631c      0x17a build_my/stm32f4xx_hal_tim.o
                0x0800631c                HAL_TIM_IRQHandler
 *fill*         0x08006496        0x2 
 .text.TIM_Base_SetConfig
                0x08006498       0xc8 build_my/stm32f4xx_hal_tim.o
                0x08006498                TIM_Base_SetConfig
 .text.HAL_TIM_Base_Init
                0x08006560       0x34 build_my/stm32f4xx_hal_tim.o
                0x08006560                HAL_TIM_Base_Init
 .text.HAL_TIM_OC_Init
                0x08006594       0x34 build_my/stm32f4xx_hal_tim.o
                0x08006594                HAL_TIM_OC_Init
 .text.HAL_TIM_PWM_Init
                0x080065c8       0x34 build_my/stm32f4xx_hal_tim.o
                0x080065c8                HAL_TIM_PWM_Init
 .text.TIM_OC2_SetConfig
                0x080065fc       0x70 build_my/stm32f4xx_hal_tim.o
                0x080065fc                TIM_OC2_SetConfig
 .text.HAL_TIM_OC_ConfigChannel
                0x0800666c       0x5e build_my/stm32f4xx_hal_tim.o
                0x0800666c                HAL_TIM_OC_ConfigChannel
 .text.HAL_TIM_PWM_ConfigChannel
                0x080066ca       0xdc build_my/stm32f4xx_hal_tim.o
                0x080066ca                HAL_TIM_PWM_ConfigChannel
 .text.TIM_ETR_SetConfig
                0x080067a6       0x18 build_my/stm32f4xx_hal_tim.o
                0x080067a6                TIM_ETR_SetConfig
 .text.TIM_SlaveTimer_SetConfig
                0x080067be       0x8e build_my/stm32f4xx_hal_tim.o
 .text.HAL_TIM_SlaveConfigSynchro
                0x0800684c       0x52 build_my/stm32f4xx_hal_tim.o
                0x0800684c                HAL_TIM_SlaveConfigSynchro
 .text.TIM_CCxChannelCmd
                0x0800689e       0x24 build_my/stm32f4xx_hal_tim.o
                0x0800689e                TIM_CCxChannelCmd
 *fill*         0x080068c2        0x2 
 .text.HAL_TIM_PWM_Start
                0x080068c4       0x40 build_my/stm32f4xx_hal_tim.o
                0x080068c4                HAL_TIM_PWM_Start
 .text.TIM_CCxNChannelCmd
                0x08006904       0x24 build_my/stm32f4xx_hal_tim_ex.o
 .text.HAL_TIMEx_PWMN_Start
                0x08006928       0x2e build_my/stm32f4xx_hal_tim_ex.o
                0x08006928                HAL_TIMEx_PWMN_Start
 *fill*         0x08006956        0x2 
 .text.HAL_TIMEx_MasterConfigSynchronization
                0x08006958       0x88 build_my/stm32f4xx_hal_tim_ex.o
                0x08006958                HAL_TIMEx_MasterConfigSynchronization
 .text.HAL_TIMEx_ConfigBreakDeadTime
                0x080069e0       0x52 build_my/stm32f4xx_hal_tim_ex.o
                0x080069e0                HAL_TIMEx_ConfigBreakDeadTime
 .text.HAL_TIMEx_CommutCallback
                0x08006a32        0x2 build_my/stm32f4xx_hal_tim_ex.o
                0x08006a32                HAL_TIMEx_CommutCallback
 .text.HAL_TIMEx_BreakCallback
                0x08006a34        0x2 build_my/stm32f4xx_hal_tim_ex.o
                0x08006a34                HAL_TIMEx_BreakCallback
 .text.UART_EndTxTransfer
                0x08006a36       0x12 build_my/stm32f4xx_hal_uart.o
 .text.UART_EndRxTransfer
                0x08006a48       0x1c build_my/stm32f4xx_hal_uart.o
 .text.UART_Transmit_IT
                0x08006a64       0x66 build_my/stm32f4xx_hal_uart.o
 *fill*         0x08006aca        0x2 
 .text.UART_SetConfig
                0x08006acc      0x1e8 build_my/stm32f4xx_hal_uart.o
 .text.UART_WaitOnFlagUntilTimeout
                0x08006cb4       0x68 build_my/stm32f4xx_hal_uart.o
 .text.HAL_UART_Init
                0x08006d1c       0x5e build_my/stm32f4xx_hal_uart.o
                0x08006d1c                HAL_UART_Init
 .text.HAL_UART_Transmit
                0x08006d7a       0xe2 build_my/stm32f4xx_hal_uart.o
                0x08006d7a                HAL_UART_Transmit
 .text.HAL_UART_Transmit_IT
                0x08006e5c       0x48 build_my/stm32f4xx_hal_uart.o
                0x08006e5c                HAL_UART_Transmit_IT
 .text.HAL_UART_Receive_IT
                0x08006ea4       0x5c build_my/stm32f4xx_hal_uart.o
                0x08006ea4                HAL_UART_Receive_IT
 .text.HAL_UART_Transmit_DMA
                0x08006f00       0x8c build_my/stm32f4xx_hal_uart.o
                0x08006f00                HAL_UART_Transmit_DMA
 .text.HAL_UART_Receive_DMA
                0x08006f8c       0xa8 build_my/stm32f4xx_hal_uart.o
                0x08006f8c                HAL_UART_Receive_DMA
 .text.HAL_UART_DMAStop
                0x08007034       0x64 build_my/stm32f4xx_hal_uart.o
                0x08007034                HAL_UART_DMAStop
 .text.HAL_UART_TxCpltCallback
                0x08007098        0x2 build_my/stm32f4xx_hal_uart.o
                0x08007098                HAL_UART_TxCpltCallback
 .text.UART_DMATransmitCplt
                0x0800709a       0x30 build_my/stm32f4xx_hal_uart.o
 .text.UART_EndTransmit_IT
                0x080070ca       0x1a build_my/stm32f4xx_hal_uart.o
 .text.HAL_UART_TxHalfCpltCallback
                0x080070e4        0x2 build_my/stm32f4xx_hal_uart.o
                0x080070e4                HAL_UART_TxHalfCpltCallback
 .text.UART_DMATxHalfCplt
                0x080070e6        0xa build_my/stm32f4xx_hal_uart.o
 .text.UART_DMAReceiveCplt
                0x080070f0       0x3e build_my/stm32f4xx_hal_uart.o
 .text.UART_Receive_IT
                0x0800712e       0x9e build_my/stm32f4xx_hal_uart.o
 .text.HAL_UART_RxHalfCpltCallback
                0x080071cc        0x2 build_my/stm32f4xx_hal_uart.o
                0x080071cc                HAL_UART_RxHalfCpltCallback
 .text.UART_DMARxHalfCplt
                0x080071ce        0xa build_my/stm32f4xx_hal_uart.o
 .text.HAL_UART_ErrorCallback
                0x080071d8        0x2 build_my/stm32f4xx_hal_uart.o
                0x080071d8                HAL_UART_ErrorCallback
 .text.UART_DMAError
                0x080071da       0x58 build_my/stm32f4xx_hal_uart.o
 *fill*         0x08007232        0x2 
 .text.HAL_UART_IRQHandler
                0x08007234      0x128 build_my/stm32f4xx_hal_uart.o
                0x08007234                HAL_UART_IRQHandler
 .text.UART_DMAAbortOnError
                0x0800735c       0x10 build_my/stm32f4xx_hal_uart.o
 .text.SystemInit
                0x0800736c       0x1c build_my/system_stm32f4xx.o
                0x0800736c                SystemInit
 .text.MX_DMA_Init
                0x08007388       0x78 build_my/dma.o
                0x08007388                MX_DMA_Init
 .text.MX_SPI3_Init
                0x08007400       0x48 build_my/spi.o
                0x08007400                MX_SPI3_Init
 .text.MX_SPI1_Init
                0x08007448       0x40 build_my/spi.o
                0x08007448                MX_SPI1_Init
 .text.HAL_SPI_MspInit
                0x08007488      0x158 build_my/spi.o
                0x08007488                HAL_SPI_MspInit
 .text.SPI_AbortRx_ISR
                0x080075e0       0x60 build_my/stm32f4xx_hal_spi.o
 .text.SPI_AbortTx_ISR
                0x08007640       0x1c build_my/stm32f4xx_hal_spi.o
 .text.SPI_WaitFlagStateUntilTimeout
                0x0800765c       0x94 build_my/stm32f4xx_hal_spi.o
 .text.SPI_EndRxTxTransaction
                0x080076f0       0x68 build_my/stm32f4xx_hal_spi.o
 .text.SPI_EndRxTransaction
                0x08007758       0x8c build_my/stm32f4xx_hal_spi.o
 .text.HAL_SPI_Init
                0x080077e4       0x80 build_my/stm32f4xx_hal_spi.o
                0x080077e4                HAL_SPI_Init
 .text.HAL_SPI_TransmitReceive
                0x08007864      0x238 build_my/stm32f4xx_hal_spi.o
                0x08007864                HAL_SPI_TransmitReceive
 .text.HAL_SPI_TransmitReceive_DMA
                0x08007a9c      0x150 build_my/stm32f4xx_hal_spi.o
                0x08007a9c                HAL_SPI_TransmitReceive_DMA
 .text.HAL_SPI_Abort
                0x08007bec      0x144 build_my/stm32f4xx_hal_spi.o
                0x08007bec                HAL_SPI_Abort
 .text.HAL_SPI_RxCpltCallback
                0x08007d30        0x2 build_my/stm32f4xx_hal_spi.o
                0x08007d30                HAL_SPI_RxCpltCallback
 .text.HAL_SPI_RxHalfCpltCallback
                0x08007d32        0x2 build_my/stm32f4xx_hal_spi.o
                0x08007d32                HAL_SPI_RxHalfCpltCallback
 .text.SPI_DMAHalfReceiveCplt
                0x08007d34        0xa build_my/stm32f4xx_hal_spi.o
 .text.HAL_SPI_TxRxHalfCpltCallback
                0x08007d3e        0x2 build_my/stm32f4xx_hal_spi.o
                0x08007d3e                HAL_SPI_TxRxHalfCpltCallback
 .text.SPI_DMAHalfTransmitReceiveCplt
                0x08007d40        0xa build_my/stm32f4xx_hal_spi.o
 .text.HAL_SPI_ErrorCallback
                0x08007d4a        0x2 build_my/stm32f4xx_hal_spi.o
                0x08007d4a                HAL_SPI_ErrorCallback
 .text.SPI_DMAError
                0x08007d4c       0x22 build_my/stm32f4xx_hal_spi.o
 .text.SPI_DMAReceiveCplt
                0x08007d6e       0x56 build_my/stm32f4xx_hal_spi.o
 .text.SPI_DMATransmitReceiveCplt
                0x08007dc4       0x5c build_my/stm32f4xx_hal_spi.o
 .text.Reset_Handler
                0x08007e20       0x50 build_my/startup_stm32f405xx.o
                0x08007e20                Reset_Handler
 .text.Default_Handler
                0x08007e70        0x2 build_my/startup_stm32f405xx.o
                0x08007e70                RTC_Alarm_IRQHandler
                0x08007e70                HASH_RNG_IRQHandler
                0x08007e70                EXTI2_IRQHandler
                0x08007e70                TIM8_CC_IRQHandler
                0x08007e70                TIM1_CC_IRQHandler
                0x08007e70                DMA2_Stream5_IRQHandler
                0x08007e70                DMA1_Stream5_IRQHandler
                0x08007e70                PVD_IRQHandler
                0x08007e70                SDIO_IRQHandler
                0x08007e70                TAMP_STAMP_IRQHandler
                0x08007e70                CAN2_RX1_IRQHandler
                0x08007e70                EXTI3_IRQHandler
                0x08007e70                TIM8_TRG_COM_TIM14_IRQHandler
                0x08007e70                TIM8_UP_TIM13_IRQHandler
                0x08007e70                I2C3_ER_IRQHandler
                0x08007e70                EXTI0_IRQHandler
                0x08007e70                I2C2_EV_IRQHandler
                0x08007e70                DMA1_Stream2_IRQHandler
                0x08007e70                CAN1_RX0_IRQHandler
                0x08007e70                FPU_IRQHandler
                0x08007e70                OTG_HS_WKUP_IRQHandler
                0x08007e70                CAN2_SCE_IRQHandler
                0x08007e70                TIM1_BRK_TIM9_IRQHandler
                0x08007e70                CAN2_RX0_IRQHandler
                0x08007e70                USART6_IRQHandler
                0x08007e70                USART3_IRQHandler
                0x08007e70                CAN1_RX1_IRQHandler
                0x08007e70                TIM4_IRQHandler
                0x08007e70                I2C1_EV_IRQHandler
                0x08007e70                DMA1_Stream6_IRQHandler
                0x08007e70                DMA1_Stream1_IRQHandler
                0x08007e70                UART4_IRQHandler
                0x08007e70                TIM3_IRQHandler
                0x08007e70                RCC_IRQHandler
                0x08007e70                TIM8_BRK_TIM12_IRQHandler
                0x08007e70                Default_Handler
                0x08007e70                EXTI15_10_IRQHandler
                0x08007e70                ADC_IRQHandler
                0x08007e70                CAN2_TX_IRQHandler
                0x08007e70                TIM5_IRQHandler
                0x08007e70                DMA2_Stream7_IRQHandler
                0x08007e70                I2C3_EV_IRQHandler
                0x08007e70                EXTI9_5_IRQHandler
                0x08007e70                RTC_WKUP_IRQHandler
                0x08007e70                SPI2_IRQHandler
                0x08007e70                OTG_HS_EP1_IN_IRQHandler
                0x08007e70                CAN1_TX_IRQHandler
                0x08007e70                FSMC_IRQHandler
                0x08007e70                OTG_HS_EP1_OUT_IRQHandler
                0x08007e70                WWDG_IRQHandler
                0x08007e70                TIM2_IRQHandler
                0x08007e70                OTG_FS_WKUP_IRQHandler
                0x08007e70                TIM1_TRG_COM_TIM11_IRQHandler
                0x08007e70                OTG_HS_IRQHandler
                0x08007e70                EXTI1_IRQHandler
                0x08007e70                USART2_IRQHandler
                0x08007e70                I2C2_ER_IRQHandler
                0x08007e70                DMA2_Stream1_IRQHandler
                0x08007e70                CAN1_SCE_IRQHandler
                0x08007e70                FLASH_IRQHandler
                0x08007e70                DMA2_Stream4_IRQHandler
                0x08007e70                USART1_IRQHandler
                0x08007e70                OTG_FS_IRQHandler
                0x08007e70                SPI3_IRQHandler
                0x08007e70                DMA1_Stream4_IRQHandler
                0x08007e70                I2C1_ER_IRQHandler
                0x08007e70                DMA2_Stream6_IRQHandler
                0x08007e70                DMA1_Stream3_IRQHandler
 .text.atof     0x08007e72        0x6 c:/arm_gcc/bin/../lib/gcc/arm-none-eabi/9.2.1/../../../../arm-none-eabi/lib/thumb/v7e-m+fp/hard\libc_nano.a(lib_a-atof.o)
                0x08007e72                atof
 .text.__libc_init_array
                0x08007e78       0x48 c:/arm_gcc/bin/../lib/gcc/arm-none-eabi/9.2.1/../../../../arm-none-eabi/lib/thumb/v7e-m+fp/hard\libc_nano.a(lib_a-init.o)
                0x08007e78                __libc_init_array
 .text.malloc   0x08007ec0       0x10 c:/arm_gcc/bin/../lib/gcc/arm-none-eabi/9.2.1/../../../../arm-none-eabi/lib/thumb/v7e-m+fp/hard\libc_nano.a(lib_a-malloc.o)
                0x08007ec0                malloc
 .text.free     0x08007ed0       0x10 c:/arm_gcc/bin/../lib/gcc/arm-none-eabi/9.2.1/../../../../arm-none-eabi/lib/thumb/v7e-m+fp/hard\libc_nano.a(lib_a-malloc.o)
                0x08007ed0                free
 .text.memcpy   0x08007ee0       0x1c c:/arm_gcc/bin/../lib/gcc/arm-none-eabi/9.2.1/../../../../arm-none-eabi/lib/thumb/v7e-m+fp/hard\libc_nano.a(lib_a-memcpy-stub.o)
                0x08007ee0                memcpy
 .text.memset   0x08007efc       0x10 c:/arm_gcc/bin/../lib/gcc/arm-none-eabi/9.2.1/../../../../arm-none-eabi/lib/thumb/v7e-m+fp/hard\libc_nano.a(lib_a-memset.o)
                0x08007efc                memset
 .text._free_r  0x08007f0c       0xa0 c:/arm_gcc/bin/../lib/gcc/arm-none-eabi/9.2.1/../../../../arm-none-eabi/lib/thumb/v7e-m+fp/hard\libc_nano.a(lib_a-nano-freer.o)
                0x08007f0c                _free_r
 .text._malloc_r
                0x08007fac       0xb4 c:/arm_gcc/bin/../lib/gcc/arm-none-eabi/9.2.1/../../../../arm-none-eabi/lib/thumb/v7e-m+fp/hard\libc_nano.a(lib_a-nano-mallocr.o)
                0x08007fac                _malloc_r
 .text.__cvt    0x08008060       0xc4 c:/arm_gcc/bin/../lib/gcc/arm-none-eabi/9.2.1/../../../../arm-none-eabi/lib/thumb/v7e-m+fp/hard\libc_nano.a(lib_a-nano-vfprintf_float.o)
                0x08008060                __cvt
 .text.__exponent
                0x08008124       0x7c c:/arm_gcc/bin/../lib/gcc/arm-none-eabi/9.2.1/../../../../arm-none-eabi/lib/thumb/v7e-m+fp/hard\libc_nano.a(lib_a-nano-vfprintf_float.o)
                0x08008124                __exponent
 .text._printf_float
                0x080081a0      0x46c c:/arm_gcc/bin/../lib/gcc/arm-none-eabi/9.2.1/../../../../arm-none-eabi/lib/thumb/v7e-m+fp/hard\libc_nano.a(lib_a-nano-vfprintf_float.o)
                0x080081a0                _printf_float
 .text._printf_common
                0x0800860c       0xda c:/arm_gcc/bin/../lib/gcc/arm-none-eabi/9.2.1/../../../../arm-none-eabi/lib/thumb/v7e-m+fp/hard\libc_nano.a(lib_a-nano-vfprintf_i.o)
                0x0800860c                _printf_common
 *fill*         0x080086e6        0x2 
 .text._printf_i
                0x080086e8      0x24c c:/arm_gcc/bin/../lib/gcc/arm-none-eabi/9.2.1/../../../../arm-none-eabi/lib/thumb/v7e-m+fp/hard\libc_nano.a(lib_a-nano-vfprintf_i.o)
                0x080086e8                _printf_i
 .text._sbrk_r  0x08008934       0x20 c:/arm_gcc/bin/../lib/gcc/arm-none-eabi/9.2.1/../../../../arm-none-eabi/lib/thumb/v7e-m+fp/hard\libc_nano.a(lib_a-sbrkr.o)
                0x08008934                _sbrk_r
 .text.sulp     0x08008954       0x38 c:/arm_gcc/bin/../lib/gcc/arm-none-eabi/9.2.1/../../../../arm-none-eabi/lib/thumb/v7e-m+fp/hard\libc_nano.a(lib_a-strtod.o)
 *fill*         0x0800898c        0x4 
 .text._strtod_l
                0x08008990      0xc14 c:/arm_gcc/bin/../lib/gcc/arm-none-eabi/9.2.1/../../../../arm-none-eabi/lib/thumb/v7e-m+fp/hard\libc_nano.a(lib_a-strtod.o)
                0x08008990                _strtod_l
 .text.strtod   0x080095a4       0x18 c:/arm_gcc/bin/../lib/gcc/arm-none-eabi/9.2.1/../../../../arm-none-eabi/lib/thumb/v7e-m+fp/hard\libc_nano.a(lib_a-strtod.o)
                0x080095a4                strtod
 .text._vsnprintf_r
                0x080095bc       0x58 c:/arm_gcc/bin/../lib/gcc/arm-none-eabi/9.2.1/../../../../arm-none-eabi/lib/thumb/v7e-m+fp/hard\libc_nano.a(lib_a-vsnprintf.o)
                0x080095bc                _vsniprintf_r
                0x080095bc                _vsnprintf_r
 .text.vsnprintf
                0x08009614       0x1c c:/arm_gcc/bin/../lib/gcc/arm-none-eabi/9.2.1/../../../../arm-none-eabi/lib/thumb/v7e-m+fp/hard\libc_nano.a(lib_a-vsnprintf.o)
                0x08009614                vsniprintf
                0x08009614                vsnprintf
 .text.quorem   0x08009630      0x116 c:/arm_gcc/bin/../lib/gcc/arm-none-eabi/9.2.1/../../../../arm-none-eabi/lib/thumb/v7e-m+fp/hard\libc_nano.a(lib_a-dtoa.o)
 *fill*         0x08009746        0x2 
 .text._dtoa_r  0x08009748      0xbbc c:/arm_gcc/bin/../lib/gcc/arm-none-eabi/9.2.1/../../../../arm-none-eabi/lib/thumb/v7e-m+fp/hard\libc_nano.a(lib_a-dtoa.o)
                0x08009748                _dtoa_r
 .text.rshift   0x0800a304       0xa4 c:/arm_gcc/bin/../lib/gcc/arm-none-eabi/9.2.1/../../../../arm-none-eabi/lib/thumb/v7e-m+fp/hard\libc_nano.a(lib_a-gdtoa-gethex.o)
 .text.__hexdig_fun
                0x0800a3a8       0x2a c:/arm_gcc/bin/../lib/gcc/arm-none-eabi/9.2.1/../../../../arm-none-eabi/lib/thumb/v7e-m+fp/hard\libc_nano.a(lib_a-gdtoa-gethex.o)
                0x0800a3a8                __hexdig_fun
 *fill*         0x0800a3d2        0x2 
 .text.__gethex
                0x0800a3d4      0x468 c:/arm_gcc/bin/../lib/gcc/arm-none-eabi/9.2.1/../../../../arm-none-eabi/lib/thumb/v7e-m+fp/hard\libc_nano.a(lib_a-gdtoa-gethex.o)
                0x0800a3d4                __gethex
 .text.L_shift  0x0800a83c       0x24 c:/arm_gcc/bin/../lib/gcc/arm-none-eabi/9.2.1/../../../../arm-none-eabi/lib/thumb/v7e-m+fp/hard\libc_nano.a(lib_a-gdtoa-hexnan.o)
 .text.__match  0x0800a860       0x28 c:/arm_gcc/bin/../lib/gcc/arm-none-eabi/9.2.1/../../../../arm-none-eabi/lib/thumb/v7e-m+fp/hard\libc_nano.a(lib_a-gdtoa-hexnan.o)
                0x0800a860                __match
 .text.__hexnan
                0x0800a888      0x138 c:/arm_gcc/bin/../lib/gcc/arm-none-eabi/9.2.1/../../../../arm-none-eabi/lib/thumb/v7e-m+fp/hard\libc_nano.a(lib_a-gdtoa-hexnan.o)
                0x0800a888                __hexnan
 .text._localeconv_r
                0x0800a9c0        0x8 c:/arm_gcc/bin/../lib/gcc/arm-none-eabi/9.2.1/../../../../arm-none-eabi/lib/thumb/v7e-m+fp/hard\libc_nano.a(lib_a-localeconv.o)
                0x0800a9c0                _localeconv_r
 .text.__ascii_mbtowc
                0x0800a9c8       0x24 c:/arm_gcc/bin/../lib/gcc/arm-none-eabi/9.2.1/../../../../arm-none-eabi/lib/thumb/v7e-m+fp/hard\libc_nano.a(lib_a-mbtowc_r.o)
                0x0800a9c8                __ascii_mbtowc
 .text.__malloc_lock
                0x0800a9ec        0xc c:/arm_gcc/bin/../lib/gcc/arm-none-eabi/9.2.1/../../../../arm-none-eabi/lib/thumb/v7e-m+fp/hard\libc_nano.a(lib_a-mlock.o)
                0x0800a9ec                __malloc_lock
 .text.__malloc_unlock
                0x0800a9f8        0xc c:/arm_gcc/bin/../lib/gcc/arm-none-eabi/9.2.1/../../../../arm-none-eabi/lib/thumb/v7e-m+fp/hard\libc_nano.a(lib_a-mlock.o)
                0x0800a9f8                __malloc_unlock
 .text._Balloc  0x0800aa04       0x68 c:/arm_gcc/bin/../lib/gcc/arm-none-eabi/9.2.1/../../../../arm-none-eabi/lib/thumb/v7e-m+fp/hard\libc_nano.a(lib_a-mprec.o)
                0x0800aa04                _Balloc
 .text._Bfree   0x0800aa6c       0x2e c:/arm_gcc/bin/../lib/gcc/arm-none-eabi/9.2.1/../../../../arm-none-eabi/lib/thumb/v7e-m+fp/hard\libc_nano.a(lib_a-mprec.o)
                0x0800aa6c                _Bfree
 .text.__multadd
                0x0800aa9a       0x7c c:/arm_gcc/bin/../lib/gcc/arm-none-eabi/9.2.1/../../../../arm-none-eabi/lib/thumb/v7e-m+fp/hard\libc_nano.a(lib_a-mprec.o)
                0x0800aa9a                __multadd
 .text.__s2b    0x0800ab16       0x7c c:/arm_gcc/bin/../lib/gcc/arm-none-eabi/9.2.1/../../../../arm-none-eabi/lib/thumb/v7e-m+fp/hard\libc_nano.a(lib_a-mprec.o)
                0x0800ab16                __s2b
 .text.__hi0bits
                0x0800ab92       0x40 c:/arm_gcc/bin/../lib/gcc/arm-none-eabi/9.2.1/../../../../arm-none-eabi/lib/thumb/v7e-m+fp/hard\libc_nano.a(lib_a-mprec.o)
                0x0800ab92                __hi0bits
 .text.__lo0bits
                0x0800abd2       0x60 c:/arm_gcc/bin/../lib/gcc/arm-none-eabi/9.2.1/../../../../arm-none-eabi/lib/thumb/v7e-m+fp/hard\libc_nano.a(lib_a-mprec.o)
                0x0800abd2                __lo0bits
 .text.__i2b    0x0800ac32       0x12 c:/arm_gcc/bin/../lib/gcc/arm-none-eabi/9.2.1/../../../../arm-none-eabi/lib/thumb/v7e-m+fp/hard\libc_nano.a(lib_a-mprec.o)
                0x0800ac32                __i2b
 .text.__multiply
                0x0800ac44      0x138 c:/arm_gcc/bin/../lib/gcc/arm-none-eabi/9.2.1/../../../../arm-none-eabi/lib/thumb/v7e-m+fp/hard\libc_nano.a(lib_a-mprec.o)
                0x0800ac44                __multiply
 .text.__pow5mult
                0x0800ad7c       0x9c c:/arm_gcc/bin/../lib/gcc/arm-none-eabi/9.2.1/../../../../arm-none-eabi/lib/thumb/v7e-m+fp/hard\libc_nano.a(lib_a-mprec.o)
                0x0800ad7c                __pow5mult
 .text.__lshift
                0x0800ae18       0xbe c:/arm_gcc/bin/../lib/gcc/arm-none-eabi/9.2.1/../../../../arm-none-eabi/lib/thumb/v7e-m+fp/hard\libc_nano.a(lib_a-mprec.o)
                0x0800ae18                __lshift
 .text.__mcmp   0x0800aed6       0x38 c:/arm_gcc/bin/../lib/gcc/arm-none-eabi/9.2.1/../../../../arm-none-eabi/lib/thumb/v7e-m+fp/hard\libc_nano.a(lib_a-mprec.o)
                0x0800aed6                __mcmp
 .text.__mdiff  0x0800af0e       0xec c:/arm_gcc/bin/../lib/gcc/arm-none-eabi/9.2.1/../../../../arm-none-eabi/lib/thumb/v7e-m+fp/hard\libc_nano.a(lib_a-mprec.o)
                0x0800af0e                __mdiff
 *fill*         0x0800affa        0x2 
 .text.__ulp    0x0800affc       0x58 c:/arm_gcc/bin/../lib/gcc/arm-none-eabi/9.2.1/../../../../arm-none-eabi/lib/thumb/v7e-m+fp/hard\libc_nano.a(lib_a-mprec.o)
                0x0800affc                __ulp
 .text.__b2d    0x0800b054       0xa0 c:/arm_gcc/bin/../lib/gcc/arm-none-eabi/9.2.1/../../../../arm-none-eabi/lib/thumb/v7e-m+fp/hard\libc_nano.a(lib_a-mprec.o)
                0x0800b054                __b2d
 .text.__d2b    0x0800b0f4       0xa0 c:/arm_gcc/bin/../lib/gcc/arm-none-eabi/9.2.1/../../../../arm-none-eabi/lib/thumb/v7e-m+fp/hard\libc_nano.a(lib_a-mprec.o)
                0x0800b0f4                __d2b
 .text.__ratio  0x0800b194       0x66 c:/arm_gcc/bin/../lib/gcc/arm-none-eabi/9.2.1/../../../../arm-none-eabi/lib/thumb/v7e-m+fp/hard\libc_nano.a(lib_a-mprec.o)
                0x0800b194                __ratio
 .text.__copybits
                0x0800b1fa       0x46 c:/arm_gcc/bin/../lib/gcc/arm-none-eabi/9.2.1/../../../../arm-none-eabi/lib/thumb/v7e-m+fp/hard\libc_nano.a(lib_a-mprec.o)
                0x0800b1fa                __copybits
 .text.__any_on
                0x0800b240       0x42 c:/arm_gcc/bin/../lib/gcc/arm-none-eabi/9.2.1/../../../../arm-none-eabi/lib/thumb/v7e-m+fp/hard\libc_nano.a(lib_a-mprec.o)
                0x0800b240                __any_on
 .text._calloc_r
                0x0800b282       0x1e c:/arm_gcc/bin/../lib/gcc/arm-none-eabi/9.2.1/../../../../arm-none-eabi/lib/thumb/v7e-m+fp/hard\libc_nano.a(lib_a-nano-callocr.o)
                0x0800b282                _calloc_r
 .text.__ssputs_r
                0x0800b2a0       0xb6 c:/arm_gcc/bin/../lib/gcc/arm-none-eabi/9.2.1/../../../../arm-none-eabi/lib/thumb/v7e-m+fp/hard\libc_nano.a(lib_a-nano-svfprintf.o)
                0x0800b2a0                __ssputs_r
 *fill*         0x0800b356        0x2 
 .text._svfprintf_r
                0x0800b358      0x200 c:/arm_gcc/bin/../lib/gcc/arm-none-eabi/9.2.1/../../../../arm-none-eabi/lib/thumb/v7e-m+fp/hard\libc_nano.a(lib_a-nano-svfprintf.o)
                0x0800b358                _svfiprintf_r
                0x0800b358                _svfprintf_r
 .text.nan      0x0800b558       0x10 c:/arm_gcc/bin/../lib/gcc/arm-none-eabi/9.2.1/../../../../arm-none-eabi/lib/thumb/v7e-m+fp/hard\libc_nano.a(lib_a-s_nan.o)
                0x0800b558                nan
 .text.strncmp  0x0800b568       0x24 c:/arm_gcc/bin/../lib/gcc/arm-none-eabi/9.2.1/../../../../arm-none-eabi/lib/thumb/v7e-m+fp/hard\libc_nano.a(lib_a-strncmp.o)
                0x0800b568                strncmp
 .text.__ascii_wctomb
                0x0800b58c       0x1a c:/arm_gcc/bin/../lib/gcc/arm-none-eabi/9.2.1/../../../../arm-none-eabi/lib/thumb/v7e-m+fp/hard\libc_nano.a(lib_a-wctomb_r.o)
                0x0800b58c                __ascii_wctomb
 .text.__retarget_lock_acquire_recursive
                0x0800b5a6        0x2 c:/arm_gcc/bin/../lib/gcc/arm-none-eabi/9.2.1/../../../../arm-none-eabi/lib/thumb/v7e-m+fp/hard\libc_nano.a(lib_a-lock.o)
                0x0800b5a6                __retarget_lock_acquire_recursive
 .text.__retarget_lock_release_recursive
                0x0800b5a8        0x2 c:/arm_gcc/bin/../lib/gcc/arm-none-eabi/9.2.1/../../../../arm-none-eabi/lib/thumb/v7e-m+fp/hard\libc_nano.a(lib_a-lock.o)
                0x0800b5a8                __retarget_lock_release_recursive
 .text.memmove  0x0800b5aa       0x34 c:/arm_gcc/bin/../lib/gcc/arm-none-eabi/9.2.1/../../../../arm-none-eabi/lib/thumb/v7e-m+fp/hard\libc_nano.a(lib_a-memmove.o)
                0x0800b5aa                memmove
 .text._realloc_r
                0x0800b5de       0x4c c:/arm_gcc/bin/../lib/gcc/arm-none-eabi/9.2.1/../../../../arm-none-eabi/lib/thumb/v7e-m+fp/hard\libc_nano.a(lib_a-nano-reallocr.o)
                0x0800b5de                _realloc_r
 .text._malloc_usable_size_r
                0x0800b62a       0x10 c:/arm_gcc/bin/../lib/gcc/arm-none-eabi/9.2.1/../../../../arm-none-eabi/lib/thumb/v7e-m+fp/hard\libc_nano.a(lib_a-nano-msizer.o)
                0x0800b62a                _malloc_usable_size_r
 *fill*         0x0800b63a        0x2 
 .text.atan2f   0x0800b63c        0x4 c:/arm_gcc/bin/../lib/gcc/arm-none-eabi/9.2.1/../../../../arm-none-eabi/lib/thumb/v7e-m+fp/hard\libm.a(lib_a-wf_atan2.o)
                0x0800b63c                atan2f
 .text.sqrtf    0x0800b640       0xb0 c:/arm_gcc/bin/../lib/gcc/arm-none-eabi/9.2.1/../../../../arm-none-eabi/lib/thumb/v7e-m+fp/hard\libm.a(lib_a-wf_sqrt.o)
                0x0800b640                sqrtf
 .text.__ieee754_atan2f
                0x0800b6f0      0x150 c:/arm_gcc/bin/../lib/gcc/arm-none-eabi/9.2.1/../../../../arm-none-eabi/lib/thumb/v7e-m+fp/hard\libm.a(lib_a-ef_atan2.o)
                0x0800b6f0                __ieee754_atan2f
 .text.__ieee754_sqrtf
                0x0800b840        0x8 c:/arm_gcc/bin/../lib/gcc/arm-none-eabi/9.2.1/../../../../arm-none-eabi/lib/thumb/v7e-m+fp/hard\libm.a(lib_a-ef_sqrt.o)
                0x0800b840                __ieee754_sqrtf
 .text.matherr  0x0800b848        0x4 c:/arm_gcc/bin/../lib/gcc/arm-none-eabi/9.2.1/../../../../arm-none-eabi/lib/thumb/v7e-m+fp/hard\libm.a(lib_a-s_matherr.o)
                0x0800b848                matherr
 .text.atanf    0x0800b84c      0x1b0 c:/arm_gcc/bin/../lib/gcc/arm-none-eabi/9.2.1/../../../../arm-none-eabi/lib/thumb/v7e-m+fp/hard\libm.a(lib_a-sf_atan.o)
                0x0800b84c                atanf
 .text.fabsf    0x0800b9fc       0x10 c:/arm_gcc/bin/../lib/gcc/arm-none-eabi/9.2.1/../../../../arm-none-eabi/lib/thumb/v7e-m+fp/hard\libm.a(lib_a-sf_fabs.o)
                0x0800b9fc                fabsf
 .text._sbrk    0x0800ba0c       0x1c c:/arm_gcc/bin/../lib/gcc/arm-none-eabi/9.2.1/../../../../arm-none-eabi/lib/thumb/v7e-m+fp/hard\libnosys.a(sbrk.o)
                0x0800ba0c                _sbrk
 .text.__errno  0x0800ba28        0xc c:/arm_gcc/bin/../lib/gcc/arm-none-eabi/9.2.1/../../../../arm-none-eabi/lib/thumb/v7e-m+fp/hard\libc_nano.a(lib_a-errno.o)
                0x0800ba28                __errno
 *(.glue_7)
 .glue_7        0x0800ba34        0x0 linker stubs
 *(.glue_7t)
 .glue_7t       0x0800ba34        0x0 linker stubs
 *(.eh_frame)
 .eh_frame      0x0800ba34        0x0 c:/arm_gcc/bin/../lib/gcc/arm-none-eabi/9.2.1/thumb/v7e-m+fp/hard/crtbegin.o
 *(.init)
 .init          0x0800ba34        0x4 c:/arm_gcc/bin/../lib/gcc/arm-none-eabi/9.2.1/thumb/v7e-m+fp/hard/crti.o
                0x0800ba34                _init
 .init          0x0800ba38        0x8 c:/arm_gcc/bin/../lib/gcc/arm-none-eabi/9.2.1/thumb/v7e-m+fp/hard/crtn.o
 *(.fini)
 .fini          0x0800ba40        0x4 c:/arm_gcc/bin/../lib/gcc/arm-none-eabi/9.2.1/thumb/v7e-m+fp/hard/crti.o
                0x0800ba40                _fini
 .fini          0x0800ba44        0x8 c:/arm_gcc/bin/../lib/gcc/arm-none-eabi/9.2.1/thumb/v7e-m+fp/hard/crtn.o
                0x0800ba4c                . = ALIGN (0x4)
                0x0800ba4c                _etext = .

.vfp11_veneer   0x0800ba4c        0x0
 .vfp11_veneer  0x0800ba4c        0x0 linker stubs

.v4_bx          0x0800ba4c        0x0
 .v4_bx         0x0800ba4c        0x0 linker stubs

.iplt           0x0800ba4c        0x0
 .iplt          0x0800ba4c        0x0 c:/arm_gcc/bin/../lib/gcc/arm-none-eabi/9.2.1/thumb/v7e-m+fp/hard/crtbegin.o

.rodata         0x0800ba50     0x10e8
                0x0800ba50                . = ALIGN (0x4)
 *(.rodata)
 *(.rodata*)
 .rodata.main.str1.4
                0x0800ba50       0x20 build_my/main.o
 .rodata.analize.str1.4
                0x0800ba70       0x11 build_my/command.o
 *fill*         0x0800ba81        0x3 
 .rodata.Print_Parameters.str1.4
                0x0800ba84       0x91 build_my/parameter.o
 *fill*         0x0800bb15        0x3 
 .rodata.Read_Parameters.str1.4
                0x0800bb18       0x2e build_my/parameter.o
 *fill*         0x0800bb46        0x2 
 .rodata.sinTable_f32
                0x0800bb48      0x804 build_my/arm_common_tables.o
                0x0800bb48                sinTable_f32
 .rodata.Current_ADC_Init.str1.4
                0x0800c34c       0x22 build_my/foc.o
 *fill*         0x0800c36e        0x2 
 .rodata.Test_Direction.str1.4
                0x0800c370       0x1a build_my/foc.o
 *fill*         0x0800c38a        0x2 
 .rodata.Measure_Res.str1.4
                0x0800c38c        0xb build_my/foc.o
 *fill*         0x0800c397        0x1 
 .rodata.Measure_Ind.str1.4
                0x0800c398      0x11f build_my/foc.o
 *fill*         0x0800c4b7        0x1 
 .rodata.Detect_Encoder.str1.4
                0x0800c4b8       0x87 build_my/foc.o
 *fill*         0x0800c53f        0x1 
 .rodata.wave.str1.4
                0x0800c540       0x10 build_my/cmd_fun.o
 .rodata.position.str1.4
                0x0800c550       0x10 build_my/cmd_fun.o
 .rodata.set_mode.str1.4
                0x0800c560       0x2d build_my/cmd_fun.o
 *fill*         0x0800c58d        0x3 
 .rodata.set_pos_off_here.str1.4
                0x0800c590       0x12 build_my/cmd_fun.o
 *fill*         0x0800c5a2        0x2 
 .rodata.test.str1.4
                0x0800c5a4       0x4b build_my/cmd_fun.o
 *fill*         0x0800c5ef        0x1 
 .rodata.set_val.str1.4
                0x0800c5f0       0x2d build_my/cmd_fun.o
                                 0x31 (size before relaxing)
 *fill*         0x0800c61d        0x3 
 .rodata.set_PID.str1.4
                0x0800c620       0x33 build_my/cmd_fun.o
 *fill*         0x0800c653        0x1 
 .rodata.set_to_u4.str1.4
                0x0800c654       0x35 build_my/cmd_fun.o
 *fill*         0x0800c689        0x3 
 .rodata.test_spi_com.str1.4
                0x0800c68c       0x17 build_my/cmd_fun.o
 *fill*         0x0800c6a3        0x1 
 .rodata.test_direction.str1.4
                0x0800c6a4       0x1b build_my/cmd_fun.o
 *fill*         0x0800c6bf        0x1 
 .rodata.detect.str1.4
                0x0800c6c0       0x1b build_my/cmd_fun.o
 *fill*         0x0800c6db        0x1 
 .rodata.start.str1.4
                0x0800c6dc        0xe build_my/cmd_fun.o
 *fill*         0x0800c6ea        0x2 
 .rodata.measure_res.str1.4
                0x0800c6ec       0x1b build_my/cmd_fun.o
 *fill*         0x0800c707        0x1 
 .rodata.measure_ind.str1.4
                0x0800c708       0x1b build_my/cmd_fun.o
 *fill*         0x0800c723        0x1 
 .rodata.wrtie_param.str1.4
                0x0800c724       0x11 build_my/cmd_fun.o
 *fill*         0x0800c735        0x3 
 .rodata.command_init.str1.4
                0x0800c738       0x89 build_my/cmd_fun.o
 *fill*         0x0800c7c1        0x3 
 .rodata.str1.4
                0x0800c7c4       0x54 build_my/cmd_fun.o
 .rodata.flagBitshiftOffset.9010
                0x0800c818        0x8 build_my/stm32f4xx_hal_dma.o
 .rodata.AHBPrescTable
                0x0800c820       0x10 build_my/system_stm32f4xx.o
                0x0800c820                AHBPrescTable
 .rodata.APBPrescTable
                0x0800c830        0x8 build_my/system_stm32f4xx.o
                0x0800c830                APBPrescTable
 .rodata._ctype_
                0x0800c838      0x101 c:/arm_gcc/bin/../lib/gcc/arm-none-eabi/9.2.1/../../../../arm-none-eabi/lib/thumb/v7e-m+fp/hard\libc_nano.a(lib_a-ctype_.o)
                0x0800c838                _ctype_
 .rodata._printf_float.str1.1
                0x0800c939       0x12 c:/arm_gcc/bin/../lib/gcc/arm-none-eabi/9.2.1/../../../../arm-none-eabi/lib/thumb/v7e-m+fp/hard\libc_nano.a(lib_a-nano-vfprintf_float.o)
 .rodata._printf_i.str1.1
                0x0800c94b       0x22 c:/arm_gcc/bin/../lib/gcc/arm-none-eabi/9.2.1/../../../../arm-none-eabi/lib/thumb/v7e-m+fp/hard\libc_nano.a(lib_a-nano-vfprintf_i.o)
 .rodata._strtod_l.str1.1
                0x0800c96d       0x22 c:/arm_gcc/bin/../lib/gcc/arm-none-eabi/9.2.1/../../../../arm-none-eabi/lib/thumb/v7e-m+fp/hard\libc_nano.a(lib_a-strtod.o)
                                  0xd (size before relaxing)
 *fill*         0x0800c96d        0x3 
 .rodata.fpi.7566
                0x0800c970       0x14 c:/arm_gcc/bin/../lib/gcc/arm-none-eabi/9.2.1/../../../../arm-none-eabi/lib/thumb/v7e-m+fp/hard\libc_nano.a(lib_a-strtod.o)
 .rodata.fpinan.7602
                0x0800c984       0x14 c:/arm_gcc/bin/../lib/gcc/arm-none-eabi/9.2.1/../../../../arm-none-eabi/lib/thumb/v7e-m+fp/hard\libc_nano.a(lib_a-strtod.o)
 .rodata.tinytens
                0x0800c998       0x28 c:/arm_gcc/bin/../lib/gcc/arm-none-eabi/9.2.1/../../../../arm-none-eabi/lib/thumb/v7e-m+fp/hard\libc_nano.a(lib_a-strtod.o)
 .rodata._dtoa_r.str1.1
                0x0800c9c0        0xd c:/arm_gcc/bin/../lib/gcc/arm-none-eabi/9.2.1/../../../../arm-none-eabi/lib/thumb/v7e-m+fp/hard\libc_nano.a(lib_a-dtoa.o)
                                  0xf (size before relaxing)
 .rodata.str1.1
                0x0800c9cd        0x2 c:/arm_gcc/bin/../lib/gcc/arm-none-eabi/9.2.1/../../../../arm-none-eabi/lib/thumb/v7e-m+fp/hard\libc_nano.a(lib_a-lnumeric.o)
                                  0x3 (size before relaxing)
 *fill*         0x0800c9cf        0x1 
 .rodata._C_numeric_locale
                0x0800c9d0        0xc c:/arm_gcc/bin/../lib/gcc/arm-none-eabi/9.2.1/../../../../arm-none-eabi/lib/thumb/v7e-m+fp/hard\libc_nano.a(lib_a-lnumeric.o)
                0x0800c9d0                _C_numeric_locale
 .rodata._setlocale_r.str1.1
                0x0800c9dc        0x8 c:/arm_gcc/bin/../lib/gcc/arm-none-eabi/9.2.1/../../../../arm-none-eabi/lib/thumb/v7e-m+fp/hard\libc_nano.a(lib_a-locale.o)
                                  0x9 (size before relaxing)
 .rodata.str1.1
                0x0800c9e4        0x2 c:/arm_gcc/bin/../lib/gcc/arm-none-eabi/9.2.1/../../../../arm-none-eabi/lib/thumb/v7e-m+fp/hard\libc_nano.a(lib_a-locale.o)
 *fill*         0x0800c9e4        0x4 
 .rodata.__mprec_bigtens
                0x0800c9e8       0x28 c:/arm_gcc/bin/../lib/gcc/arm-none-eabi/9.2.1/../../../../arm-none-eabi/lib/thumb/v7e-m+fp/hard\libc_nano.a(lib_a-mprec.o)
                0x0800c9e8                __mprec_bigtens
 .rodata.__mprec_tens
                0x0800ca10       0xc8 c:/arm_gcc/bin/../lib/gcc/arm-none-eabi/9.2.1/../../../../arm-none-eabi/lib/thumb/v7e-m+fp/hard\libc_nano.a(lib_a-mprec.o)
                0x0800ca10                __mprec_tens
 .rodata.p05.7490
                0x0800cad8        0xc c:/arm_gcc/bin/../lib/gcc/arm-none-eabi/9.2.1/../../../../arm-none-eabi/lib/thumb/v7e-m+fp/hard\libc_nano.a(lib_a-mprec.o)
 .rodata._svfprintf_r.str1.1
                0x0800cae4       0x11 c:/arm_gcc/bin/../lib/gcc/arm-none-eabi/9.2.1/../../../../arm-none-eabi/lib/thumb/v7e-m+fp/hard\libc_nano.a(lib_a-nano-svfprintf.o)
 *fill*         0x0800caf5        0x3 
 .rodata.sqrtf.str1.4
                0x0800caf8        0x6 c:/arm_gcc/bin/../lib/gcc/arm-none-eabi/9.2.1/../../../../arm-none-eabi/lib/thumb/v7e-m+fp/hard\libm.a(lib_a-wf_sqrt.o)
 *fill*         0x0800cafe        0x2 
 .rodata.CSWTCH.8
                0x0800cb00        0xc c:/arm_gcc/bin/../lib/gcc/arm-none-eabi/9.2.1/../../../../arm-none-eabi/lib/thumb/v7e-m+fp/hard\libm.a(lib_a-ef_atan2.o)
 .rodata.CSWTCH.9
                0x0800cb0c        0xc c:/arm_gcc/bin/../lib/gcc/arm-none-eabi/9.2.1/../../../../arm-none-eabi/lib/thumb/v7e-m+fp/hard\libm.a(lib_a-ef_atan2.o)
 .rodata.atanhi
                0x0800cb18       0x10 c:/arm_gcc/bin/../lib/gcc/arm-none-eabi/9.2.1/../../../../arm-none-eabi/lib/thumb/v7e-m+fp/hard\libm.a(lib_a-sf_atan.o)
 .rodata.atanlo
                0x0800cb28       0x10 c:/arm_gcc/bin/../lib/gcc/arm-none-eabi/9.2.1/../../../../arm-none-eabi/lib/thumb/v7e-m+fp/hard\libm.a(lib_a-sf_atan.o)
                0x0800cb38                . = ALIGN (0x4)

.ARM.extab
 *(.ARM.extab* .gnu.linkonce.armextab.*)

.ARM            0x0800cb38        0x8
                0x0800cb38                __exidx_start = .
 *(.ARM.exidx*)
 .ARM.exidx     0x0800cb38        0x8 c:/arm_gcc/bin/../lib/gcc/arm-none-eabi/9.2.1/thumb/v7e-m+fp/hard\libgcc.a(_udivmoddi4.o)
                0x0800cb40                __exidx_end = .

.rel.dyn        0x0800cb40        0x0
 .rel.iplt      0x0800cb40        0x0 c:/arm_gcc/bin/../lib/gcc/arm-none-eabi/9.2.1/thumb/v7e-m+fp/hard/crtbegin.o

.preinit_array  0x0800cb40        0x0
                0x0800cb40                PROVIDE (__preinit_array_start = .)
 *(.preinit_array*)
                0x0800cb40                PROVIDE (__preinit_array_end = .)

.init_array     0x0800cb40        0x4
                0x0800cb40                PROVIDE (__init_array_start = .)
 *(SORT_BY_NAME(.init_array.*))
 *(.init_array*)
 .init_array    0x0800cb40        0x4 c:/arm_gcc/bin/../lib/gcc/arm-none-eabi/9.2.1/thumb/v7e-m+fp/hard/crtbegin.o
                0x0800cb44                PROVIDE (__init_array_end = .)

.fini_array     0x0800cb44        0x4
                [!provide]                PROVIDE (__fini_array_start = .)
 *(SORT_BY_NAME(.fini_array.*))
 *(.fini_array*)
 .fini_array    0x0800cb44        0x4 c:/arm_gcc/bin/../lib/gcc/arm-none-eabi/9.2.1/thumb/v7e-m+fp/hard/crtbegin.o
                [!provide]                PROVIDE (__fini_array_end = .)
                0x0800cb48                _sidata = LOADADDR (.data)

.data           0x20000000      0x484 load address 0x0800cb48
                0x20000000                . = ALIGN (0x4)
                0x20000000                _sdata = .
 *(.data)
 *(.data*)
 .data.Rx_Mode  0x20000000        0x1 build_my/uart_ext.o
 *fill*         0x20000001        0x3 
 .data.s        0x20000004       0x16 build_my/uart_ext.o
                0x20000004                s
 .data.Wave_ID  0x2000001a        0x1 build_my/debug_utils.o
                0x2000001a                Wave_ID
 *fill*         0x2000001b        0x1 
 .data.wg1      0x2000001c       0x14 build_my/utils.o
                0x2000001c                wg1
 .data.wg2      0x20000030       0x14 build_my/utils.o
                0x20000030                wg2
 .data.wg3      0x20000044       0x14 build_my/utils.o
                0x20000044                wg3
 .data.U1       0x20000058       0x10 build_my/SVPWM.o
                0x20000058                U1
 .data.U2       0x20000068       0x10 build_my/SVPWM.o
                0x20000068                U2
 .data.U3       0x20000078       0x10 build_my/SVPWM.o
                0x20000078                U3
 .data.U4       0x20000088       0x10 build_my/SVPWM.o
                0x20000088                U4
 .data.U5       0x20000098       0x10 build_my/SVPWM.o
                0x20000098                U5
 .data.U6       0x200000a8       0x10 build_my/SVPWM.o
                0x200000a8                U6
 .data.U7       0x200000b8       0x10 build_my/SVPWM.o
                0x200000b8                U7
 .data.Base_Duty
                0x200000c8        0x4 build_my/foc.o
                0x200000c8                Base_Duty
 .data.Base_Speed
                0x200000cc        0x4 build_my/foc.o
                0x200000cc                Base_Speed
 .data.Board_Mode
                0x200000d0        0x1 build_my/foc.o
                0x200000d0                Board_Mode
 *fill*         0x200000d1        0x3 
 .data.Id_PID   0x200000d4       0x24 build_my/foc.o
                0x200000d4                Id_PID
 .data.Iq_PID   0x200000f8       0x24 build_my/foc.o
                0x200000f8                Iq_PID
 .data.Iq_Set   0x2000011c        0x4 build_my/foc.o
                0x2000011c                Iq_Set
 .data.Last_Mode
                0x20000120        0x1 build_my/foc.o
                0x20000120                Last_Mode
 *fill*         0x20000121        0x3 
 .data.Motor    0x20000124       0x14 build_my/foc.o
                0x20000124                Motor
 .data.Phi      0x20000138        0x4 build_my/foc.o
                0x20000138                Phi
 .data.Position_Offset
                0x2000013c        0x4 build_my/foc.o
                0x2000013c                Position_Offset
 .data.Position_PID
                0x20000140       0x24 build_my/foc.o
                0x20000140                Position_PID
 .data.Special_Id_PID
                0x20000164       0x24 build_my/foc.o
                0x20000164                Special_Id_PID
 .data.Speed_Attitude
                0x20000188        0x4 build_my/foc.o
                0x20000188                Speed_Attitude
 .data.Speed_PID
                0x2000018c       0x24 build_my/foc.o
                0x2000018c                Speed_PID
 .data.Speed_Set
                0x200001b0        0x4 build_my/foc.o
                0x200001b0                Speed_Set
 .data.SPI_Com_Val_List
                0x200001b4       0x84 build_my/foc_spi_com.o
                0x200001b4                SPI_Com_Val_List
 .data.SPI_Slave_Test
                0x20000238        0x1 build_my/foc_spi_com.o
                0x20000238                SPI_Slave_Test
 *fill*         0x20000239        0x1 
 .data.SPI_Slave_Test2
                0x2000023a        0x2 build_my/foc_spi_com.o
                0x2000023a                SPI_Slave_Test2
 .data.SPI_Slave_Test3
                0x2000023c        0x4 build_my/foc_spi_com.o
                0x2000023c                SPI_Slave_Test3
 .data.Var_List
                0x20000240       0x58 build_my/cmd_fun.o
                0x20000240                Var_List
 .data.test_s   0x20000298        0x4 build_my/cmd_fun.o
                0x20000298                test_s
 .data.test_s2  0x2000029c        0x4 build_my/cmd_fun.o
                0x2000029c                test_s2
 .data.uwTickFreq
                0x200002a0        0x1 build_my/stm32f4xx_hal.o
                0x200002a0                uwTickFreq
 *fill*         0x200002a1        0x3 
 .data.uwTickPrio
                0x200002a4        0x4 build_my/stm32f4xx_hal.o
                0x200002a4                uwTickPrio
 .data.SystemCoreClock
                0x200002a8        0x4 build_my/system_stm32f4xx.o
                0x200002a8                SystemCoreClock
 .data._impure_ptr
                0x200002ac        0x4 c:/arm_gcc/bin/../lib/gcc/arm-none-eabi/9.2.1/../../../../arm-none-eabi/lib/thumb/v7e-m+fp/hard\libc_nano.a(lib_a-impure.o)
                0x200002ac                _impure_ptr
 .data.impure_data
                0x200002b0       0x60 c:/arm_gcc/bin/../lib/gcc/arm-none-eabi/9.2.1/../../../../arm-none-eabi/lib/thumb/v7e-m+fp/hard\libc_nano.a(lib_a-impure.o)
 .data.numempty
                0x20000310        0x2 c:/arm_gcc/bin/../lib/gcc/arm-none-eabi/9.2.1/../../../../arm-none-eabi/lib/thumb/v7e-m+fp/hard\libc_nano.a(lib_a-lnumeric.o)
 *fill*         0x20000312        0x2 
 .data.__global_locale
                0x20000314      0x16c c:/arm_gcc/bin/../lib/gcc/arm-none-eabi/9.2.1/../../../../arm-none-eabi/lib/thumb/v7e-m+fp/hard\libc_nano.a(lib_a-locale.o)
                0x20000314                __global_locale
 .data.__fdlib_version
                0x20000480        0x1 c:/arm_gcc/bin/../lib/gcc/arm-none-eabi/9.2.1/../../../../arm-none-eabi/lib/thumb/v7e-m+fp/hard\libm.a(lib_a-s_lib_ver.o)
                0x20000480                __fdlib_version
                0x20000484                . = ALIGN (0x4)
 *fill*         0x20000481        0x3 
                0x20000484                _edata = .
                0x0800cfcc                _siccmram = LOADADDR (.ccmram)

.igot.plt       0x20000484        0x0 load address 0x0800cfcc
 .igot.plt      0x20000484        0x0 c:/arm_gcc/bin/../lib/gcc/arm-none-eabi/9.2.1/thumb/v7e-m+fp/hard/crtbegin.o

.ccmram         0x10000000        0x0 load address 0x0800cfcc
                0x10000000                . = ALIGN (0x4)
                0x10000000                _sccmram = .
 *(.ccmram)
 *(.ccmram*)
                0x10000000                . = ALIGN (0x4)
                0x10000000                _eccmram = .
                0x10000000                . = ALIGN (0x4)

.bss            0x20000484      0x810
                0x20000484                _sbss = .
                0x20000484                __bss_start__ = _sbss
 *(.bss)
 .bss           0x20000484       0x1c c:/arm_gcc/bin/../lib/gcc/arm-none-eabi/9.2.1/thumb/v7e-m+fp/hard/crtbegin.o
 *(.bss*)
 .bss.Init_OK   0x200004a0        0x1 build_my/main.o
                0x200004a0                Init_OK
 .bss.Tx_Mode   0x200004a1        0x1 build_my/uart_ext.o
 *fill*         0x200004a2        0x2 
 .bss.buffer_rx_count
                0x200004a4        0x4 build_my/uart_ext.o
                0x200004a4                buffer_rx_count
 .bss.debug_uart
                0x200004a8        0x4 build_my/uart_ext.o
 .bss.CSN_PIN   0x200004ac        0x2 build_my/as5047.o
 *fill*         0x200004ae        0x2 
 .bss.CSN_PORT  0x200004b0        0x4 build_my/as5047.o
 .bss.OK.9591   0x200004b4        0x1 build_my/as5047.o
 *fill*         0x200004b5        0x3 
 .bss.SPI_Read_Write
                0x200004b8        0x4 build_my/as5047.o
 .bss.result.9624
                0x200004bc        0x2 build_my/as5047.o
 .bss.Wave_Flag
                0x200004be        0x1 build_my/debug_utils.o
                0x200004be                Wave_Flag
 .bss.Mode      0x200004bf        0x1 build_my/spi_slave.o
 .bss.Now_Operate_Reg_Index
                0x200004c0        0x1 build_my/spi_slave.o
 *fill*         0x200004c1        0x1 
 .bss.Reg_List_Length
                0x200004c2        0x2 build_my/spi_slave.o
 .bss.Rx_Buffer
                0x200004c4       0x1e build_my/spi_slave.o
 *fill*         0x200004e2        0x2 
 .bss.SPI_Use   0x200004e4        0x4 build_my/spi_slave.o
 .bss.Status    0x200004e8        0x1 build_my/spi_slave.o
 *fill*         0x200004e9        0x3 
 .bss.CCR_Dutys.12031
                0x200004ec        0xc build_my/SVPWM.o
 .bss.U0        0x200004f8       0x10 build_my/SVPWM.o
                0x200004f8                U0
 .bss.Duty_Amp  0x20000508        0x4 build_my/foc.o
                0x20000508                Duty_Amp
 .bss.FOC_Flag  0x2000050c        0x1 build_my/foc.o
                0x2000050c                FOC_Flag
 *fill*         0x2000050d        0x3 
 .bss.Id_Set    0x20000510        0x4 build_my/foc.o
                0x20000510                Id_Set
 .bss.Measure_Ind_Flag
                0x20000514        0x1 build_my/foc.o
                0x20000514                Measure_Ind_Flag
 .bss.Measure_Res_Flag
                0x20000515        0x1 build_my/foc.o
                0x20000515                Measure_Res_Flag
 *fill*         0x20000516        0x2 
 .bss.current   0x20000518        0x8 build_my/foc.o
                0x20000518                current
 .bss.current_adc_offset
                0x20000520        0x4 build_my/foc.o
                0x20000520                current_adc_offset
 .bss.current_adc_value
                0x20000524        0x6 build_my/foc.o
                0x20000524                current_adc_value
 *fill*         0x2000052a        0x2 
 .bss.current_control_cnt.13409
                0x2000052c        0x4 build_my/foc.o
 .bss.input_voltage
                0x20000530        0x4 build_my/foc.o
                0x20000530                input_voltage
 .bss.last_position_phase.13491
                0x20000534        0x4 build_my/foc.o
 .bss.__malloc_free_list
                0x20000538        0x4 c:/arm_gcc/bin/../lib/gcc/arm-none-eabi/9.2.1/../../../../arm-none-eabi/lib/thumb/v7e-m+fp/hard\libc_nano.a(lib_a-nano-mallocr.o)
                0x20000538                __malloc_free_list
 .bss.__malloc_sbrk_start
                0x2000053c        0x4 c:/arm_gcc/bin/../lib/gcc/arm-none-eabi/9.2.1/../../../../arm-none-eabi/lib/thumb/v7e-m+fp/hard\libc_nano.a(lib_a-nano-mallocr.o)
                0x2000053c                __malloc_sbrk_start
 .bss.heap_end.5507
                0x20000540        0x4 c:/arm_gcc/bin/../lib/gcc/arm-none-eabi/9.2.1/../../../../arm-none-eabi/lib/thumb/v7e-m+fp/hard\libnosys.a(sbrk.o)
 *(COMMON)
 COMMON         0x20000544       0x86 build_my/uart_ext.o
                0x20000544                buffer_rx
                0x20000562                buffer_rx_OK
                0x20000564                uart_buffer
                0x200005c9                buffer_rx_temp
 *fill*         0x200005ca        0x2 
 COMMON         0x200005cc      0x194 build_my/command.o
                0x200005cc                CMD
 COMMON         0x20000760        0x6 build_my/as5047.o
                0x20000760                SPI_USE
                0x20000764                AS_5047_Err
 *fill*         0x20000766        0x2 
 COMMON         0x20000768       0x3c build_my/foc.o
                0x20000768                Speed
                0x2000076c                Position
                0x20000770                Position_Degree_Set
                0x20000774                ibeta
                0x20000778                iq
                0x2000077c                id
                0x20000780                ialpha
                0x20000784                Measure_Sample
                0x2000079c                Position_Phase_Degree
                0x200007a0                Position_Degree
 COMMON         0x200007a4       0x14 build_my/dac.o
                0x200007a4                hdac
 COMMON         0x200007b8      0x138 build_my/adc.o
                0x200007b8                hadc2
                0x20000800                hadc1
                0x20000848                hadc3
                0x20000890                hdma_adc1
 COMMON         0x200008f0      0x100 build_my/tim.o
                0x200008f0                htim8
                0x20000930                htim6
                0x20000970                htim1
                0x200009b0                htim7
 COMMON         0x200009f0      0x100 build_my/usart.o
                0x200009f0                huart5
                0x20000a30                hdma_uart5_rx
                0x20000a90                hdma_uart5_tx
 COMMON         0x20000af0       0x20 build_my/stm32f4xx_hal_flash.o
                0x20000af0                pFlash
 COMMON         0x20000b10        0x4 build_my/stm32f4xx_hal.o
                0x20000b10                uwTick
 COMMON         0x20000b14      0x170 build_my/spi.o
                0x20000b14                hspi3
                0x20000b6c                hspi1
                0x20000bc4                hdma_spi1_rx
                0x20000c24                hdma_spi1_tx
 COMMON         0x20000c84        0x4 c:/arm_gcc/bin/../lib/gcc/arm-none-eabi/9.2.1/../../../../arm-none-eabi/lib/thumb/v7e-m+fp/hard\libc_nano.a(lib_a-reent.o)
                0x20000c84                errno
 COMMON         0x20000c88        0x9 c:/arm_gcc/bin/../lib/gcc/arm-none-eabi/9.2.1/../../../../arm-none-eabi/lib/thumb/v7e-m+fp/hard\libc_nano.a(lib_a-lock.o)
                0x20000c88                __lock___atexit_recursive_mutex
                0x20000c89                __lock___arc4random_mutex
                0x20000c8a                __lock___env_recursive_mutex
                0x20000c8b                __lock___sinit_recursive_mutex
                0x20000c8c                __lock___malloc_recursive_mutex
                0x20000c8d                __lock___at_quick_exit_mutex
                0x20000c8e                __lock___dd_hash_mutex
                0x20000c8f                __lock___tz_mutex
                0x20000c90                __lock___sfp_recursive_mutex
                0x20000c94                . = ALIGN (0x4)
 *fill*         0x20000c91        0x3 
                0x20000c94                _ebss = .
                0x20000c94                __bss_end__ = _ebss

._user_heap_stack
                0x20000c94      0x604
                0x20000c98                . = ALIGN (0x8)
 *fill*         0x20000c94        0x4 
                0x20000c98                PROVIDE (end = .)
                [!provide]                PROVIDE (_end = .)
                0x20000e98                . = (. + _Min_Heap_Size)
 *fill*         0x20000c98      0x200 
                0x20001298                . = (. + _Min_Stack_Size)
 *fill*         0x20000e98      0x400 
                0x20001298                . = ALIGN (0x8)

/DISCARD/
 libc.a(*)
 libm.a(*)
 libgcc.a(*)

.ARM.attributes
                0x00000000       0x30
 *(.ARM.attributes)
 .ARM.attributes
                0x00000000       0x1e c:/arm_gcc/bin/../lib/gcc/arm-none-eabi/9.2.1/thumb/v7e-m+fp/hard/crti.o
 .ARM.attributes
                0x0000001e       0x34 c:/arm_gcc/bin/../lib/gcc/arm-none-eabi/9.2.1/thumb/v7e-m+fp/hard/crtbegin.o
 .ARM.attributes
                0x00000052       0x34 build_my/main.o
 .ARM.attributes
                0x00000086       0x34 build_my/uart_ext.o
 .ARM.attributes
                0x000000ba       0x34 build_my/command.o
 .ARM.attributes
                0x000000ee       0x34 build_my/as5047.o
 .ARM.attributes
                0x00000122       0x34 build_my/pid.o
 .ARM.attributes
                0x00000156       0x34 build_my/debug_utils.o
 .ARM.attributes
                0x0000018a       0x34 build_my/spi_slave.o
 .ARM.attributes
                0x000001be       0x39 build_my/utils.o
 .ARM.attributes
                0x000001f7       0x34 build_my/gpio.o
 .ARM.attributes
                0x0000022b       0x34 build_my/SVPWM.o
 .ARM.attributes
                0x0000025f       0x34 build_my/parameter.o
 .ARM.attributes
                0x00000293       0x34 build_my/arm_sin_cos_f32.o
 .ARM.attributes
                0x000002c7       0x34 build_my/arm_cos_f32.o
 .ARM.attributes
                0x000002fb       0x39 build_my/arm_common_tables.o
 .ARM.attributes
                0x00000334       0x34 build_my/foc.o
 .ARM.attributes
                0x00000368       0x34 build_my/foc_spi_com.o
 .ARM.attributes
                0x0000039c       0x34 build_my/cmd_fun.o
 .ARM.attributes
                0x000003d0       0x34 build_my/dac.o
 .ARM.attributes
                0x00000404       0x34 build_my/adc.o
 .ARM.attributes
                0x00000438       0x34 build_my/tim.o
 .ARM.attributes
                0x0000046c       0x34 build_my/usart.o
 .ARM.attributes
                0x000004a0       0x34 build_my/stm32f4xx_it.o
 .ARM.attributes
                0x000004d4       0x34 build_my/stm32f4xx_hal_msp.o
 .ARM.attributes
                0x00000508       0x34 build_my/stm32f4xx_hal_adc.o
 .ARM.attributes
                0x0000053c       0x34 build_my/stm32f4xx_hal_dac.o
 .ARM.attributes
                0x00000570       0x34 build_my/stm32f4xx_hal_adc_ex.o
 .ARM.attributes
                0x000005a4       0x34 build_my/stm32f4xx_hal_rcc.o
 .ARM.attributes
                0x000005d8       0x34 build_my/stm32f4xx_hal_flash.o
 .ARM.attributes
                0x0000060c       0x34 build_my/stm32f4xx_hal_flash_ex.o
 .ARM.attributes
                0x00000640       0x34 build_my/stm32f4xx_hal_gpio.o
 .ARM.attributes
                0x00000674       0x34 build_my/stm32f4xx_hal_dma.o
 .ARM.attributes
                0x000006a8       0x34 build_my/stm32f4xx_hal_cortex.o
 .ARM.attributes
                0x000006dc       0x34 build_my/stm32f4xx_hal.o
 .ARM.attributes
                0x00000710       0x34 build_my/stm32f4xx_hal_tim.o
 .ARM.attributes
                0x00000744       0x34 build_my/stm32f4xx_hal_tim_ex.o
 .ARM.attributes
                0x00000778       0x34 build_my/stm32f4xx_hal_uart.o
 .ARM.attributes
                0x000007ac       0x34 build_my/system_stm32f4xx.o
 .ARM.attributes
                0x000007e0       0x34 build_my/dma.o
 .ARM.attributes
                0x00000814       0x34 build_my/spi.o
 .ARM.attributes
                0x00000848       0x34 build_my/stm32f4xx_hal_spi.o
 .ARM.attributes
                0x0000087c       0x21 build_my/startup_stm32f405xx.o
 .ARM.attributes
                0x0000089d       0x34 c:/arm_gcc/bin/../lib/gcc/arm-none-eabi/9.2.1/../../../../arm-none-eabi/lib/thumb/v7e-m+fp/hard\libc_nano.a(lib_a-atof.o)
 .ARM.attributes
                0x000008d1       0x32 c:/arm_gcc/bin/../lib/gcc/arm-none-eabi/9.2.1/../../../../arm-none-eabi/lib/thumb/v7e-m+fp/hard\libc_nano.a(lib_a-ctype_.o)
 .ARM.attributes
                0x00000903       0x32 c:/arm_gcc/bin/../lib/gcc/arm-none-eabi/9.2.1/../../../../arm-none-eabi/lib/thumb/v7e-m+fp/hard\libc_nano.a(lib_a-impure.o)
 .ARM.attributes
                0x00000935       0x34 c:/arm_gcc/bin/../lib/gcc/arm-none-eabi/9.2.1/../../../../arm-none-eabi/lib/thumb/v7e-m+fp/hard\libc_nano.a(lib_a-init.o)
 .ARM.attributes
                0x00000969       0x34 c:/arm_gcc/bin/../lib/gcc/arm-none-eabi/9.2.1/../../../../arm-none-eabi/lib/thumb/v7e-m+fp/hard\libc_nano.a(lib_a-malloc.o)
 .ARM.attributes
                0x0000099d       0x34 c:/arm_gcc/bin/../lib/gcc/arm-none-eabi/9.2.1/../../../../arm-none-eabi/lib/thumb/v7e-m+fp/hard\libc_nano.a(lib_a-memcpy-stub.o)
 .ARM.attributes
                0x000009d1       0x34 c:/arm_gcc/bin/../lib/gcc/arm-none-eabi/9.2.1/../../../../arm-none-eabi/lib/thumb/v7e-m+fp/hard\libc_nano.a(lib_a-memset.o)
 .ARM.attributes
                0x00000a05       0x34 c:/arm_gcc/bin/../lib/gcc/arm-none-eabi/9.2.1/../../../../arm-none-eabi/lib/thumb/v7e-m+fp/hard\libc_nano.a(lib_a-nano-freer.o)
 .ARM.attributes
                0x00000a39       0x34 c:/arm_gcc/bin/../lib/gcc/arm-none-eabi/9.2.1/../../../../arm-none-eabi/lib/thumb/v7e-m+fp/hard\libc_nano.a(lib_a-nano-mallocr.o)
 .ARM.attributes