ARM GAS  C:\Users\ncer\AppData\Local\Temp\ccXukEpQ.s 			page 1


   1              		.cpu cortex-m4
   2              		.eabi_attribute 27, 1
   3              		.eabi_attribute 28, 1
   4              		.eabi_attribute 20, 1
   5              		.eabi_attribute 21, 1
   6              		.eabi_attribute 23, 3
   7              		.eabi_attribute 24, 1
   8              		.eabi_attribute 25, 1
   9              		.eabi_attribute 26, 1
  10              		.eabi_attribute 30, 1
  11              		.eabi_attribute 34, 1
  12              		.eabi_attribute 18, 4
  13              		.file	"sys.c"
  14              		.text
  15              	.Ltext0:
  16              		.cfi_sections	.debug_frame
  17              		.section	.text.MX_SYS_Init,"ax",%progbits
  18              		.align	1
  19              		.global	MX_SYS_Init
  20              		.arch armv7e-m
  21              		.syntax unified
  22              		.thumb
  23              		.thumb_func
  24              		.fpu fpv4-sp-d16
  26              	MX_SYS_Init:
  27              	.LFB130:
  28              		.file 1 "Src/sys.c"
   1:Src/sys.c     **** /**
   2:Src/sys.c     ****   ******************************************************************************
   3:Src/sys.c     ****   * File Name          : SYS.c
   4:Src/sys.c     ****   * Description        : This file provides code for the configuration
   5:Src/sys.c     ****   *                      of the SYS instances.
   6:Src/sys.c     ****   ******************************************************************************
   7:Src/sys.c     ****   * @attention
   8:Src/sys.c     ****   *
   9:Src/sys.c     ****   * <h2><center>&copy; Copyright (c) 2020 STMicroelectronics.
  10:Src/sys.c     ****   * All rights reserved.</center></h2>
  11:Src/sys.c     ****   *
  12:Src/sys.c     ****   * This software component is licensed by ST under BSD 3-Clause license,
  13:Src/sys.c     ****   * the "License"; You may not use this file except in compliance with the
  14:Src/sys.c     ****   * License. You may obtain a copy of the License at:
  15:Src/sys.c     ****   *                        opensource.org/licenses/BSD-3-Clause
  16:Src/sys.c     ****   *
  17:Src/sys.c     ****   ******************************************************************************
  18:Src/sys.c     ****   */
  19:Src/sys.c     **** 
  20:Src/sys.c     **** /* Includes ------------------------------------------------------------------*/
  21:Src/sys.c     **** #include "sys.h"
  22:Src/sys.c     **** 
  23:Src/sys.c     **** /* USER CODE BEGIN 0 */
  24:Src/sys.c     **** 
  25:Src/sys.c     **** /* USER CODE END 0 */
  26:Src/sys.c     **** 
  27:Src/sys.c     **** /* SYS init function */
  28:Src/sys.c     **** void MX_SYS_Init(void)
  29:Src/sys.c     **** {
  29              		.loc 1 29 1 view -0
ARM GAS  C:\Users\ncer\AppData\Local\Temp\ccXukEpQ.s 			page 2


  30              		.cfi_startproc
  31              		@ args = 0, pretend = 0, frame = 0
  32              		@ frame_needed = 0, uses_anonymous_args = 0
  33              		@ link register save eliminated.
  30:Src/sys.c     **** 
  31:Src/sys.c     **** }
  34              		.loc 1 31 1 view .LVU1
  35 0000 7047     		bx	lr
  36              		.cfi_endproc
  37              	.LFE130:
  39              		.text
  40              	.Letext0:
  41              		.file 2 "c:\\arm_gcc\\arm-none-eabi\\include\\machine\\_default_types.h"
  42              		.file 3 "c:\\arm_gcc\\arm-none-eabi\\include\\sys\\_stdint.h"
  43              		.file 4 "Drivers/CMSIS/Include/core_cm4.h"
  44              		.file 5 "Drivers/CMSIS/Device/ST/STM32F4xx/Include/system_stm32f4xx.h"
  45              		.file 6 "Drivers/STM32F4xx_HAL_Driver/Inc/stm32f4xx_hal.h"
ARM GAS  C:\Users\ncer\AppData\Local\Temp\ccXukEpQ.s 			page 3


DEFINED SYMBOLS
                            *ABS*:00000000 sys.c
C:\Users\ncer\AppData\Local\Temp\ccXukEpQ.s:18     .text.MX_SYS_Init:00000000 $t
C:\Users\ncer\AppData\Local\Temp\ccXukEpQ.s:26     .text.MX_SYS_Init:00000000 MX_SYS_Init

NO UNDEFINED SYMBOLS
